###############################################################################
#                                                                             #
# IAR ELF Linker V6.50.1.4415/W32 for ARM               28/Oct/2016  09:57:51 #
# Copyright 2007-2012 IAR Systems AB.                                         #
#                                                                             #
#    Output file  =  D:\Project\[SVN] ECS-RD12-16 - WL9F Monitor -            #
#                    STM32_APP\TEST_AAVM\Project\Debug\Exe\WL9F_Monitor_APP.o #
#                    ut                                                       #
#    Map file     =  D:\Project\[SVN] ECS-RD12-16 - WL9F Monitor -            #
#                    STM32_APP\TEST_AAVM\Project\Debug\List\WL9F_Monitor_APP. #
#                    map                                                      #
#    Command line =  "D:\Project\[SVN] ECS-RD12-16 - WL9F Monitor -           #
#                    STM32_APP\TEST_AAVM\Platform\COMMON\SRC\endecoder.o"     #
#                    "D:\Project\[SVN] ECS-RD12-16 - WL9F Monitor -           #
#                    STM32_APP\TEST_AAVM\Project\Debug\Obj\Buzzer.o"          #
#                    "D:\Project\[SVN] ECS-RD12-16 - WL9F Monitor -           #
#                    STM32_APP\TEST_AAVM\Project\Debug\Obj\CAN_Control.o"     #
#                    "D:\Project\[SVN] ECS-RD12-16 - WL9F Monitor -           #
#                    STM32_APP\TEST_AAVM\Project\Debug\Obj\DPRAM_Control.o"   #
#                    "D:\Project\[SVN] ECS-RD12-16 - WL9F Monitor -           #
#                    STM32_APP\TEST_AAVM\Project\Debug\Obj\FM31X4.o"          #
#                    "D:\Project\[SVN] ECS-RD12-16 - WL9F Monitor -           #
#                    STM32_APP\TEST_AAVM\Project\Debug\Obj\GPIO_Control.o"    #
#                    "D:\Project\[SVN] ECS-RD12-16 - WL9F Monitor -           #
#                    STM32_APP\TEST_AAVM\Project\Debug\Obj\Hardware_Version.o #
#                    " "D:\Project\[SVN] ECS-RD12-16 - WL9F Monitor -         #
#                    STM32_APP\TEST_AAVM\Project\Debug\Obj\KeySwitch.o"       #
#                    "D:\Project\[SVN] ECS-RD12-16 - WL9F Monitor -           #
#                    STM32_APP\TEST_AAVM\Project\Debug\Obj\LAMP_Control.o"    #
#                    "D:\Project\[SVN] ECS-RD12-16 - WL9F Monitor -           #
#                    STM32_APP\TEST_AAVM\Project\Debug\Obj\LCD_Control.o"     #
#                    "D:\Project\[SVN] ECS-RD12-16 - WL9F Monitor -           #
#                    STM32_APP\TEST_AAVM\Project\Debug\Obj\M25PXX.o"          #
#                    "D:\Project\[SVN] ECS-RD12-16 - WL9F Monitor -           #
#                    STM32_APP\TEST_AAVM\Project\Debug\Obj\RTC.o"             #
#                    "D:\Project\[SVN] ECS-RD12-16 - WL9F Monitor -           #
#                    STM32_APP\TEST_AAVM\Project\Debug\Obj\System_Debug.o"    #
#                    "D:\Project\[SVN] ECS-RD12-16 - WL9F Monitor -           #
#                    STM32_APP\TEST_AAVM\Project\Debug\Obj\System_Init.o"     #
#                    "D:\Project\[SVN] ECS-RD12-16 - WL9F Monitor -           #
#                    STM32_APP\TEST_AAVM\Project\Debug\Obj\TW2835_Control.o"  #
#                    "D:\Project\[SVN] ECS-RD12-16 - WL9F Monitor -           #
#                    STM32_APP\TEST_AAVM\Project\Debug\Obj\TW2835_OSD.o"      #
#                    "D:\Project\[SVN] ECS-RD12-16 - WL9F Monitor -           #
#                    STM32_APP\TEST_AAVM\Project\Debug\Obj\TW8816_Control.o"  #
#                    "D:\Project\[SVN] ECS-RD12-16 - WL9F Monitor -           #
#                    STM32_APP\TEST_AAVM\Project\Debug\Obj\TW8816_OSD.o"      #
#                    "D:\Project\[SVN] ECS-RD12-16 - WL9F Monitor -           #
#                    STM32_APP\TEST_AAVM\Project\Debug\Obj\TW8832_Control.o"  #
#                    "D:\Project\[SVN] ECS-RD12-16 - WL9F Monitor -           #
#                    STM32_APP\TEST_AAVM\Project\Debug\Obj\TW8832_OSD.o"      #
#                    "D:\Project\[SVN] ECS-RD12-16 - WL9F Monitor -           #
#                    STM32_APP\TEST_AAVM\Project\Debug\Obj\TimeDelay.o"       #
#                    "D:\Project\[SVN] ECS-RD12-16 - WL9F Monitor -           #
#                    STM32_APP\TEST_AAVM\Project\Debug\Obj\UART_Control.o"    #
#                    "D:\Project\[SVN] ECS-RD12-16 - WL9F Monitor -           #
#                    STM32_APP\TEST_AAVM\Project\Debug\Obj\WL9F_Monitor_APP.o #
#                    " "D:\Project\[SVN] ECS-RD12-16 - WL9F Monitor -         #
#                    STM32_APP\TEST_AAVM\Project\Debug\Obj\flash_if.o"        #
#                    "D:\Project\[SVN] ECS-RD12-16 - WL9F Monitor -           #
#                    STM32_APP\TEST_AAVM\Project\Debug\Obj\main.o"            #
#                    "D:\Project\[SVN] ECS-RD12-16 - WL9F Monitor -           #
#                    STM32_APP\TEST_AAVM\Project\Debug\Obj\misc.o"            #
#                    "D:\Project\[SVN] ECS-RD12-16 - WL9F Monitor -           #
#                    STM32_APP\TEST_AAVM\Project\Debug\Obj\startup_stm32f4xx. #
#                    o" "D:\Project\[SVN] ECS-RD12-16 - WL9F Monitor -        #
#                    STM32_APP\TEST_AAVM\Project\Debug\Obj\stm324xg_eval.o"   #
#                    "D:\Project\[SVN] ECS-RD12-16 - WL9F Monitor -           #
#                    STM32_APP\TEST_AAVM\Project\Debug\Obj\stm32f4xx_adc.o"   #
#                    "D:\Project\[SVN] ECS-RD12-16 - WL9F Monitor -           #
#                    STM32_APP\TEST_AAVM\Project\Debug\Obj\stm32f4xx_can.o"   #
#                    "D:\Project\[SVN] ECS-RD12-16 - WL9F Monitor -           #
#                    STM32_APP\TEST_AAVM\Project\Debug\Obj\stm32f4xx_crc.o"   #
#                    "D:\Project\[SVN] ECS-RD12-16 - WL9F Monitor -           #
#                    STM32_APP\TEST_AAVM\Project\Debug\Obj\stm32f4xx_cryp.o"  #
#                    "D:\Project\[SVN] ECS-RD12-16 - WL9F Monitor -           #
#                    STM32_APP\TEST_AAVM\Project\Debug\Obj\stm32f4xx_cryp_aes #
#                    .o" "D:\Project\[SVN] ECS-RD12-16 - WL9F Monitor -       #
#                    STM32_APP\TEST_AAVM\Project\Debug\Obj\stm32f4xx_cryp_des #
#                    .o" "D:\Project\[SVN] ECS-RD12-16 - WL9F Monitor -       #
#                    STM32_APP\TEST_AAVM\Project\Debug\Obj\stm32f4xx_cryp_tde #
#                    s.o" "D:\Project\[SVN] ECS-RD12-16 - WL9F Monitor -      #
#                    STM32_APP\TEST_AAVM\Project\Debug\Obj\stm32f4xx_dac.o"   #
#                    "D:\Project\[SVN] ECS-RD12-16 - WL9F Monitor -           #
#                    STM32_APP\TEST_AAVM\Project\Debug\Obj\stm32f4xx_dbgmcu.o #
#                    " "D:\Project\[SVN] ECS-RD12-16 - WL9F Monitor -         #
#                    STM32_APP\TEST_AAVM\Project\Debug\Obj\stm32f4xx_dcmi.o"  #
#                    "D:\Project\[SVN] ECS-RD12-16 - WL9F Monitor -           #
#                    STM32_APP\TEST_AAVM\Project\Debug\Obj\stm32f4xx_dma.o"   #
#                    "D:\Project\[SVN] ECS-RD12-16 - WL9F Monitor -           #
#                    STM32_APP\TEST_AAVM\Project\Debug\Obj\stm32f4xx_exti.o"  #
#                    "D:\Project\[SVN] ECS-RD12-16 - WL9F Monitor -           #
#                    STM32_APP\TEST_AAVM\Project\Debug\Obj\stm32f4xx_flash.o" #
#                     "D:\Project\[SVN] ECS-RD12-16 - WL9F Monitor -          #
#                    STM32_APP\TEST_AAVM\Project\Debug\Obj\stm32f4xx_fsmc.o"  #
#                    "D:\Project\[SVN] ECS-RD12-16 - WL9F Monitor -           #
#                    STM32_APP\TEST_AAVM\Project\Debug\Obj\stm32f4xx_gpio.o"  #
#                    "D:\Project\[SVN] ECS-RD12-16 - WL9F Monitor -           #
#                    STM32_APP\TEST_AAVM\Project\Debug\Obj\stm32f4xx_hash.o"  #
#                    "D:\Project\[SVN] ECS-RD12-16 - WL9F Monitor -           #
#                    STM32_APP\TEST_AAVM\Project\Debug\Obj\stm32f4xx_hash_md5 #
#                    .o" "D:\Project\[SVN] ECS-RD12-16 - WL9F Monitor -       #
#                    STM32_APP\TEST_AAVM\Project\Debug\Obj\stm32f4xx_hash_sha #
#                    1.o" "D:\Project\[SVN] ECS-RD12-16 - WL9F Monitor -      #
#                    STM32_APP\TEST_AAVM\Project\Debug\Obj\stm32f4xx_i2c.o"   #
#                    "D:\Project\[SVN] ECS-RD12-16 - WL9F Monitor -           #
#                    STM32_APP\TEST_AAVM\Project\Debug\Obj\stm32f4xx_it.o"    #
#                    "D:\Project\[SVN] ECS-RD12-16 - WL9F Monitor -           #
#                    STM32_APP\TEST_AAVM\Project\Debug\Obj\stm32f4xx_iwdg.o"  #
#                    "D:\Project\[SVN] ECS-RD12-16 - WL9F Monitor -           #
#                    STM32_APP\TEST_AAVM\Project\Debug\Obj\stm32f4xx_pwr.o"   #
#                    "D:\Project\[SVN] ECS-RD12-16 - WL9F Monitor -           #
#                    STM32_APP\TEST_AAVM\Project\Debug\Obj\stm32f4xx_rcc.o"   #
#                    "D:\Project\[SVN] ECS-RD12-16 - WL9F Monitor -           #
#                    STM32_APP\TEST_AAVM\Project\Debug\Obj\stm32f4xx_rng.o"   #
#                    "D:\Project\[SVN] ECS-RD12-16 - WL9F Monitor -           #
#                    STM32_APP\TEST_AAVM\Project\Debug\Obj\stm32f4xx_rtc.o"   #
#                    "D:\Project\[SVN] ECS-RD12-16 - WL9F Monitor -           #
#                    STM32_APP\TEST_AAVM\Project\Debug\Obj\stm32f4xx_sdio.o"  #
#                    "D:\Project\[SVN] ECS-RD12-16 - WL9F Monitor -           #
#                    STM32_APP\TEST_AAVM\Project\Debug\Obj\stm32f4xx_spi.o"   #
#                    "D:\Project\[SVN] ECS-RD12-16 - WL9F Monitor -           #
#                    STM32_APP\TEST_AAVM\Project\Debug\Obj\stm32f4xx_syscfg.o #
#                    " "D:\Project\[SVN] ECS-RD12-16 - WL9F Monitor -         #
#                    STM32_APP\TEST_AAVM\Project\Debug\Obj\stm32f4xx_tim.o"   #
#                    "D:\Project\[SVN] ECS-RD12-16 - WL9F Monitor -           #
#                    STM32_APP\TEST_AAVM\Project\Debug\Obj\stm32f4xx_usart.o" #
#                     "D:\Project\[SVN] ECS-RD12-16 - WL9F Monitor -          #
#                    STM32_APP\TEST_AAVM\Project\Debug\Obj\stm32f4xx_wwdg.o"  #
#                    "D:\Project\[SVN] ECS-RD12-16 - WL9F Monitor -           #
#                    STM32_APP\TEST_AAVM\Project\Debug\Obj\system_stm32f4xx.o #
#                    " --redirect _Printf=_PrintfFull --redirect              #
#                    _Scanf=_ScanfFull -o "D:\Project\[SVN] ECS-RD12-16 -     #
#                    WL9F Monitor - STM32_APP\TEST_AAVM\Project\Debug\Exe\WL9 #
#                    F_Monitor_APP.out" --map "D:\Project\[SVN] ECS-RD12-16   #
#                    - WL9F Monitor - STM32_APP\TEST_AAVM\Project\Debug\List\ #
#                    WL9F_Monitor_APP.map" --config "D:\Project\[SVN]         #
#                    ECS-RD12-16 - WL9F Monitor -                             #
#                    STM32_APP\TEST_AAVM\Project\LinkerConfiguration\stm32f4x #
#                    x_flash.icf" --semihosting --entry __iar_program_start   #
#                    --vfe                                                    #
#                                                                             #
#                                                                             #
###############################################################################

*******************************************************************************
*** RUNTIME MODEL ATTRIBUTES
***

CppFlavor                     = *
__Heap_Handler                = Basic
__SystemLibrary               = DLib
__dlib_dynamic_initialization = normal


*******************************************************************************
*** PLACEMENT SUMMARY
***

"A1":  place at 0x08004000 { ro section .intvec };
"P1":  place in [from 0x08004000 to 0x080fffff] { ro };
"P2":  place in [from 0x20000000 to 0x2001ffff] { rw, block CSTACK, block HEAP };

  Section             Kind        Address    Size  Object
  -------             ----        -------    ----  ------
"A1":                                       0x188
  .intvec             ro code  0x08004000   0x188  startup_stm32f4xx.o [2]
                             - 0x08004188   0x188

"P1":                                      0xeffc
  .text               ro code  0x08004188  0x36d0  TW8816_OSD.o [2]
  .text               ro code  0x08007858   0x4ec  TW8816_Control.o [2]
  .text               ro code  0x08007d44   0x610  stm32f4xx_gpio.o [2]
  .text               ro code  0x08008354    0x7a  TimeDelay.o [2]
  .text               ro code  0x080083ce    0x22  zero_init3.o [6]
  .text               ro code  0x080083f0   0x188  TW8832_Control.o [2]
  .text               ro code  0x08008578  0x189c  TW2835_Control.o [2]
  .text               ro code  0x08009e14    0x34  main.o [2]
  .text               ro code  0x08009e48   0x460  TW2835_OSD.o [2]
  .text               ro code  0x0800a2a8   0xc50  WL9F_Monitor_APP.o [2]
  .text               ro code  0x0800aef8    0xe2  stm324xg_eval.o [2]
  .text               ro code  0x0800afdc   0x5e8  RTC.o [2]
  .text               ro code  0x0800b5c4   0x388  FM31X4.o [2]
  .text               ro code  0x0800b94c    0xe0  rand.o [4]
  .text               ro code  0x0800ba2c   0x1fc  UART_Control.o [2]
  .text               ro code  0x0800bc28    0xb8  GPIO_Control.o [2]
  .text               ro code  0x0800bce0    0xf0  flash_if.o [2]
  .text               ro code  0x0800bdd0   0x2d0  stm32f4xx_flash.o [2]
  .text               ro code  0x0800c0a0    0x9c  Buzzer.o [2]
  .text               ro code  0x0800c13c   0x2c0  KeySwitch.o [2]
  .text               ro code  0x0800c3fc   0x5ac  stm32f4xx_usart.o [2]
  .text               ro code  0x0800c9a8   0x65c  stm32f4xx_can.o [2]
  .text               ro code  0x0800d004   0x1f0  LAMP_Control.o [2]
  .text               ro code  0x0800d1f4   0x1fc  LCD_Control.o [2]
  .text               ro code  0x0800d3f0   0x1e0  endecoder.o [1]
  .text               ro code  0x0800d5d0   0x764  CAN_Control.o [2]
  .text               ro code  0x0800dd34   0x6ec  M25PXX.o [2]
  .text               ro code  0x0800e420    0xc4  Hardware_Version.o [2]
  .text               ro code  0x0800e4e4   0xb90  System_Init.o [2]
  .text               ro code  0x0800f074   0x828  stm32f4xx_it.o [2]
  .text               ro code  0x0800f89c   0x2f8  stm32f4xx_rcc.o [2]
  .text               ro code  0x0800fb94     0x2  xtls.o [4]
  .text               ro code  0x0800fb98   0x154  misc.o [2]
  .text               ro code  0x0800fcec   0x7e8  stm32f4xx_dma.o [2]
  .text               ro code  0x080104d4    0x76  ABImemcpy.o [6]
  .text               ro code  0x0801054c   0x628  stm32f4xx_tim.o [2]
  .text               ro code  0x08010b74     0x6  ABImemclr4.o [6]
  .text               ro code  0x08010b7a    0x14  CAN_Control.o [2]
  .text               ro code  0x08010b90    0x3a  ABImemset48.o [6]
  .text               ro code  0x08010bcc    0x66  ABImemset.o [6]
  .text               ro code  0x08010c34    0x62  memcmp.o [6]
  .text               ro code  0x08010c98   0x588  stm32f4xx_adc.o [2]
  .text               ro code  0x08011220     0x6  ABImemclr.o [6]
  .text               ro code  0x08011226   0x1a4  lz77_init.o [6]
  .text               ro code  0x080113ca     0x6  abort.o [4]
  .text               ro code  0x080113d0    0x14  exit.o [7]
  .text               ro code  0x080113e4    0xf0  system_stm32f4xx.o [2]
  .rodata             const    0x080114d4    0x40  endecoder.o [1]
  .text               ro code  0x08011514    0x28  data_init.o [6]
  .iar.init_table     const    0x0801153c    0x2c  - Linker created -
  .text               ro code  0x08011568    0x1a  fpinit_M.o [5]
  .text               ro code  0x08011584    0x16  cmain.o [6]
  .text               ro code  0x0801159a     0x4  low_level_init.o [4]
  .text               ro code  0x0801159e     0x4  exit.o [4]
  .text               ro code  0x080115a4     0xa  cexit.o [6]
  .rodata             const    0x080115b0    0x10  endecoder.o [1]
  .text               ro code  0x080115c0    0x10  startup_stm32f4xx.o [2]
  .text               ro code  0x080115d0     0xc  cstartup_M.o [6]
  .text               ro code  0x080115dc     0x4  startup_stm32f4xx.o [2]
  .text               ro code  0x080115e0     0x4  startup_stm32f4xx.o [2]
  .text               ro code  0x080115e4     0x4  startup_stm32f4xx.o [2]
  .text               ro code  0x080115e8     0x4  startup_stm32f4xx.o [2]
  .text               ro code  0x080115ec     0x4  startup_stm32f4xx.o [2]
  .text               ro code  0x080115f0     0x4  startup_stm32f4xx.o [2]
  .text               ro code  0x080115f4     0x4  startup_stm32f4xx.o [2]
  .text               ro code  0x080115f8     0x4  startup_stm32f4xx.o [2]
  .text               ro code  0x080115fc     0x4  startup_stm32f4xx.o [2]
  .text               ro code  0x08011600     0x4  startup_stm32f4xx.o [2]
  .text               ro code  0x08011604     0x4  startup_stm32f4xx.o [2]
  .text               ro code  0x08011608     0x4  startup_stm32f4xx.o [2]
  .text               ro code  0x0801160c     0x4  startup_stm32f4xx.o [2]
  .text               ro code  0x08011610     0x4  startup_stm32f4xx.o [2]
  .text               ro code  0x08011614     0x4  startup_stm32f4xx.o [2]
  .text               ro code  0x08011618     0x4  startup_stm32f4xx.o [2]
  .text               ro code  0x0801161c     0x4  startup_stm32f4xx.o [2]
  .text               ro code  0x08011620     0x4  startup_stm32f4xx.o [2]
  .text               ro code  0x08011624     0x4  startup_stm32f4xx.o [2]
  .text               ro code  0x08011628     0x4  startup_stm32f4xx.o [2]
  .text               ro code  0x0801162c     0x4  startup_stm32f4xx.o [2]
  .text               ro code  0x08011630     0x4  startup_stm32f4xx.o [2]
  .text               ro code  0x08011634     0x4  startup_stm32f4xx.o [2]
  .text               ro code  0x08011638     0x4  startup_stm32f4xx.o [2]
  .text               ro code  0x0801163c     0x4  startup_stm32f4xx.o [2]
  .text               ro code  0x08011640     0x4  startup_stm32f4xx.o [2]
  .text               ro code  0x08011644     0x4  startup_stm32f4xx.o [2]
  .text               ro code  0x08011648     0x4  startup_stm32f4xx.o [2]
  .text               ro code  0x0801164c     0x4  startup_stm32f4xx.o [2]
  .text               ro code  0x08011650     0x4  startup_stm32f4xx.o [2]
  .text               ro code  0x08011654     0x4  startup_stm32f4xx.o [2]
  .text               ro code  0x08011658     0x4  startup_stm32f4xx.o [2]
  .text               ro code  0x0801165c     0x4  startup_stm32f4xx.o [2]
  .text               ro code  0x08011660     0x4  startup_stm32f4xx.o [2]
  .text               ro code  0x08011664     0x4  startup_stm32f4xx.o [2]
  .text               ro code  0x08011668     0x4  startup_stm32f4xx.o [2]
  .text               ro code  0x0801166c     0x4  startup_stm32f4xx.o [2]
  .text               ro code  0x08011670     0x4  startup_stm32f4xx.o [2]
  .text               ro code  0x08011674     0x4  startup_stm32f4xx.o [2]
  .text               ro code  0x08011678     0x4  startup_stm32f4xx.o [2]
  .text               ro code  0x0801167c     0x4  startup_stm32f4xx.o [2]
  .text               ro code  0x08011680     0x4  startup_stm32f4xx.o [2]
  .text               ro code  0x08011684     0x4  startup_stm32f4xx.o [2]
  .text               ro code  0x08011688     0x4  startup_stm32f4xx.o [2]
  .text               ro code  0x0801168c     0x4  startup_stm32f4xx.o [2]
  .text               ro code  0x08011690     0x4  startup_stm32f4xx.o [2]
  .text               ro code  0x08011694     0x4  startup_stm32f4xx.o [2]
  .text               ro code  0x08011698     0x4  startup_stm32f4xx.o [2]
  .text               ro code  0x0801169c     0x4  startup_stm32f4xx.o [2]
  .text               ro code  0x080116a0     0x4  startup_stm32f4xx.o [2]
  .text               ro code  0x080116a4     0x4  startup_stm32f4xx.o [2]
  .text               ro code  0x080116a8     0x4  startup_stm32f4xx.o [2]
  .text               ro code  0x080116ac     0x4  startup_stm32f4xx.o [2]
  .text               ro code  0x080116b0     0x4  startup_stm32f4xx.o [2]
  .text               ro code  0x080116b4     0x4  startup_stm32f4xx.o [2]
  .text               ro code  0x080116b8     0x4  startup_stm32f4xx.o [2]
  .text               ro code  0x080116bc     0x4  startup_stm32f4xx.o [2]
  .text               ro code  0x080116c0     0x4  startup_stm32f4xx.o [2]
  .text               ro code  0x080116c4     0x4  startup_stm32f4xx.o [2]
  .text               ro code  0x080116c8     0x4  startup_stm32f4xx.o [2]
  .text               ro code  0x080116cc     0x4  startup_stm32f4xx.o [2]
  .text               ro code  0x080116d0     0x4  startup_stm32f4xx.o [2]
  .text               ro code  0x080116d4     0x4  startup_stm32f4xx.o [2]
  .text               ro code  0x080116d8     0x4  startup_stm32f4xx.o [2]
  .text               ro code  0x080116dc     0x4  startup_stm32f4xx.o [2]
  .text               ro code  0x080116e0     0x4  startup_stm32f4xx.o [2]
  .text               ro code  0x080116e4     0x4  startup_stm32f4xx.o [2]
  .text               ro code  0x080116e8     0x4  startup_stm32f4xx.o [2]
  .text               ro code  0x080116ec     0x4  startup_stm32f4xx.o [2]
  .text               ro code  0x080116f0     0x4  startup_stm32f4xx.o [2]
  .text               ro code  0x080116f4     0x4  startup_stm32f4xx.o [2]
  .text               ro code  0x080116f8     0x4  startup_stm32f4xx.o [2]
  .text               ro code  0x080116fc     0x4  startup_stm32f4xx.o [2]
  .text               ro code  0x08011700     0x4  startup_stm32f4xx.o [2]
  .text               ro code  0x08011704     0x4  startup_stm32f4xx.o [2]
  .text               ro code  0x08011708     0x4  startup_stm32f4xx.o [2]
  .text               ro code  0x0801170c     0x4  startup_stm32f4xx.o [2]
  .text               ro code  0x08011710     0x4  startup_stm32f4xx.o [2]
  .text               ro code  0x08011714     0x4  startup_stm32f4xx.o [2]
  .text               ro code  0x08011718     0x4  startup_stm32f4xx.o [2]
  .text               ro code  0x0801171c     0x4  startup_stm32f4xx.o [2]
  .text               ro code  0x08011720     0x4  startup_stm32f4xx.o [2]
  .text               ro code  0x08011724     0x4  startup_stm32f4xx.o [2]
  .text               ro code  0x08011728     0x4  startup_stm32f4xx.o [2]
  .text               ro code  0x0801172c     0x4  startup_stm32f4xx.o [2]
  .text               ro code  0x08011730     0x4  startup_stm32f4xx.o [2]
  .text               ro code  0x08011734     0x4  startup_stm32f4xx.o [2]
  .text               ro code  0x08011738     0x4  startup_stm32f4xx.o [2]
  .text               ro code  0x0801173c     0x4  startup_stm32f4xx.o [2]
  .text               ro code  0x08011740     0x4  startup_stm32f4xx.o [2]
  .text               ro code  0x08011744     0x4  startup_stm32f4xx.o [2]
  .rodata             const    0x08011748     0x0  zero_init3.o [6]
  .rodata             const    0x08011748     0x0  lz77_init.o [6]
  Initializer bytes   ro data  0x08011748  0x1a3b  <for P2 s0>
                             - 0x08013183  0xeffb

"P2", part 1 of 3:                         0xdbcc
  P2 s0                        0x20000000  0xdbcb  <Init block>
    .data             inited   0x20000000  0x71e8  TW8816_Control.o [2]
    .data             inited   0x200071e8  0x2718  TW2835_OSD.o [2]
    .data             inited   0x20009900  0x2718  TW2835_OSD.o [2]
    .data             inited   0x2000c018   0x41c  M25PXX.o [2]
    .data             inited   0x2000c434   0x404  TW8816_Control.o [2]
    .data             inited   0x2000c838   0x378  TW2835_OSD.o [2]
    .data             inited   0x2000cbb0   0x378  TW2835_OSD.o [2]
    .data             inited   0x2000cf28   0x378  TW2835_OSD.o [2]
    .data             inited   0x2000d2a0   0x378  TW2835_OSD.o [2]
    .data             inited   0x2000d618   0x200  TW2835_Control.o [2]
    .data             inited   0x2000d818   0x170  TW8832_Control.o [2]
    .data             inited   0x2000d988    0xd8  TW2835_Control.o [2]
    __DLIB_PERTHREAD  inited   0x2000da60    0x8c  rand.o [4]
    .data             inited   0x2000daec    0x50  TW2835_OSD.o [2]
    .data             inited   0x2000db3c    0x3c  KeySwitch.o [2]
    .data             inited   0x2000db78    0x14  UART_Control.o [2]
    .data             inited   0x2000db8c    0x14  system_stm32f4xx.o [2]
    .data             inited   0x2000dba0    0x10  stm32f4xx_rcc.o [2]
    .data             inited   0x2000dbb0     0xc  stm324xg_eval.o [2]
    .data             inited   0x2000dbbc     0x4  endecoder.o [1]
    .data             inited   0x2000dbc0     0x1  LCD_Control.o [2]
    .data             inited   0x2000dbc1     0x1  LCD_Control.o [2]
    .data             inited   0x2000dbc2     0x1  LCD_Control.o [2]
    .data             inited   0x2000dbc3     0x1  LCD_Control.o [2]
    .data             inited   0x2000dbc4     0x1  LCD_Control.o [2]
    .data             inited   0x2000dbc5     0x1  LCD_Control.o [2]
    .data             inited   0x2000dbc6     0x1  LCD_Control.o [2]
    .data             inited   0x2000dbc7     0x1  LCD_Control.o [2]
    .data             inited   0x2000dbc8     0x1  LCD_Control.o [2]
    .data             inited   0x2000dbc9     0x1  LCD_Control.o [2]
    .data             inited   0x2000dbca     0x1  LCD_Control.o [2]
                             - 0x2000dbcb  0xdbcb

"P2", part 2 of 3:                         0x2da4
  .bss                zero     0x2000dbcc  0x10f4  CAN_Control.o [2]
  .bss                zero     0x2000ecc0   0xc00  CAN_Control.o [2]
  .bss                zero     0x2000f8c0   0x408  WL9F_Monitor_APP.o [2]
  .bss                zero     0x2000fcc8   0x408  WL9F_Monitor_APP.o [2]
  .bss                zero     0x200100d0   0x330  stm32f4xx_it.o [2]
  .bss                zero     0x20010400   0x214  WL9F_Monitor_APP.o [2]
  .bss                zero     0x20010614   0x158  CAN_Control.o [2]
  .bss                zero     0x2001076c    0x6a  CAN_Control.o [2]
  .bss                zero     0x200107d6     0x2  Buzzer.o [2]
  .bss                zero     0x200107d8    0x5c  LAMP_Control.o [2]
  .bss                zero     0x20010834    0x3c  WL9F_Monitor_APP.o [2]
  .bss                zero     0x20010870    0x3a  WL9F_Monitor_APP.o [2]
  .bss                zero     0x200108aa     0x2  CAN_Control.o [2]
  .bss                zero     0x200108ac    0x28  WL9F_Monitor_APP.o [2]
  .bss                zero     0x200108d4    0x15  stm32f4xx_it.o [2]
  .bss                zero     0x200108ea     0x2  stm32f4xx_it.o [2]
  .bss                zero     0x200108ec    0x11  stm32f4xx_it.o [2]
  .bss                zero     0x200108fd     0x1  LAMP_Control.o [2]
  .bss                zero     0x200108fe     0x1  LAMP_Control.o [2]
  .bss                zero     0x200108ff     0x1  LCD_Control.o [2]
  .bss                zero     0x20010900    0x10  WL9F_Monitor_APP.o [2]
  .bss                zero     0x20010910    0x10  WL9F_Monitor_APP.o [2]
  .bss                zero     0x20010920     0xc  LAMP_Control.o [2]
  .bss                zero     0x2001092c     0x8  WL9F_Monitor_APP.o [2]
  .bss                zero     0x20010934     0x8  WL9F_Monitor_APP.o [2]
  .bss                zero     0x2001093c     0x8  WL9F_Monitor_APP.o [2]
  .bss                zero     0x20010948     0x8  stm32f4xx_it.o [2]
  .bss                zero     0x20010950     0x4  Hardware_Version.o [2]
  .bss                zero     0x20010954     0x4  TimeDelay.o [2]
  .bss                zero     0x20010958     0x4  WL9F_Monitor_APP.o [2]
  .bss                zero     0x2001095c     0x4  WL9F_Monitor_APP.o [2]
  .bss                zero     0x20010960     0x4  WL9F_Monitor_APP.o [2]
  .bss                zero     0x20010964     0x1  LCD_Control.o [2]
  .bss                zero     0x20010965     0x1  stm32f4xx_it.o [2]
  .bss                zero     0x20010966     0x1  stm32f4xx_it.o [2]
  .bss                zero     0x20010967     0x1  stm32f4xx_it.o [2]
  .bss                zero     0x20010968     0x1  stm32f4xx_it.o [2]
                             - 0x20010969  0x2d9d

"P2", part 3 of 3:                          0x800
  CSTACK                       0x20010970   0x800  <Block>
    CSTACK            uninit   0x20010970   0x800  <Block tail>
                             - 0x20011170   0x800


*******************************************************************************
*** INIT TABLE
***

          Address     Size
          -------     ----
Zero (__iar_zero_init3)
    1 destination range, total size 0x2d9d:
          0x2000dbcc  0x2d9d

Copy/lz77 (__iar_lz77_init3)
    1 source range, total size 0x1a3b (11% of destination):
          0x08011748  0x1a3b
    1 destination range, total size 0xdbcb:
          0x20000000  0xdbcb



*******************************************************************************
*** MODULE SUMMARY
***

    Module               ro code  ro data  rw data
    ------               -------  -------  -------
D:\Project\[SVN] ECS-RD12-16 - WL9F Monitor - STM32_APP\TEST_AAVM\Platform\COMMON\SRC: [1]
    endecoder.o              480       80        4
    ----------------------------------------------
    Total:                   480       80        4

D:\Project\[SVN] ECS-RD12-16 - WL9F Monitor - STM32_APP\TEST_AAVM\Project\Debug\Obj: [2]
    Buzzer.o                 156                 2
    CAN_Control.o          1 912             7 864
    FM31X4.o                 904
    GPIO_Control.o           184
    Hardware_Version.o       196                 4
    KeySwitch.o              704        8       60
    LAMP_Control.o           496               106
    LCD_Control.o            508        2       13
    M25PXX.o               1 772      126    1 052
    RTC.o                  1 512
    System_Init.o          2 960
    TW2835_Control.o       6 300       87      728
    TW2835_OSD.o           1 120    2 821   23 648
    TW8816_Control.o       1 260    3 602   30 188
    TW8816_OSD.o          14 032
    TW8832_Control.o         392       44      368
    TimeDelay.o              122                 4
    UART_Control.o           508        2       20
    WL9F_Monitor_APP.o     3 152             2 822
    flash_if.o               240
    main.o                    52
    misc.o                   340
    startup_stm32f4xx.o      772
    stm324xg_eval.o          226        2       12
    stm32f4xx_adc.o        1 416
    stm32f4xx_can.o        1 628
    stm32f4xx_dma.o        2 024
    stm32f4xx_flash.o        720
    stm32f4xx_gpio.o       1 552
    stm32f4xx_it.o         2 088               868
    stm32f4xx_rcc.o          760        2       16
    stm32f4xx_tim.o        1 576
    stm32f4xx_usart.o      1 452
    system_stm32f4xx.o       240        2       20
    ----------------------------------------------
    Total:                53 276    6 698   67 795

command line: [3]
    ----------------------------------------------
    Total:

dl7M_tlf.a: [4]
    abort.o                    6
    exit.o                     4
    low_level_init.o           4
    rand.o                   224       17      140
    xtls.o                     2
    ----------------------------------------------
    Total:                   240       17      140

m7M_tlv.a: [5]
    fpinit_M.o                26
    ----------------------------------------------
    Total:                    26

rt7M_tl.a: [6]
    ABImemclr.o                6
    ABImemclr4.o               6
    ABImemcpy.o              118
    ABImemset.o              102
    ABImemset48.o             58
    cexit.o                   10
    cmain.o                   22
    cstartup_M.o              12
    data_init.o               40
    lz77_init.o              420
    memcmp.o                  98
    zero_init3.o              34
    ----------------------------------------------
    Total:                   926

shb_l.a: [7]
    exit.o                    20
    ----------------------------------------------
    Total:                    20

    Gaps                      18        2        5
    Linker created                     44    2 048
--------------------------------------------------
    Grand Total:          54 986    6 841   69 992


*******************************************************************************
*** ENTRY LIST
***

Entry                      Address    Size  Type      Object
-----                      -------    ----  ----      ------
?main                   0x08011585          Code  Gb  cmain.o [6]
AAVMCommFlag            0x20010841     0x1  Data  Gb  WL9F_Monitor_APP.o [2]
AAVMMode                0x0800ad1d    0x10  Code  Gb  WL9F_Monitor_APP.o [2]
AAVM_Camera_Icon_Index  0x2000dbc4     0x1  Data  Gb  LCD_Control.o [2]
AAVM_CheckCnt           0x20010964     0x1  Data  Gb  LCD_Control.o [2]
AAVM_CheckFlag          0x2000dbc5     0x1  Data  Gb  LCD_Control.o [2]
AAVM_Icon_Index         0x2000dbc3     0x1  Data  Gb  LCD_Control.o [2]
AAVM_Menu_Flag          0x2000dbc6     0x1  Data  Gb  LCD_Control.o [2]
AAVM_Mode               0x2000dbc2     0x1  Data  Gb  LCD_Control.o [2]
AAVM_Warning_Front      0x2000dbc7     0x1  Data  Gb  LCD_Control.o [2]
AAVM_Warning_Left       0x2000dbc9     0x1  Data  Gb  LCD_Control.o [2]
AAVM_Warning_Rear       0x2000dbc8     0x1  Data  Gb  LCD_Control.o [2]
AAVM_Warning_Right      0x2000dbca     0x1  Data  Gb  LCD_Control.o [2]
ACK_NACK_SendToExynos   0x0800e0fd    0x1e  Code  Gb  M25PXX.o [2]
ADC3ConvertedValue      0x20010952     0x2  Data  Gb  Hardware_Version.o [2]
ADC_Cmd                 0x08010f33    0x4c  Code  Gb  stm32f4xx_adc.o [2]
ADC_CommonInit          0x08010e1b   0x118  Code  Gb  stm32f4xx_adc.o [2]
ADC_Configuration       0x0800e421    0x68  Code  Gb  Hardware_Version.o [2]
ADC_DeInit              0x08010c99    0x1a  Code  Gb  stm32f4xx_adc.o [2]
ADC_GetConversionValue  0x080110f7    0x2c  Code  Gb  stm32f4xx_adc.o [2]
ADC_GetFlagStatus       0x08011139    0x54  Code  Gb  stm32f4xx_adc.o [2]
ADC_IRQHandler          0x08011649          Code  Wk  startup_stm32f4xx.o [2]
ADC_Init                0x08010cb3   0x168  Code  Gb  stm32f4xx_adc.o [2]
ADC_RegularChannelConfig
                        0x08010f7f   0x148  Code  Gb  stm32f4xx_adc.o [2]
ADC_SoftwareStartConv   0x080110c7    0x30  Code  Gb  stm32f4xx_adc.o [2]
AHBPrescTable           0x2000db8c    0x10  Data  Gb  system_stm32f4xx.o [2]
APBAHBPrescTable        0x2000dba0    0x10  Data  Lc  stm32f4xx_rcc.o [2]
Attachment_Lock_flag    0x2001092b     0x1  Data  Gb  LAMP_Control.o [2]
Attachment_Unlock_flag  0x2001092a     0x1  Data  Gb  LAMP_Control.o [2]
AuthResult              0x200108bc     0x1  Data  Gb  WL9F_Monitor_APP.o [2]
AutoRide_Control_flag   0x20010929     0x1  Data  Gb  LAMP_Control.o [2]
BusFault_Handler        0x0800f10f     0x2  Code  Gb  stm32f4xx_it.o [2]
Buz1                    0x20010967     0x1  Data  Gb  stm32f4xx_it.o [2]
Buzzer_Init             0x0800c0a1    0x68  Code  Gb  Buzzer.o [2]
Buzzer_Off              0x0800c11b     0xa  Code  Gb  Buzzer.o [2]
Buzzer_On               0x0800c109     0xa  Code  Gb  Buzzer.o [2]
Buzzer_SendCnt          0x200107d6     0x1  Data  Gb  Buzzer.o [2]
Buzzer_SendFlag         0x200107d7     0x1  Data  Gb  Buzzer.o [2]
Buzzer_UnLimitOff       0x0800c125     0x8  Code  Gb  Buzzer.o [2]
Buzzer_UnLimitOn        0x0800c113     0x8  Code  Gb  Buzzer.o [2]
CAN1_RX0_IRQHandler     0x0800f1ad   0x134  Code  Gb  stm32f4xx_it.o [2]
CAN1_RX1_IRQHandler     0x08011655          Code  Wk  startup_stm32f4xx.o [2]
CAN1_SCE_IRQHandler     0x08011659          Code  Wk  startup_stm32f4xx.o [2]
CAN1_TX_IRQHandler      0x0801164d          Code  Wk  startup_stm32f4xx.o [2]
CAN2_RX0_IRQHandler     0x08011701          Code  Wk  startup_stm32f4xx.o [2]
CAN2_RX1_IRQHandler     0x08011705          Code  Wk  startup_stm32f4xx.o [2]
CAN2_SCE_IRQHandler     0x08011709          Code  Wk  startup_stm32f4xx.o [2]
CAN2_TX_IRQHandler      0x080116fd          Code  Wk  startup_stm32f4xx.o [2]
CANUpdateFlag           0x200100ef     0x1  Data  Gb  stm32f4xx_it.o [2]
CANUpdateSA             0x200100f0     0x1  Data  Gb  stm32f4xx_it.o [2]
CAN_COMInit             0x0800d5d1    0xb4  Code  Gb  CAN_Control.o [2]
CAN_DeInit              0x0800c9a9    0x46  Code  Gb  stm32f4xx_can.o [2]
CAN_FilterInit          0x0800cbb9   0x11a  Code  Gb  stm32f4xx_can.o [2]
CAN_ITConfig            0x0800cedd    0x94  Code  Gb  stm32f4xx_can.o [2]
CAN_Init                0x0800c9ef   0x1ca  Code  Gb  stm32f4xx_can.o [2]
CAN_Message_Ring_Buffer_Rx_Single
                        0x2000dbcc  0x10f4  Data  Gb  CAN_Control.o [2]
CAN_Message_Ring_Buffer_Tx_Single
                        0x2000ecc0   0xbf8  Data  Gb  CAN_Control.o [2]
CAN_RX                  0x0800d9cb    0xd4  Code  Gb  CAN_Control.o [2]
CAN_Receive             0x0800ce2b    0xb2  Code  Gb  stm32f4xx_can.o [2]
CAN_StructInit          0x0800ccd3    0x20  Code  Gb  stm32f4xx_can.o [2]
CAN_TX                  0x0800d92f    0x9c  Code  Gb  CAN_Control.o [2]
CAN_TX_Key_Status       0x0800dbb5    0x76  Code  Gb  CAN_Control.o [2]
CAN_Transmit            0x0800ccf3   0x138  Code  Gb  stm32f4xx_can.o [2]
CMD_ACK_SendToExynos    0x0800e11b    0x16  Code  Gb  M25PXX.o [2]
COM_RX_AF               0x0800afd8     0x2  Data  Gb  stm324xg_eval.o [2]
COM_RX_PIN              0x0800afc8     0x2  Data  Gb  stm324xg_eval.o [2]
COM_RX_PIN_SOURCE       0x0800afd0     0x2  Data  Gb  stm324xg_eval.o [2]
COM_RX_PORT             0x2000dbb8     0x4  Data  Gb  stm324xg_eval.o [2]
COM_RX_PORT_CLK         0x0800afc0     0x4  Data  Gb  stm324xg_eval.o [2]
COM_TX_AF               0x0800afd4     0x2  Data  Gb  stm324xg_eval.o [2]
COM_TX_PIN              0x0800afc4     0x2  Data  Gb  stm324xg_eval.o [2]
COM_TX_PIN_SOURCE       0x0800afcc     0x2  Data  Gb  stm324xg_eval.o [2]
COM_TX_PORT             0x2000dbb4     0x4  Data  Gb  stm324xg_eval.o [2]
COM_TX_PORT_CLK         0x0800afbc     0x4  Data  Gb  stm324xg_eval.o [2]
COM_USART               0x2000dbb0     0x4  Data  Gb  stm324xg_eval.o [2]
CPU_OK                  0x0800f09f    0x1c  Code  Gb  stm32f4xx_it.o [2]
CRYP_IRQHandler         0x0801173d          Code  Wk  startup_stm32f4xx.o [2]
CSTACK$$Base            0x20010970           --   Gb  - Linker created -
CSTACK$$Limit           0x20011170           --   Gb  - Linker created -
CameraCommFlag          0x20010840     0x1  Data  Gb  WL9F_Monitor_APP.o [2]
CameraMode              0x0800acfd    0x10  Code  Gb  WL9F_Monitor_APP.o [2]
Camera_CheckCnt         0x200108ff     0x1  Data  Gb  LCD_Control.o [2]
Camera_CheckFlag        0x2000dbc1     0x1  Data  Gb  LCD_Control.o [2]
Camera_IO_Init          0x0800ef43    0xe6  Code  Gb  System_Init.o [2]
Camera_Mode             0x2000dbc0     0x1  Data  Gb  LCD_Control.o [2]
CanRecvCnt              0x20010965     0x1  Data  Gb  stm32f4xx_it.o [2]
Change_UART4_for_Download
                        0x2000c028     0x1  Data  Gb  M25PXX.o [2]
CheckAAVM_Input         0x0800ad2d    0x10  Code  Gb  WL9F_Monitor_APP.o [2]
CheckCamera_Input       0x0800ad0d    0x10  Code  Gb  WL9F_Monitor_APP.o [2]
CheckResponseAuthentication
                        0x0800a8ab    0x58  Code  Gb  WL9F_Monitor_APP.o [2]
CheckResponseMsgComm    0x0800a903    0xa8  Code  Gb  WL9F_Monitor_APP.o [2]
Check_Hardware_Revision
                        0x0800e489    0x46  Code  Gb  Hardware_Version.o [2]
ClearCheckCamera        0x08008e95    0x84  Code  Gb  TW2835_Control.o [2]
CommErrCnt              0x200100f8     0x2  Data  Gb  stm32f4xx_it.o [2]
CompareAsterisk         0x20010628     0x1  Data  Gb  CAN_Control.o [2]
Crc16Table              0x0800e220   0x200  Data  Gb  M25PXX.o [2]
DCMI_IRQHandler         0x08011739          Code  Wk  startup_stm32f4xx.o [2]
DMA1_Stream0_IRQHandler
                        0x0801162d          Code  Wk  startup_stm32f4xx.o [2]
DMA1_Stream1_IRQHandler
                        0x08011631          Code  Wk  startup_stm32f4xx.o [2]
DMA1_Stream2_IRQHandler
                        0x08011635          Code  Wk  startup_stm32f4xx.o [2]
DMA1_Stream3_IRQHandler
                        0x08011639          Code  Wk  startup_stm32f4xx.o [2]
DMA1_Stream4_IRQHandler
                        0x0801163d          Code  Wk  startup_stm32f4xx.o [2]
DMA1_Stream5_IRQHandler
                        0x08011641          Code  Wk  startup_stm32f4xx.o [2]
DMA1_Stream6_IRQHandler
                        0x08011645          Code  Wk  startup_stm32f4xx.o [2]
DMA1_Stream7_IRQHandler
                        0x080116bd          Code  Wk  startup_stm32f4xx.o [2]
DMA2_Stream0_IRQHandler
                        0x080116e1          Code  Wk  startup_stm32f4xx.o [2]
DMA2_Stream1_IRQHandler
                        0x080116e5          Code  Wk  startup_stm32f4xx.o [2]
DMA2_Stream2_IRQHandler
                        0x080116e9          Code  Wk  startup_stm32f4xx.o [2]
DMA2_Stream3_IRQHandler
                        0x080116ed          Code  Wk  startup_stm32f4xx.o [2]
DMA2_Stream4_IRQHandler
                        0x080116f1          Code  Wk  startup_stm32f4xx.o [2]
DMA2_Stream5_IRQHandler
                        0x08011711          Code  Wk  startup_stm32f4xx.o [2]
DMA2_Stream6_IRQHandler
                        0x08011715          Code  Wk  startup_stm32f4xx.o [2]
DMA2_Stream7_IRQHandler
                        0x08011719          Code  Wk  startup_stm32f4xx.o [2]
DMA_ClearFlag           0x08010279    0xb8  Code  Gb  stm32f4xx_dma.o [2]
DMA_Cmd                 0x080100fb    0xb6  Code  Gb  stm32f4xx_dma.o [2]
DMA_DeInit              0x0800fced   0x1ba  Code  Gb  stm32f4xx_dma.o [2]
DMA_GetCurrDataCounter  0x080101b1    0x74  Code  Gb  stm32f4xx_dma.o [2]
DMA_ITConfig            0x08010335    0xca  Code  Gb  stm32f4xx_dma.o [2]
DMA_Init                0x0800fea7   0x254  Code  Gb  stm32f4xx_dma.o [2]
DMA_UART_SendFrame      0x0800bb73    0x3c  Code  Gb  UART_Control.o [2]
DebugMon_Handler        0x0800f115     0x2  Code  Gb  stm32f4xx_it.o [2]
DebugUART_Init          0x08009e1f    0x28  Code  Gb  main.o [2]
DownloadUDFont          0x08007c9b    0x7c  Code  Gb  TW8816_Control.o [2]
E2PROM_Save             0x20010838     0x1  Data  Gb  WL9F_Monitor_APP.o [2]
EEPROM_ByteRead         0x0800b661    0x50  Code  Gb  FM31X4.o [2]
EEPROM_ByteWrite        0x0800b605    0x5c  Code  Gb  FM31X4.o [2]
EEPROM_PortChange       0x0800b5c7    0x3e  Code  Gb  FM31X4.o [2]
EEPROM_Read             0x0800b71b    0x7e  Code  Gb  FM31X4.o [2]
EEPROM_Write            0x0800b6bf    0x5c  Code  Gb  FM31X4.o [2]
ESL_ACK_received        0x200108ba     0x1  Data  Gb  WL9F_Monitor_APP.o [2]
ESL_CTS_received        0x200108b9     0x1  Data  Gb  WL9F_Monitor_APP.o [2]
ESL_System              0x0800ab45    0x42  Code  Gb  WL9F_Monitor_APP.o [2]
ETH_IRQHandler          0x080116f5          Code  Wk  startup_stm32f4xx.o [2]
ETH_WKUP_IRQHandler     0x080116f9          Code  Wk  startup_stm32f4xx.o [2]
EXTI0_IRQHandler        0x08011619          Code  Wk  startup_stm32f4xx.o [2]
EXTI15_10_IRQHandler    0x080116a1          Code  Wk  startup_stm32f4xx.o [2]
EXTI1_IRQHandler        0x0801161d          Code  Wk  startup_stm32f4xx.o [2]
EXTI2_IRQHandler        0x08011621          Code  Wk  startup_stm32f4xx.o [2]
EXTI3_IRQHandler        0x08011625          Code  Wk  startup_stm32f4xx.o [2]
EXTI4_IRQHandler        0x08011629          Code  Wk  startup_stm32f4xx.o [2]
EXTI9_5_IRQHandler      0x0801165d          Code  Wk  startup_stm32f4xx.o [2]
FLASH_ClearFlag         0x0800bf73    0x1e  Code  Gb  stm32f4xx_flash.o [2]
FLASH_EraseSector       0x0800bdf7    0xb8  Code  Gb  stm32f4xx_flash.o [2]
FLASH_IRQHandler        0x08011611          Code  Wk  startup_stm32f4xx.o [2]
FLASH_If_Init           0x0800bce1    0x10  Code  Gb  flash_if.o [2]
FLASH_If_SMK_Erase      0x0800bcf1    0x18  Code  Gb  flash_if.o [2]
FLASH_Lock              0x0800bde9     0xe  Code  Gb  stm32f4xx_flash.o [2]
FLASH_ProgramByte       0x0800beaf    0xc4  Code  Gb  stm32f4xx_flash.o [2]
FLASH_Unlock            0x0800bdd1    0x18  Code  Gb  stm32f4xx_flash.o [2]
FLASH_WaitForLastOperation
                        0x0800bf91    0x74  Code  Gb  stm32f4xx_flash.o [2]
FM3164_Watchdog_Init    0x0800b799    0x6c  Code  Gb  FM31X4.o [2]
FPU_IRQHandler          0x08011745          Code  Wk  startup_stm32f4xx.o [2]
FSMC_IRQHandler         0x080116c1          Code  Wk  startup_stm32f4xx.o [2]
FatoryInit_Flag         0x200100ee     0x1  Data  Gb  stm32f4xx_it.o [2]
FeistelFun              0x0800d43d    0x3a  Code  Gb  endecoder.o [1]
File_Write_to_SFLAH     0x0800e141    0x72  Code  Gb  M25PXX.o [2]
Flag_ESL                0x200108b6     0x1  Data  Gb  WL9F_Monitor_APP.o [2]
Flag_SerialRxMsg        0x20010630     0x4  Data  Gb  CAN_Control.o [2]
Flag_St_Update          0x2000c029     0x1  Data  Gb  M25PXX.o [2]
Flag_TxE2pRomData       0x20010966     0x1  Data  Gb  stm32f4xx_it.o [2]
Flag_UartTxStart        0x20010834     0x1  Data  Gb  WL9F_Monitor_APP.o [2]
GPIO_Configuration      0x0800e5e1   0x456  Code  Gb  System_Init.o [2]
GPIO_Configuration_NotUsed
                        0x0800ea37   0x436  Code  Gb  System_Init.o [2]
GPIO_Init               0x08007d45   0x142  Code  Gb  stm32f4xx_gpio.o [2]
GPIO_PinAFConfig        0x080081b9    0xfc  Code  Gb  stm32f4xx_gpio.o [2]
GPIO_ReadInputData      0x08007f49    0x5c  Code  Gb  stm32f4xx_gpio.o [2]
GPIO_ReadInputDataBit   0x08007e87    0xc2  Code  Gb  stm32f4xx_gpio.o [2]
GPIO_ReadOutputData     0x08007fa5    0x5c  Code  Gb  stm32f4xx_gpio.o [2]
GPIO_ResetBits          0x08008059    0x58  Code  Gb  stm32f4xx_gpio.o [2]
GPIO_SetBits            0x08008001    0x58  Code  Gb  stm32f4xx_gpio.o [2]
GPIO_Write              0x0800816f    0x4a  Code  Gb  stm32f4xx_gpio.o [2]
GPIO_WriteBit           0x080080b1    0xbe  Code  Gb  stm32f4xx_gpio.o [2]
GetRandValue            0x0800a705    0x26  Code  Gb  WL9F_Monitor_APP.o [2]
GetSector               0x0800bd09    0x9c  Code  Lc  flash_if.o [2]
HASH_RNG_IRQHandler     0x08011741          Code  Wk  startup_stm32f4xx.o [2]
HardFault_Handler       0x0800f10b     0x2  Code  Gb  stm32f4xx_it.o [2]
Hardware_Revision       0x20010950     0x1  Data  Gb  Hardware_Version.o [2]
Hardware_Version_Init   0x0800e4d9     0xc  Code  Gb  Hardware_Version.o [2]
I2C1_ER_IRQHandler      0x08011681          Code  Wk  startup_stm32f4xx.o [2]
I2C1_EV_IRQHandler      0x0801167d          Code  Wk  startup_stm32f4xx.o [2]
I2C2DeviceInitialize    0x0800853d    0x22  Code  Gb  TW8832_Control.o [2]
I2C2DeviceInitialize_8816
                        0x08007b3b    0x20  Code  Gb  TW8816_Control.o [2]
I2C2_ByteRead_8816      0x08007a23   0x106  Code  Gb  TW8816_Control.o [2]
I2C2_ByteWrite          0x080084af    0x8e  Code  Gb  TW8832_Control.o [2]
I2C2_ByteWrite_8816     0x08007917    0x8e  Code  Gb  TW8816_Control.o [2]
I2C2_ER_IRQHandler      0x08011689          Code  Wk  startup_stm32f4xx.o [2]
I2C2_EV_IRQHandler      0x08011685          Code  Wk  startup_stm32f4xx.o [2]
I2C2_Read_8816          0x080079a5    0x7e  Code  Gb  TW8816_Control.o [2]
I2C2_Write              0x0800842f    0x80  Code  Gb  TW8832_Control.o [2]
I2C2_Write_8816         0x08007897    0x80  Code  Gb  TW8816_Control.o [2]
I2C3_ER_IRQHandler      0x08011725          Code  Wk  startup_stm32f4xx.o [2]
I2C3_EV_IRQHandler      0x08011721          Code  Wk  startup_stm32f4xx.o [2]
Iden                    0x200100e4     0x8  Data  Gb  stm32f4xx_it.o [2]
Identifier              0x20010614     0x8  Data  Gb  CAN_Control.o [2]
Illumination_Sig        0x200107e0     0x1  Data  Gb  LAMP_Control.o [2]
InStream_Read           0x08011227    0x22  Code  Lc  lz77_init.o [6]
InitCVBSAll             0x2000d818   0x170  Data  Gb  TW8832_Control.o [2]
InitCVBSAll_8816        0x2000c434   0x404  Data  Gb  TW8816_Control.o [2]
InitE2PROM              0x0800a2db   0x1ca  Code  Gb  WL9F_Monitor_APP.o [2]
InitOSDCol              0x0800a2a1     0x4  Code  Gb  TW2835_OSD.o [2]
InitPg2                 0x08008579   0x142  Code  Gb  TW2835_Control.o [2]
Init_RTC                0x0800a2a9    0x32  Code  Gb  WL9F_Monitor_APP.o [2]
Init_Smart_Key_valuable
                        0x0800a4a5    0x32  Code  Gb  WL9F_Monitor_APP.o [2]
Input_Key_Value         0x2000db3d     0x1  Data  Gb  KeySwitch.o [2]
JumpAddress_Cluster_App
                        0x20010864     0x4  Data  Gb  WL9F_Monitor_APP.o [2]
JumpAddress_Cluster_Iap
                        0x2001086c     0x4  Data  Gb  WL9F_Monitor_APP.o [2]
Jump_To_Application_Cluster_App
                        0x20010860     0x4  Data  Gb  WL9F_Monitor_APP.o [2]
Jump_To_Application_Cluster_Iap
                        0x20010868     0x4  Data  Gb  WL9F_Monitor_APP.o [2]
KEYSWITCH_INPUT         0x0800c3f0     0xc  Data  Gb  KeySwitch.o [2]
KEYSWITCH_INPUTPORT     0x2000db4c    0x18  Data  Gb  KeySwitch.o [2]
KEYSWITCH_SCANPORT      0x2000db40     0xc  Data  Gb  KeySwitch.o [2]
KeySwitchScan           0x2000db3c     0x1  Data  Gb  KeySwitch.o [2]
KeySwitchSendCount      0x2000db70     0x4  Data  Gb  KeySwitch.o [2]
KeySwitch_Init          0x0800c383    0x5c  Code  Gb  KeySwitch.o [2]
KeySwitch_Process       0x0800c207   0x17c  Code  Gb  KeySwitch.o [2]
KeySwitch_SendToEXYNOS  0x0800c13d    0x3e  Code  Gb  KeySwitch.o [2]
KeySwitch_Value         0x2001095c     0x4  Data  Gb  WL9F_Monitor_APP.o [2]
Key_Status              0x2000db3e     0x1  Data  Gb  KeySwitch.o [2]
LAMP_Control_Init       0x0800d1b3    0x30  Code  Gb  LAMP_Control.o [2]
LAMP_Update_Data        0x2001085c     0x4  Data  Gb  WL9F_Monitor_APP.o [2]
LCDBL_Init              0x0800d27f    0x92  Code  Gb  LCD_Control.o [2]
LCDBL_ONOFF             0x0800d20b    0x14  Code  Gb  LCD_Control.o [2]
LCDBL_PWMLEVEL          0x0800d3dc    0x14  Data  Gb  LCD_Control.o [2]
LCDBL_PWM_CONTROL       0x0800d22f    0x50  Code  Gb  LCD_Control.o [2]
LCDBL_PWM_LEVEL         0x0800d21f    0x10  Code  Gb  LCD_Control.o [2]
LCDOffCount             0x2001083d     0x1  Data  Gb  WL9F_Monitor_APP.o [2]
LCD_Control_Init        0x0800d395    0x26  Code  Gb  LCD_Control.o [2]
LCD_Display_Change      0x0800d311    0x48  Code  Gb  LCD_Control.o [2]
LCD_POWER_ONOFF         0x0800d201     0xa  Code  Gb  LCD_Control.o [2]
LED_POWER_ONOFF         0x0800d1f5     0xc  Code  Gb  LCD_Control.o [2]
Lamp_Update_State       0x0800d099   0x11a  Code  Gb  LAMP_Control.o [2]
Lamp_Update_System      0x0800d005    0x94  Code  Gb  LAMP_Control.o [2]
Lamp_Value              0x200108fe     0x1  Data  Gb  LAMP_Control.o [2]
Lamp_name               0x200108fd     0x1  Data  Gb  LAMP_Control.o [2]
Led_BL_TEMP             0x2001080c    0x28  Data  Gb  LAMP_Control.o [2]
Led_SIG_TEMP            0x200107e4    0x28  Data  Gb  LAMP_Control.o [2]
LoadTestToEEPROM        0x0800a539     0x6  Code  Gb  WL9F_Monitor_APP.o [2]
M25P32_Init             0x0800df71    0x2a  Code  Gb  M25PXX.o [2]
MakeCrc16               0x0800df4b    0x26  Code  Gb  M25PXX.o [2]
Make_Key_Status         0x0800c17b    0x52  Code  Gb  KeySwitch.o [2]
MemManage_Handler       0x0800f10d     0x2  Code  Gb  stm32f4xx_it.o [2]
MoniInfoData            0x20010890    0x18  Data  Gb  WL9F_Monitor_APP.o [2]
MonitorStatus_CAN_TX    0x0800da9f    0x48  Code  Gb  CAN_Control.o [2]
NMI_Handler             0x0800f109     0x2  Code  Gb  stm32f4xx_it.o [2]
NOP                     0x0800b5c5     0x2  Code  Gb  FM31X4.o [2]
NVIC_Init               0x0800fb99    0x8c  Code  Gb  misc.o [2]
NVIC_SetVectorTable     0x0800fc25    0x38  Code  Gb  misc.o [2]
OSUpdateCount           0x20010858     0x2  Data  Gb  WL9F_Monitor_APP.o [2]
OTG_FS_IRQHandler       0x0801170d          Code  Wk  startup_stm32f4xx.o [2]
OTG_FS_WKUP_IRQHandler  0x080116a9          Code  Wk  startup_stm32f4xx.o [2]
OTG_HS_EP1_IN_IRQHandler
                        0x0801172d          Code  Wk  startup_stm32f4xx.o [2]
OTG_HS_EP1_OUT_IRQHandler
                        0x08011729          Code  Wk  startup_stm32f4xx.o [2]
OTG_HS_IRQHandler       0x08011735          Code  Wk  startup_stm32f4xx.o [2]
OTG_HS_WKUP_IRQHandler  0x08011731          Code  Wk  startup_stm32f4xx.o [2]
Old_LAMP_Update_Data    0x20010960     0x4  Data  Gb  WL9F_Monitor_APP.o [2]
OutStream_Write         0x08011249    0x40  Code  Lc  lz77_init.o [6]
PCA2119_BIT_READ        0x0800b4a5    0x3e  Code  Gb  RTC.o [2]
PCA2119_BIT_WRITE       0x0800b45f    0x46  Code  Gb  RTC.o [2]
PCA2119_BYTE_READ       0x0800b519    0x52  Code  Gb  RTC.o [2]
PCA2119_BYTE_WRITE      0x0800b4ed    0x2c  Code  Gb  RTC.o [2]
PCA2119_START           0x0800b3d3    0x52  Code  Gb  RTC.o [2]
PCA2119_STOP            0x0800b425    0x3a  Code  Gb  RTC.o [2]
PVD_IRQHandler          0x08011605          Code  Wk  startup_stm32f4xx.o [2]
Password_Certification_Result
                        0x200108bb     0x1  Data  Gb  WL9F_Monitor_APP.o [2]
PendSV_Handler          0x0800f117     0x2  Code  Gb  stm32f4xx_it.o [2]
Port_Change             0x08008e5b    0x3a  Code  Gb  TW2835_Control.o [2]
PwrOffCnt               0x20010839     0x1  Data  Gb  WL9F_Monitor_APP.o [2]
RCC_AHB1PeriphClockCmd  0x0800f949    0x44  Code  Gb  stm32f4xx_rcc.o [2]
RCC_AHB3PeriphClockCmd  0x0800f98d    0x42  Code  Gb  stm32f4xx_rcc.o [2]
RCC_APB1PeriphClockCmd  0x0800f9cf    0x44  Code  Gb  stm32f4xx_rcc.o [2]
RCC_APB1PeriphResetCmd  0x0800fa57    0x44  Code  Gb  stm32f4xx_rcc.o [2]
RCC_APB2PeriphClockCmd  0x0800fa13    0x44  Code  Gb  stm32f4xx_rcc.o [2]
RCC_APB2PeriphResetCmd  0x0800fa9b    0x42  Code  Gb  stm32f4xx_rcc.o [2]
RCC_ClockSecuritySystemCmd
                        0x0800f89d    0x1e  Code  Gb  stm32f4xx_rcc.o [2]
RCC_Configuration       0x0800e4e5    0xfc  Code  Gb  System_Init.o [2]
RCC_GetClocksFreq       0x0800f8bb    0x8e  Code  Gb  stm32f4xx_rcc.o [2]
RCC_IRQHandler          0x08011615          Code  Wk  startup_stm32f4xx.o [2]
READ_FM31xx_RTC_Companion
                        0x0800b889    0x7a  Code  Gb  FM31X4.o [2]
READ_RTC                0x0800b35d    0x76  Code  Gb  RTC.o [2]
READ_RTC_Date           0x0800b12b    0x1c  Code  Gb  RTC.o [2]
READ_RTC_Day            0x0800b17d    0x1e  Code  Gb  RTC.o [2]
READ_RTC_Hour           0x0800b1d9    0x18  Code  Gb  RTC.o [2]
READ_RTC_Minute         0x0800b243    0x1e  Code  Gb  RTC.o [2]
READ_RTC_Month          0x0800b0c5    0x20  Code  Gb  RTC.o [2]
READ_RTC_Second         0x0800b29f    0x1e  Code  Gb  RTC.o [2]
READ_RTC_Year           0x0800b051    0x1e  Code  Gb  RTC.o [2]
ROMFONTDATA             0x20000000  0x71e8  Data  Gb  TW8816_Control.o [2]
RTC_Alarm_IRQHandler    0x080116a5          Code  Wk  startup_stm32f4xx.o [2]
RTC_PortChange          0x0800afdd    0x34  Code  Gb  RTC.o [2]
RTC_WKUP_IRQHandler     0x0801160d          Code  Wk  startup_stm32f4xx.o [2]
ReadAsicByte            0x08008c39   0x120  Code  Gb  TW2835_Control.o [2]
ReadAsicOSDMemWr        0x08008d59   0x102  Code  Gb  TW2835_Control.o [2]
Read_File_From_SFLAH    0x0800e1b3    0x5e  Code  Gb  M25PXX.o [2]
Rear_wiper_Key_Status   0x2000db74     0x4  Data  Gb  KeySwitch.o [2]
RecvMachInfo            0x20010626     0x1  Data  Gb  CAN_Control.o [2]
Region$$Table$$Base     0x0801153c           --   Gb  - Linker created -
Region$$Table$$Limit    0x08011568           --   Gb  - Linker created -
Register_Table_Page0    0x2000d618   0x100  Data  Gb  TW2835_Control.o [2]
Register_Table_Page1    0x2000d718   0x100  Data  Gb  TW2835_Control.o [2]
RequestFirstAuthentication
                        0x0800a72b    0x8a  Code  Gb  WL9F_Monitor_APP.o [2]
RequestSMKElimination   0x0800a839    0x28  Code  Gb  WL9F_Monitor_APP.o [2]
RequestSMKRegistration  0x0800a80f    0x2a  Code  Gb  WL9F_Monitor_APP.o [2]
RequestSecondAuthentication
                        0x0800a7b5    0x5a  Code  Gb  WL9F_Monitor_APP.o [2]
Reset_Handler           0x080115c1          Code  Wk  startup_stm32f4xx.o [2]
Ride_Control_flag       0x20010928     0x1  Data  Gb  LAMP_Control.o [2]
RxMsg                   0x200100d0    0x14  Data  Gb  stm32f4xx_it.o [2]
SDIO_IRQHandler         0x080116c5          Code  Wk  startup_stm32f4xx.o [2]
SMKSuccess              0x200108bd     0x1  Data  Gb  WL9F_Monitor_APP.o [2]
SMK_Msg_Send            0x200108be     0x1  Data  Gb  WL9F_Monitor_APP.o [2]
SMK_SendToExynos        0x0800c1cd    0x2c  Code  Gb  KeySwitch.o [2]
SMK_Tag_Count           0x200108bf     0x1  Data  Gb  WL9F_Monitor_APP.o [2]
SPI1_IRQHandler         0x0801168d          Code  Wk  startup_stm32f4xx.o [2]
SPI2_IRQHandler         0x08011691          Code  Wk  startup_stm32f4xx.o [2]
SPI3_IRQHandler         0x080116cd          Code  Wk  startup_stm32f4xx.o [2]
SPI_FLASH_BufferRead    0x0800de7d    0x4a  Code  Gb  M25PXX.o [2]
SPI_FLASH_BulkErase     0x0800dd8d    0x40  Code  Gb  M25PXX.o [2]
SPI_FLASH_PageWrite     0x0800ddcd    0xb0  Code  Gb  M25PXX.o [2]
SPI_FLASH_SectorErase   0x0800dd35    0x58  Code  Gb  M25PXX.o [2]
SPI_FLASH_WaitForWriteEnd
                        0x0800df1f    0x1e  Code  Gb  M25PXX.o [2]
SPI_Transfer            0x0800dec7    0x58  Code  Gb  M25PXX.o [2]
STM32_Update            0x0800df9b   0x162  Code  Gb  M25PXX.o [2]
STM_EVAL_COMInit        0x0800aef9    0xbe  Code  Gb  stm324xg_eval.o [2]
ST_Update               0x2001083b     0x1  Data  Gb  WL9F_Monitor_APP.o [2]
SVC_Handler             0x0800f113     0x2  Code  Gb  stm32f4xx_it.o [2]
SaveE2PROM1             0x20010900     0x4  Data  Gb  WL9F_Monitor_APP.o [2]
SaveE2PROM2             0x20010904     0x4  Data  Gb  WL9F_Monitor_APP.o [2]
SaveE2PROM3             0x20010908     0x4  Data  Gb  WL9F_Monitor_APP.o [2]
SaveE2PROMoniInfo       0x2001090c     0x4  Data  Gb  WL9F_Monitor_APP.o [2]
SaveSMKUseToEEPROM      0x0800a529     0x8  Code  Gb  WL9F_Monitor_APP.o [2]
SaveSmartKeyUse         0x2001083f     0x1  Data  Gb  WL9F_Monitor_APP.o [2]
SaveTestToEEPROM        0x0800a531     0x8  Code  Gb  WL9F_Monitor_APP.o [2]
Seed_Request_CAN_TX     0x0800daed    0x50  Code  Gb  CAN_Control.o [2]
Seed_received           0x200108b8     0x1  Data  Gb  WL9F_Monitor_APP.o [2]
Seed_request            0x200108b7     0x1  Data  Gb  WL9F_Monitor_APP.o [2]
SendEEPROMDataCnt       0x200108e8     0x1  Data  Gb  stm32f4xx_it.o [2]
SendMultiPacketData_ESL
                        0x0800dc2b    0xaa  Code  Gb  CAN_Control.o [2]
SendMultiPacketRTS_ESL  0x0800db3d    0x78  Code  Gb  CAN_Control.o [2]
SendRTCnt               0x20010836     0x1  Data  Gb  WL9F_Monitor_APP.o [2]
SendSMKAuthResult       0x0800a691    0x12  Code  Gb  WL9F_Monitor_APP.o [2]
SendSMKMsgResult        0x0800a6a9    0x1c  Code  Gb  WL9F_Monitor_APP.o [2]
SendTime_E2PROM         0x20010835     0x1  Data  Gb  WL9F_Monitor_APP.o [2]
SendTo_E2PROM           0x0800f0bb    0x3c  Code  Gb  stm32f4xx_it.o [2]
SerialMsgRTC            0x20010910    0x10  Data  Gb  WL9F_Monitor_APP.o [2]
SerialTXIndex           0x20010948     0x8  Data  Gb  stm32f4xx_it.o [2]
Serial_BaudRate         0x0800bc08    0x14  Data  Gb  UART_Control.o [2]
Serial_IRQ_Channel      0x0800bc1c     0xc  Data  Gb  UART_Control.o [2]
Serial_USART            0x2000db78    0x14  Data  Gb  UART_Control.o [2]
SetBlankIcon            0x08006dc9   0xa90  Code  Gb  TW8816_OSD.o [2]
SetChange2DBirdView     0x08006399   0x2c6  Code  Gb  TW8816_OSD.o [2]
SetChange3DBirdView     0x08005dff   0x2c6  Code  Gb  TW8816_OSD.o [2]
SetChange3DLeftView     0x0800665f   0x2c6  Code  Gb  TW8816_OSD.o [2]
SetChange3DRearView     0x080060c9   0x2c2  Code  Gb  TW8816_OSD.o [2]
SetChange3DRightView    0x08006925   0x2c6  Code  Gb  TW8816_OSD.o [2]
SetChange4ChannelView   0x08005b39   0x2c6  Code  Gb  TW8816_OSD.o [2]
SetChangeBackView       0x08004cf3   0x4ba  Code  Gb  TW8816_OSD.o [2]
SetChangeFrontView      0x0800483b   0x4b8  Code  Gb  TW8816_OSD.o [2]
SetChangeLeftView       0x080051b1   0x4ba  Code  Gb  TW8816_OSD.o [2]
SetChangeRightView      0x08005679   0x4ba  Code  Gb  TW8816_OSD.o [2]
SetChangeSpeakerIcon    0x08006beb   0x1d2  Code  Gb  TW8816_OSD.o [2]
SetChangeXIcon          0x08004707   0x134  Code  Gb  TW8816_OSD.o [2]
SetDisplayCH1           0x080041ab    0x76  Code  Gb  TW8816_OSD.o [2]
SetDisplayCH2           0x08004221    0x76  Code  Gb  TW8816_OSD.o [2]
SetDisplayCH3           0x08004297    0x76  Code  Gb  TW8816_OSD.o [2]
SetDisplayCH4           0x0800430d    0x76  Code  Gb  TW8816_OSD.o [2]
SetDisplayCHBlank       0x08004383    0x6e  Code  Gb  TW8816_OSD.o [2]
SetDisplayIcon          0x080046cd    0x3a  Code  Gb  TW8816_OSD.o [2]
SetDisplayNosignal      0x080043f1   0x166  Code  Gb  TW8816_OSD.o [2]
SetDisplayNosignalBlank
                        0x08004557   0x15c  Code  Gb  TW8816_OSD.o [2]
SetFontOSDWindow        0x08004189    0x22  Code  Gb  TW8816_OSD.o [2]
SetOSDCol               0x0800a259    0x48  Code  Gb  TW2835_OSD.o [2]
SetTagCmd               0x0800a6e9    0x1c  Code  Gb  WL9F_Monitor_APP.o [2]
SetTagLevel             0x0800a6c5    0x24  Code  Gb  WL9F_Monitor_APP.o [2]
SmartKeyAuthentication  0x0800a9b5   0x190  Code  Gb  WL9F_Monitor_APP.o [2]
SmartKeyUse             0x2001083e     0x1  Data  Gb  WL9F_Monitor_APP.o [2]
Stm32_Update_CMD        0x200100ed     0x1  Data  Gb  stm32f4xx_it.o [2]
SysTick_Handler         0x0800f119    0x94  Code  Gb  stm32f4xx_it.o [2]
SystemCoreClock         0x2000db9c     0x4  Data  Gb  system_stm32f4xx.o [2]
SystemInit              0x080113e5    0xcc  Code  Gb  system_stm32f4xx.o [2]
SystemReset             0x20010837     0x1  Data  Gb  WL9F_Monitor_APP.o [2]
System_CheckPowerIG     0x0800a53f   0x152  Code  Gb  WL9F_Monitor_APP.o [2]
System_Configuration    0x0800ee6d    0x1a  Code  Gb  System_Init.o [2]
System_Initialize       0x0800ee87    0x70  Code  Gb  System_Init.o [2]
System_Variable_Init    0x0800eef7    0x4c  Code  Gb  System_Init.o [2]
TAMP_STAMP_IRQHandler   0x08011609          Code  Wk  startup_stm32f4xx.o [2]
TIM1_BRK_TIM9_IRQHandler
                        0x08011661          Code  Wk  startup_stm32f4xx.o [2]
TIM1_CC_IRQHandler      0x0801166d          Code  Wk  startup_stm32f4xx.o [2]
TIM1_TRG_COM_TIM11_IRQHandler
                        0x08011669          Code  Wk  startup_stm32f4xx.o [2]
TIM1_UP_TIM10_IRQHandler
                        0x08011665          Code  Wk  startup_stm32f4xx.o [2]
TIM2_IRQHandler         0x08011671          Code  Wk  startup_stm32f4xx.o [2]
TIM3_IRQHandler         0x08011675          Code  Wk  startup_stm32f4xx.o [2]
TIM4_IRQHandler         0x0800f2e1    0x56  Code  Gb  stm32f4xx_it.o [2]
TIM5_IRQHandler         0x0800f337    0x14  Code  Gb  stm32f4xx_it.o [2]
TIM6_DAC_IRQHandler     0x080116d9          Code  Wk  startup_stm32f4xx.o [2]
TIM7_IRQHandler         0x080116dd          Code  Wk  startup_stm32f4xx.o [2]
TIM8_BRK_TIM12_IRQHandler
                        0x080116ad          Code  Wk  startup_stm32f4xx.o [2]
TIM8_CC_IRQHandler      0x080116b9          Code  Wk  startup_stm32f4xx.o [2]
TIM8_TRG_COM_TIM14_IRQHandler
                        0x080116b5          Code  Wk  startup_stm32f4xx.o [2]
TIM8_UP_TIM13_IRQHandler
                        0x080116b1          Code  Wk  startup_stm32f4xx.o [2]
TIM_ClearITPendingBit   0x08010a39    0x7e  Code  Gb  stm32f4xx_tim.o [2]
TIM_Cmd                 0x080106ad    0xa6  Code  Gb  stm32f4xx_tim.o [2]
TIM_CtrlPWMOutputs      0x08010921    0x42  Code  Gb  stm32f4xx_tim.o [2]
TIM_ITConfig            0x08010969    0xa2  Code  Gb  stm32f4xx_tim.o [2]
TIM_OC1Init             0x08010759   0x18a  Code  Gb  stm32f4xx_tim.o [2]
TIM_TimeBaseInit        0x0801054d   0x12a  Code  Gb  stm32f4xx_tim.o [2]
TW2835_CameraMode       0x080090cd   0xcfe  Code  Gb  TW2835_Control.o [2]
TW2835_CheckCamera_Input
                        0x08008f19   0x1a4  Code  Gb  TW2835_Control.o [2]
TW2835_Control_Init     0x08009dcb    0x30  Code  Gb  TW2835_Control.o [2]
TW8816_AAVMMode         0x08007c6b    0x30  Code  Gb  TW8816_Control.o [2]
TW8816_CameraMode       0x08007b79    0xc6  Code  Gb  TW8816_Control.o [2]
TW8816_CheckAAVM_Input  0x08007c3f    0x24  Code  Gb  TW8816_Control.o [2]
TW8816_CheckCamera_Input
                        0x08007b5b    0x1e  Code  Gb  TW8816_Control.o [2]
TW8816_PortChange       0x08007859    0x3e  Code  Gb  TW8816_Control.o [2]
TW8832_Control_Init     0x08008567     0x2  Code  Gb  TW8832_Control.o [2]
TW8832_PortChange       0x080083f1    0x3e  Code  Gb  TW8832_Control.o [2]
Temp                    0x2000d98a     0x1  Data  Gb  TW2835_Control.o [2]
Temp_Cnt                0x2000db6c     0x4  Data  Gb  KeySwitch.o [2]
Temp_Value1             0x2000db64     0x4  Data  Gb  KeySwitch.o [2]
Temp_Value3             0x2000db68     0x4  Data  Gb  KeySwitch.o [2]
TimeDelay               0x08008363     0x2  Code  Gb  TimeDelay.o [2]
TimeDelay_Decrement     0x08008355     0xe  Code  Gb  TimeDelay.o [2]
TimeDelay_msec          0x080083a3    0x2c  Code  Gb  TimeDelay.o [2]
TimeDelay_usec          0x0800837d    0x26  Code  Gb  TimeDelay.o [2]
TimingDelay             0x20010954     0x4  Data  Lc  TimeDelay.o [2]
TotMsgSize              0x200108ea     0x2  Data  Gb  stm32f4xx_it.o [2]
TotPacketNum            0x200100f6     0x2  Data  Gb  stm32f4xx_it.o [2]
TotalRequestCnt         0x20010627     0x1  Data  Gb  CAN_Control.o [2]
UART4_IRQHandler        0x0800f3a9    0x3c  Code  Gb  stm32f4xx_it.o [2]
UART4_Receive_CMD       0x0800f3e5   0x326  Code  Gb  stm32f4xx_it.o [2]
UART4_Receive_File      0x0800f70b    0x72  Code  Gb  stm32f4xx_it.o [2]
UART4_transmit_CMD      0x0800f77d    0x6e  Code  Gb  stm32f4xx_it.o [2]
UART5_IRQHandler        0x080116d5          Code  Wk  startup_stm32f4xx.o [2]
USART1_IRQHandler       0x08011695          Code  Wk  startup_stm32f4xx.o [2]
USART2_IRQHandler       0x0800f34b    0x5e  Code  Gb  stm32f4xx_it.o [2]
USART3_IRQHandler       0x0801169d          Code  Wk  startup_stm32f4xx.o [2]
USART6_IRQHandler       0x0801171d          Code  Wk  startup_stm32f4xx.o [2]
USART_COMInit           0x0800ba2d    0x7a  Code  Gb  UART_Control.o [2]
USART_COMInit_DMA       0x0800baa7    0xcc  Code  Gb  UART_Control.o [2]
USART_Cmd               0x0800c58b    0x68  Code  Gb  stm32f4xx_usart.o [2]
USART_DMACmd            0x0800c6b1    0x7a  Code  Gb  stm32f4xx_usart.o [2]
USART_GetITStatus       0x0800c82d    0xe2  Code  Gb  stm32f4xx_usart.o [2]
USART_ITConfig          0x0800c735    0xf8  Code  Gb  stm32f4xx_usart.o [2]
USART_Init              0x0800c3fd   0x18e  Code  Gb  stm32f4xx_usart.o [2]
USART_ReceiveData       0x0800c64f    0x48  Code  Gb  stm32f4xx_usart.o [2]
USART_SendData          0x0800c5f3    0x5c  Code  Gb  stm32f4xx_usart.o [2]
USARTx_EXYNOS           0x0800bbaf    0x3a  Code  Gb  UART_Control.o [2]
Uart2_RxMsg_AS_Phone_Data
                        0x2001064c     0x8  Data  Gb  CAN_Control.o [2]
Uart2_RxMsg_Multi_145   0x2001074c    0x18  Data  Gb  CAN_Control.o [2]
Uart2_RxMsg_Multi_161   0x2001068c    0x10  Data  Gb  CAN_Control.o [2]
Uart2_RxMsg_Multi_23    0x200106ec    0x10  Data  Gb  CAN_Control.o [2]
Uart2_RxMsg_Multi_69    0x2001066c    0x18  Data  Gb  CAN_Control.o [2]
Uart2_RxMsg_Save_Data1  0x2001063c     0x8  Data  Gb  CAN_Control.o [2]
Uart2_RxMsg_Save_Data2  0x20010644     0x8  Data  Gb  CAN_Control.o [2]
Uart2_RxMsg_Single_101  0x2001070c     0x8  Data  Gb  CAN_Control.o [2]
Uart2_RxMsg_Single_104  0x20010714     0x8  Data  Gb  CAN_Control.o [2]
Uart2_RxMsg_Single_105  0x2001071c     0x8  Data  Gb  CAN_Control.o [2]
Uart2_RxMsg_Single_109  0x20010724     0x8  Data  Gb  CAN_Control.o [2]
Uart2_RxMsg_Single_11   0x200106d4     0x8  Data  Gb  CAN_Control.o [2]
Uart2_RxMsg_Single_12   0x200106dc     0x8  Data  Gb  CAN_Control.o [2]
Uart2_RxMsg_Single_121  0x2001072c     0x8  Data  Gb  CAN_Control.o [2]
Uart2_RxMsg_Single_123  0x20010734     0x8  Data  Gb  CAN_Control.o [2]
Uart2_RxMsg_Single_160  0x20010684     0x8  Data  Gb  CAN_Control.o [2]
Uart2_RxMsg_Single_162  0x2001061c     0x8  Data  Gb  CAN_Control.o [2]
Uart2_RxMsg_Single_163  0x2001069c     0x8  Data  Gb  CAN_Control.o [2]
Uart2_RxMsg_Single_174  0x200106a4     0x8  Data  Gb  CAN_Control.o [2]
Uart2_RxMsg_Single_201  0x2001073c     0x8  Data  Gb  CAN_Control.o [2]
Uart2_RxMsg_Single_203  0x20010744     0x8  Data  Gb  CAN_Control.o [2]
Uart2_RxMsg_Single_21   0x200106e4     0x8  Data  Gb  CAN_Control.o [2]
Uart2_RxMsg_Single_239  0x200106c4     0x8  Data  Gb  CAN_Control.o [2]
Uart2_RxMsg_Single_239_121
                        0x200106cc     0x8  Data  Gb  CAN_Control.o [2]
Uart2_RxMsg_Single_247  0x20010764     0x8  Data  Gb  CAN_Control.o [2]
Uart2_RxMsg_Single_251  0x200106ac     0x8  Data  Gb  CAN_Control.o [2]
Uart2_RxMsg_Single_252  0x200106b4     0x8  Data  Gb  CAN_Control.o [2]
Uart2_RxMsg_Single_253  0x200106bc     0x8  Data  Gb  CAN_Control.o [2]
Uart2_RxMsg_Single_46   0x2001065c     0x8  Data  Gb  CAN_Control.o [2]
Uart2_RxMsg_Single_47   0x2000f8b8     0x8  Data  Gb  CAN_Control.o [2]
Uart2_RxMsg_Single_61   0x200106fc     0x8  Data  Gb  CAN_Control.o [2]
Uart2_RxMsg_Single_62   0x20010704     0x8  Data  Gb  CAN_Control.o [2]
Uart2_RxMsg_Single_69   0x20010664     0x8  Data  Gb  CAN_Control.o [2]
Uart2_RxMsg_Smk_Reg_Eli
                        0x20010654     0x8  Data  Gb  CAN_Control.o [2]
Uart2_SerialRxCnt       0x200108fc     0x1  Data  Gb  stm32f4xx_it.o [2]
Uart2_SerialRxMsg       0x200108ec    0x10  Data  Gb  stm32f4xx_it.o [2]
Uart2_SerialTxCnt       0x200100ec     0x1  Data  Gb  stm32f4xx_it.o [2]
Uart2_SerialTxMsg       0x200108d4    0x14  Data  Gb  stm32f4xx_it.o [2]
UpdateMode              0x2001083c     0x1  Data  Gb  WL9F_Monitor_APP.o [2]
UsageFault_Handler      0x0800f111     0x2  Code  Gb  stm32f4xx_it.o [2]
WL9FM_100mSecOperationFunc
                        0x0800ab91    0xe2  Code  Gb  WL9F_Monitor_APP.o [2]
WL9FM_1SecOperationFunc
                        0x0800ac73    0x8a  Code  Gb  WL9F_Monitor_APP.o [2]
WL9FM_BUZZER            0x20010934     0x8  Data  Gb  WL9F_Monitor_APP.o [2]
WL9FM_CAMERA_nRESET     0x0800bc9b    0x26  Code  Gb  GPIO_Control.o [2]
WL9FM_EXYNOS_PMIC_PWROFF
                        0x0800bc55    0x36  Code  Gb  GPIO_Control.o [2]
WL9FM_EXYNOS_PMIC_PWRON
                        0x0800bc31    0x24  Code  Gb  GPIO_Control.o [2]
WL9FM_EXYNOS_POWER_ONOFF
                        0x0800bc29     0x8  Code  Gb  GPIO_Control.o [2]
WL9FM_GetPowerIG        0x0800bccb     0x8  Code  Gb  GPIO_Control.o [2]
WL9FM_LCDBL             0x20010958     0x4  Data  Gb  WL9F_Monitor_APP.o [2]
WL9FM_Monitor_APP       0x0800adf1    0xac  Code  Gb  WL9F_Monitor_APP.o [2]
WL9FM_PowerIG           0x0800bcc1     0xa  Code  Gb  GPIO_Control.o [2]
WL9FM_RTC               0x2001092c     0x8  Data  Gb  WL9F_Monitor_APP.o [2]
WL9FM_System_Init_Start
                        0x0800ad3d    0xae  Code  Gb  WL9F_Monitor_APP.o [2]
WL9FM_TIME              0x20010844    0x14  Data  Gb  WL9F_Monitor_APP.o [2]
WL9FM_USART_DATA        0x20010400   0x214  Data  Gb  WL9F_Monitor_APP.o [2]
WL9FM_USART_FILE_DATA   0x2000fcc8   0x408  Data  Gb  WL9F_Monitor_APP.o [2]
WL9FM_USART_INDEX       0x2001093c     0x8  Data  Gb  WL9F_Monitor_APP.o [2]
WL9FM_USART_RX_FILE_DATA
                        0x2000f8c0   0x408  Data  Gb  WL9F_Monitor_APP.o [2]
WL9F_CAMERA_Init        0x08007d17    0x1c  Code  Gb  TW8816_Control.o [2]
WL9F_CAN_Buffer_Init    0x0800f075    0x2a  Code  Gb  stm32f4xx_it.o [2]
WL9F_CAN_Variables_Init
                        0x0800d685   0x208  Code  Gb  CAN_Control.o [2]
WRITE_FM31xx_RTC_Companion
                        0x0800b80d    0x50  Code  Gb  FM31X4.o [2]
WRITE_RTC               0x0800b2bd    0xa0  Code  Gb  RTC.o [2]
WRITE_RTC_Date          0x0800b0e5    0x46  Code  Gb  RTC.o [2]
WRITE_RTC_Day           0x0800b147    0x36  Code  Gb  RTC.o [2]
WRITE_RTC_Hour          0x0800b19b    0x3e  Code  Gb  RTC.o [2]
WRITE_RTC_Minute        0x0800b205    0x3e  Code  Gb  RTC.o [2]
WRITE_RTC_Month         0x0800b06f    0x46  Code  Gb  RTC.o [2]
WRITE_RTC_Second        0x0800b261    0x3e  Code  Gb  RTC.o [2]
WRITE_RTC_Year          0x0800b011    0x40  Code  Gb  RTC.o [2]
WWDG_IRQHandler         0x08011601          Code  Wk  startup_stm32f4xx.o [2]
WriteAsicByte           0x080089a5   0x142  Code  Gb  TW2835_Control.o [2]
WriteAsicByteOSD        0x080086bb   0x114  Code  Gb  TW2835_Control.o [2]
WriteAsicTable          0x08008ae7   0x146  Code  Gb  TW2835_Control.o [2]
WriteAsicTableOSD       0x080087cf   0x1d6  Code  Gb  TW2835_Control.o [2]
WriteOSDBmpX            0x08009e49     0x2  Code  Gb  TW2835_OSD.o [2]
WriteOSDClrX            0x0800a06d    0xfe  Code  Gb  TW2835_OSD.o [2]
WriteOSDClrY            0x0800a16b    0xee  Code  Gb  TW2835_OSD.o [2]
WriteTW8816             0x08007b29    0x12  Code  Gb  TW8816_Control.o [2]
Write_CAN_Single        0x0800d88d    0x40  Code  Gb  CAN_Control.o [2]
Write_UART_Single       0x0800d8cd    0x62  Code  Gb  CAN_Control.o [2]
_Rand_idx               0x2000da68     0x4  Data  Lc  rand.o [4]
_Rand_rv                0x2000da6c    0x80  Data  Lc  rand.o [4]
_Randinit               0x2000da60     0x1  Data  Gb  rand.o [4]
_Randseed               0x2000da64     0x4  Data  Gb  rand.o [4]
__aeabi_memclr          0x08011221          Code  Gb  ABImemclr.o [6]
__aeabi_memclr4         0x08010b75          Code  Gb  ABImemclr4.o [6]
__aeabi_memcpy          0x080104d5          Code  Gb  ABImemcpy.o [6]
__aeabi_memcpy4         0x080104f5          Code  Gb  ABImemcpy.o [6]
__aeabi_memcpy8         0x080104f5          Code  Gb  ABImemcpy.o [6]
__aeabi_memset          0x08010bcd          Code  Gb  ABImemset.o [6]
__aeabi_memset4         0x08010b91          Code  Gb  ABImemset48.o [6]
__aeabi_memset8         0x08010b91          Code  Gb  ABImemset48.o [6]
__cmain                 0x08011585          Code  Gb  cmain.o [6]
__exit                  0x080113d1    0x14  Code  Gb  exit.o [7]
__iar_Memset            0x08010bcd          Code  Gb  ABImemset.o [6]
__iar_Memset4_word      0x08010b99          Code  Gb  ABImemset48.o [6]
__iar_Memset8_word      0x08010b99          Code  Gb  ABImemset48.o [6]
__iar_Memset_word       0x08010bd5          Code  Gb  ABImemset.o [6]
__iar_data_init3        0x08011515    0x28  Code  Gb  data_init.o [6]
__iar_dlib_perthread_access
                        0x0800fb95     0x2  Code  Gb  xtls.o [4]
__iar_init_vfp          0x08011569          Code  Gb  fpinit_M.o [5]
__iar_lz77_init3        0x08011289   0x142  Code  Gb  lz77_init.o [6]
__iar_program_start     0x080115d1          Code  Gb  cstartup_M.o [6]
__iar_zero_init3        0x080083cf    0x22  Code  Gb  zero_init3.o [6]
__low_level_init        0x0801159b     0x4  Code  Gb  low_level_init.o [4]
__vector_table          0x08004000          Data  Gb  startup_stm32f4xx.o [2]
_call_main              0x08011591          Code  Gb  cmain.o [6]
_cipherKey              0x2000dbbc     0x4  Data  Lc  endecoder.o [1]
_decodeFeistel          0x0800d4ed    0x4a  Code  Gb  endecoder.o [1]
_encodeFeistel          0x0800d4a7    0x46  Code  Gb  endecoder.o [1]
_exit                   0x080115a5          Code  Gb  cexit.o [6]
_main                   0x08011597          Code  Gb  cmain.o [6]
aavm_mode_change        0x0800d37d    0x12  Code  Gb  LCD_Control.o [2]
aavm_mode_check         0x0800d375     0x8  Code  Gb  LCD_Control.o [2]
abort                   0x080113cb     0x6  Code  Gb  abort.o [4]
adc_value               0x200108a8     0x2  Data  Gb  WL9F_Monitor_APP.o [2]
assert_failed           0x08009e47     0x2  Code  Gb  main.o [2]
cam_mode_change         0x0800d361    0x14  Code  Gb  LCD_Control.o [2]
cam_mode_check          0x0800d359     0x8  Code  Gb  LCD_Control.o [2]
can_status              0x2001076c     0x1  Data  Gb  CAN_Control.o [2]
can_status_buf          0x20010770    0x64  Data  Gb  CAN_Control.o [2]
can_tx_error_count      0x2001076d     0x1  Data  Gb  CAN_Control.o [2]
check_as_data_len       0x20010624     0x1  Data  Gb  CAN_Control.o [2]
cmn_bot                 0x2000d988     0x1  Data  Gb  TW2835_Control.o [2]
cmn_cnt_vs_sub          0x2000d989     0x1  Data  Gb  TW2835_Control.o [2]
cmn_flg                 0x2000d98c     0x4  Data  Gb  TW2835_Control.o [2]
ct_CHANNEL              0x2000daec    0x50  Data  Gb  TW2835_OSD.o [2]
decode                  0x0800d597    0x2c  Code  Gb  endecoder.o [1]
download_enable_code    0x2000c018     0x8  Data  Gb  M25PXX.o [2]
eepRomReadData1         0x20010870    0x20  Data  Gb  WL9F_Monitor_APP.o [2]
encode                  0x0800d541    0x56  Code  Gb  endecoder.o [1]
exit                    0x0801159f     0x4  Code  Gb  exit.o [4]
expand                  0x0800d3f1    0x4c  Code  Gb  endecoder.o [1]
expand_tb               0x080115b0    0x10  Data  Gb  endecoder.o [1]
fatoryinit_enable_code  0x2000c020     0x8  Data  Gb  M25PXX.o [2]
flag_skip_multi_packet  0x20010625     0x1  Data  Gb  CAN_Control.o [2]
gAuthentication_Cnt     0x200108b4     0x1  Data  Gb  WL9F_Monitor_APP.o [2]
gRebootCmd              0x2001083a     0x1  Data  Gb  WL9F_Monitor_APP.o [2]
gRetryCheck             0x200108b5     0x1  Data  Gb  WL9F_Monitor_APP.o [2]
getKey                  0x0800d477    0x30  Code  Gb  endecoder.o [1]
gt_CHANNEL_CH1_O        0x2000c838   0x378  Data  Gb  TW2835_OSD.o [2]
gt_CHANNEL_CH2_O        0x2000cbb0   0x378  Data  Gb  TW2835_OSD.o [2]
gt_CHANNEL_CH3_O        0x2000cf28   0x378  Data  Gb  TW2835_OSD.o [2]
gt_CHANNEL_CH4_O        0x2000d2a0   0x378  Data  Gb  TW2835_OSD.o [2]
gt_CHANNEL_blank        0x200071e8  0x2718  Data  Gb  TW2835_OSD.o [2]
gt_CHANNEL_x            0x20009900  0x2718  Data  Gb  TW2835_OSD.o [2]
main                    0x08009e15     0xa  Code  Gb  main.o [2]
memcmp                  0x08010c35          Code  Gb  memcmp.o [6]
memset                  0x08010b7b    0x14  Code  Gb  CAN_Control.o [2]
pReadBufPos             0x200100f4     0x2  Data  Gb  stm32f4xx_it.o [2]
pWriteBufPos            0x200100f2     0x2  Data  Gb  stm32f4xx_it.o [2]
pgn                     0x200100fc     0x4  Data  Gb  stm32f4xx_it.o [2]
rand                    0x0800b94d    0xe0  Code  Gb  rand.o [4]
rand_value              0x200108c8     0x8  Data  Gb  WL9F_Monitor_APP.o [2]
read_RTC_Companion      0x0800b58f    0x28  Code  Gb  RTC.o [2]
read_clock              0x0800a4d7    0x52  Code  Gb  WL9F_Monitor_APP.o [2]
recv_smartkey           0x200108ac     0x8  Data  Gb  WL9F_Monitor_APP.o [2]
ring_buf                0x20010100   0x300  Data  Gb  stm32f4xx_it.o [2]
rx_CMD_LAMP             0x200107d8     0x8  Data  Gb  LAMP_Control.o [2]
rx_Realy_Control        0x20010920     0x8  Data  Gb  LAMP_Control.o [2]
s_boxA                  0x080114d4    0x40  Data  Gb  endecoder.o [1]
send_smartkey           0x200108c0     0x8  Data  Gb  WL9F_Monitor_APP.o [2]
setCipherParam          0x0800d537     0xa  Code  Gb  endecoder.o [1]
smk_flag_data           0x200108d0     0x4  Data  Gb  WL9F_Monitor_APP.o [2]
tbl_ntsc_pg2_2dbox      0x2000d9e0    0x20  Data  Gb  TW2835_Control.o [2]
tbl_ntsc_pg2_mtn        0x2000da00    0x20  Data  Gb  TW2835_Control.o [2]
tbl_pal_pg2_2dbox       0x2000da20    0x20  Data  Gb  TW2835_Control.o [2]
tbl_pal_pg2_mtn         0x2000da40    0x20  Data  Gb  TW2835_Control.o [2]
tbl_pg2_mse_box         0x2000d990    0x50  Data  Gb  TW2835_Control.o [2]
temp1024                0x2000c034   0x400  Data  Gb  M25PXX.o [2]
temp3                   0x2000c02c     0x8  Data  Gb  M25PXX.o [2]
temp_crc                0x2000c02a     0x2  Data  Gb  M25PXX.o [2]
tmpBuf                  0x20010634     0x8  Data  Gb  CAN_Control.o [2]
tp_cm_bam               0x2001062c     0x4  Data  Gb  CAN_Control.o [2]
write_RTC_Companion     0x0800b56b    0x1a  Code  Gb  RTC.o [2]


[1] = D:\Project\[SVN] ECS-RD12-16 - WL9F Monitor - STM32_APP\TEST_AAVM\Platform\COMMON\SRC
[2] = D:\Project\[SVN] ECS-RD12-16 - WL9F Monitor - STM32_APP\TEST_AAVM\Project\Debug\Obj
[3] = command line
[4] = dl7M_tlf.a
[5] = m7M_tlv.a
[6] = rt7M_tl.a
[7] = shb_l.a

  54 986 bytes of readonly  code memory
   6 841 bytes of readonly  data memory
  69 992 bytes of readwrite data memory

Errors: none
Warnings: none
