###############################################################################
#                                                                             #
# IAR ANSI C/C++ Compiler V6.50.1.4415/W32 for ARM      30/Jun/2015  18:26:30 #
# Copyright 1999-2012 IAR Systems AB.                                         #
#                                                                             #
#    Cpu mode     =  thumb                                                    #
#    Endian       =  little                                                   #
#    Source file  =  C:\Tools\WL9F\WL_F_Monitor_APP\Platform\COMMON\SRC\stm32 #
#                    f4xx_it.c                                                #
#    Command line =  C:\Tools\WL9F\WL_F_Monitor_APP\Platform\COMMON\SRC\stm32 #
#                    f4xx_it.c -D USE_STDPERIPH_DRIVER -D STM32F4XX -D        #
#                    USE_STM324xG_EVAL -D USE_FULL_ASSERT -lcN                #
#                    C:\Tools\WL9F\WL_F_Monitor_APP\Project\Debug\List\ -o    #
#                    C:\Tools\WL9F\WL_F_Monitor_APP\Project\Debug\Obj\        #
#                    --debug --endian=little --cpu=Cortex-M4 -e               #
#                    --fpu=VFPv4_sp --dlib_config "C:\Tools\IAR               #
#                    Systems\Embedded Workbench 6.5\arm\INC\c\DLib_Config_Ful #
#                    l.h" -I C:\Tools\WL9F\WL_F_Monitor_APP\Project\..\Platfo #
#                    rm\COMMON\INC\ -I "C:\Tools\WL9F\WL_F_Monitor_APP\Projec #
#                    t\..\Platform\TaeHa - ECS\INC\" -I                       #
#                    C:\Tools\WL9F\WL_F_Monitor_APP\Project\..\Libraries\CMSI #
#                    S\Device\ST\STM32F4xx\Include\ -I                        #
#                    C:\Tools\WL9F\WL_F_Monitor_APP\Project\..\Libraries\STM3 #
#                    2F4xx_StdPeriph_Driver\inc\ -Oh --use_c++_inline -I      #
#                    "C:\Tools\IAR Systems\Embedded Workbench                 #
#                    6.5\arm\CMSIS\Include\"                                  #
#    List file    =  C:\Tools\WL9F\WL_F_Monitor_APP\Project\Debug\List\stm32f #
#                    4xx_it.lst                                               #
#    Object file  =  C:\Tools\WL9F\WL_F_Monitor_APP\Project\Debug\Obj\stm32f4 #
#                    xx_it.o                                                  #
#                                                                             #
#                                                                             #
###############################################################################

C:\Tools\WL9F\WL_F_Monitor_APP\Platform\COMMON\SRC\stm32f4xx_it.c
      1          /**
      2            ******************************************************************************
      3            * @file    Project/STM32F4xx_StdPeriph_Template/stm32f4xx_it.c 
      4            * @author  MCD Application Team
      5            * @version V1.0.1
      6            * @date    13-April-2012
      7            * @brief   Main Interrupt Service Routines.
      8            *          This file provides template for all exceptions handler and 
      9            *          peripherals interrupt service routine.
     10            ******************************************************************************
     11            * @attention
     12            *
     13            * <h2><center>&copy; COPYRIGHT 2012 STMicroelectronics</center></h2>
     14            *
     15            * Licensed under MCD-ST Liberty SW License Agreement V2, (the "License");
     16            * You may not use this file except in compliance with the License.
     17            * You may obtain a copy of the License at:
     18            *
     19            *        http://www.st.com/software_license_agreement_liberty_v2
     20            *
     21            * Unless required by applicable law or agreed to in writing, software 
     22            * distributed under the License is distributed on an "AS IS" BASIS, 
     23            * WITHOUT WARRANTIES OR CONDITIONS OF ANY KIND, either express or implied.
     24            * See the License for the specific language governing permissions and
     25            * limitations under the License.
     26            *
     27            ******************************************************************************
     28            */
     29          
     30          /* Includes ------------------------------------------------------------------*/
     31          #include "stm32f4xx_it.h"
     32          #include "main.h"
     33          
     34          /** @addtogroup Template_Project
     35            * @{
     36            */
     37          
     38          /* Private typedef -----------------------------------------------------------*/
     39          
     40          //#define		DEBUG_CMD_RX
     41          //#define		DEBUG_CMD_TX
     42          //#define		DEBUG_CAN_RX
     43          //#define		DEBUG_CAN_TX
     44          #pragma pack(1)
     45          struct st_CAN_Msg
     46          {	
     47          	unsigned char Priority;
     48          	unsigned char Data_Page;
     49          	unsigned char PDU_Format;	
     50          	unsigned char PDU_Specific;		// 50
     51          	unsigned char Source_Address;	// 52
     52          };
     53          #pragma pack()
     54          
     55          CanRxMsg RxMsg;
     56          struct st_CAN_Msg Iden; 
     57          
     58          extern Realy_Control		rx_Realy_Control;
     59          extern EHCU_Status		rx_EHCU_Status;
     60          extern Auto_position_Status rx_Auto_position_Status;
     61          extern st_CANDATA_HCEPGN_65428	RX_HCEPGN_65428;
     62          extern WEIGHING_SYSTEM_STATUS_65450 rx_Weighing_System_Status;
     63          extern CMD_LAMP rx_CMD_LAMP;
     64          /* Private define ------------------------------------------------------------*/
     65          
     66          #define RING_BUF_SIZE			768
     67          #define UART2_Rx_BUF_SIZE		14			
     68          #define UART2_Tx_BUF_SIZE		17
     69          
     70          /*
     71          #define RX_MSG69		0x01
     72          #define RX_MSG69_M		0x02
     73          #define RX_MSG145		0x04
     74          #define RX_MSG161		0x08
     75          #define RX_MSG162		0x10
     76          #define RX_MSG163		0x20
     77          #define RX_MSG251		0x40
     78          #define RX_MSG252		0x80
     79          #define RX_MSG202		0x100
     80          #define RX_MSG253		0x200
     81          #define RX_MSG203		0x400
     82          #define RX_MSG239		0x800
     83          #define RX_MSG247		0x1000
     84          #define RX_MSG174		0x2000
     85          #define RX_MSG239_121	0x4000
     86          */
     87          #define RX_MSG11	0x01
     88          #define RX_MSG12	0x02
     89          #define RX_MSG21	0x04
     90          #define RX_MSG23	0x08
     91          #define RX_MSG61	0x10
     92          #define RX_MSG62	0x20
     93          #define RX_MSG101	0x40
     94          #define RX_MSG104	0x80
     95          #define RX_MSG105	0x100
     96          #define RX_MSG109	0x200
     97          #define RX_MSG121	0x400
     98          #define RX_MSG123	0x800
     99          #define RX_MSG201	0x1000
    100          #define RX_MSG203	0x2000
    101          		
    102          		
    103          #define RX_MSG47	0x4000
    104          		
    105          #define RX_MSG145	0x8000
    106          #define RX_MSG247	0x10000
    107          
    108          
    109          
    110          
    111          
    112          /* Private define ------------------------------------------------------------*/
    113          /* Private macro -------------------------------------------------------------*/
    114          /* Private variables ---------------------------------------------------------*/
    115          u8 ring_buf[RING_BUF_SIZE];		
    116          u16 pWriteBufPos = 0;
    117          u16 pReadBufPos = 0;
    118          u8 CanRecvCnt = 0;
    119          u16 TotPacketNum = 0;
    120          u32 pgn = 0;
    121          u32 RMCUpgn = 0;
    122          u16 TotMsgSize = 0;
    123          u8 Uart2_SerialTxMsg[UART2_Tx_BUF_SIZE];
    124          u8 Uart2_SerialRxMsg[UART2_Rx_BUF_SIZE];
    125          
    126          u8 Uart2_SerialTxCnt = 0;
    127          u8 Uart2_SerialRxCnt = 0;
    128          u16 CommErrCnt = 0;
    129          
    130          u8 SendEEPROMDataCnt = 0;
    131          u8 Flag_TxE2pRomData = 0;
    132          u8 stop_send_as_phone_data = 0;
    133          u8 Stm32_Update_CMD;
    134          u8 FatoryInit_Flag = 0;
    135          u8 CANUpdateFlag = 0;
    136          u8 CANUpdateSA = 0;
    137          
    138          
    139          u8 Buz1;
    140          
    141          extern u8 MoniInfoSendCnt;
    142          extern u8 MoniInfoTotalPacketNum;
    143          extern u8 RecvMachInfo;
    144          extern u8 MachineBasicInformation[78];
    145          extern u8 RTSFlag_61184;
    146          extern u8 CTSFlag_61184;
    147          extern u8 RecvTotalPacket_61184;
    148          extern u8 ACK_Multi_61184[8];
    149          extern u8 RMCU_CTSFlag_61184;
    150          extern u8 RMCU_RecvTotalPacket_61184;
    151          extern u8 RMCU_ACK_Multi_61184[8];
    152          
    153          
    154          
    155          extern u8 Flag_UartTxStart;
    156          extern u32 Flag_SerialRxMsg;
    157          extern u8 eepRomReadData1[32];
    158          
    159          extern u8 Uart2_RxMsg_Save_Data1[8];
    160          extern u8 Uart2_RxMsg_Save_Data2[8];
    161          extern u8 Uart2_RxMsg_AS_Phone_Data[8];
    162          extern u8 Uart2_RxMsg_Smk_Reg_Eli[8];
    163          
    164          extern u8 Uart2_RxMsg_Single_46[8];
    165          extern u8 Uart2_RxMsg_Single_69[8];
    166          extern u8 Uart2_RxMsg_Multi_69[21];
    167          extern u8 Uart2_RxMsg_Single_160[8];
    168          extern u8 Uart2_RxMsg_Multi_161[16];
    169          extern u8 Uart2_RxMsg_Single_162[8];
    170          extern u8 Uart2_RxMsg_Single_163[8];
    171          extern u8 Uart2_RxMsg_Single_174[8];
    172          extern u8 Uart2_RxMsg_Single_251[8];
    173          extern u8 Uart2_RxMsg_Single_252[8];
    174          extern u8 Uart2_RxMsg_Single_253[8];
    175          extern u8 Uart2_RxMsg_Single_239[8];
    176          extern u8 Uart2_RxMsg_Single_239_121[8];
    177          extern u8 Uart2_RxMsg_Single_247[8];
    178          
    179          
    180          //61184
    181          extern u8 Uart2_RxMsg_Single_11[8];
    182          extern u8 Uart2_RxMsg_Single_12[8];
    183          extern u8 Uart2_RxMsg_Single_21[8];
    184          extern u8 Uart2_RxMsg_Multi_23[13];
    185          extern u8 Uart2_RxMsg_Single_61[8];
    186          extern u8 Uart2_RxMsg_Single_62[8];
    187          extern u8 Uart2_RxMsg_Single_101[8];
    188          extern u8 Uart2_RxMsg_Single_104[8];
    189          extern u8 Uart2_RxMsg_Single_105[8];
    190          extern u8 Uart2_RxMsg_Single_109[8];
    191          extern u8 Uart2_RxMsg_Single_121[8];
    192          extern u8 Uart2_RxMsg_Single_123[8];
    193          extern u8 Uart2_RxMsg_Single_201[8];
    194          extern u8 Uart2_RxMsg_Single_203[8];
    195          //0xFFxx
    196          extern u8 Uart2_RxMsg_Single_47[8];
    197          extern u8 Uart2_RxMsg_Multi_145[22];
    198          extern u8 Uart2_RxMsg_Single_247[8];
    199          
    200          
    201          
    202          
    203          extern u8 SerialMsgRTC[16];
    204          extern u8 Lamp_name;
    205          extern u8 Lamp_Value;
    206          
    207          //////////////// stm32 update /////////////////////
    208          extern u8 Change_UART4_for_Download;
    209          extern u8 ST_Update;
    210          extern u8 UpdateMode;
    211          
    212          
    213          // Smart Key
    214          extern WL9FM_receive_smartkey recv_smartkey;
    215          extern WL9FM_flag_data smk_flag_data;
    216          extern int SMKSuccess;
    217          
    218          
    219          unsigned long long CANRXIndex = 0;
    220          unsigned long long SerialTXIndex = 0;
    221          
    222          extern u8 LCDOffCount;
    223          extern u16 OSUpdateCount;
    224          
    225          extern u8 Flag_ESL;
    226          
    227          extern u8 SmartKeyUse;
    228          
    229          extern u8 CameraCommFlag;
    230          
    231          extern uint16_t ADC3ConvertedValue;
    232          
    233          U8 Recv_Smartkey_Flag= 0;		// ++, --, 150630 bwk
    234          /* Private function prototypes -----------------------------------------------*/
    235          /* Private functions ---------------------------------------------------------*/
    236          void WL9F_CAN_Buffer_Init(void)
    237          {
    238          	Uart2_SerialTxMsg[0]  = 0x02;	// STX
    239          	Uart2_SerialTxMsg[1]  = 0xF5;	// ID
    240          	Uart2_SerialTxMsg[2]  = 8;		// Data Length
    241          	Uart2_SerialTxMsg[15] = 0;		// CRC
    242          	Uart2_SerialTxMsg[16] = 0x03;	// ETX
    243          
    244          	pWriteBufPos = 0;
    245          
    246          	TotPacketNum = 0;
    247          	pgn = 0;
    248          
    249          	Uart2_SerialTxCnt = 0;
    250          	CommErrCnt = 0;
    251          }
    252          
    253          uint16_t test,old_test;
    254          
    255          unsigned char test_temp[8];
    256          
    257          void OperateRingBuffer(void)
    258          {
    259          	if(pWriteBufPos >= (RING_BUF_SIZE-1))	// End of Ring Buffer
    260          		pWriteBufPos = 0;
    261          
    262          	memcpy(&ring_buf[pWriteBufPos], (u8*)&RxMsg.ExtId, 4);
    263          
    264          	pWriteBufPos += 4;
    265          
    266          	memcpy(&ring_buf[pWriteBufPos], (u8*)&RxMsg.Data, 8);
    267          	
    268          	pWriteBufPos += 8;	
    269          
    270          	USART_ITConfig(USART2, USART_IT_TXE, ENABLE);
    271          	
    272          }
    273          void RTCSend(void)
    274          {
    275          	if(pWriteBufPos >= (RING_BUF_SIZE-1)) // End of Ring Buffer
    276          		pWriteBufPos = 0;
    277          
    278          	memcpy(&ring_buf[pWriteBufPos], (u8*)&SerialMsgRTC[0], 12);
    279          
    280          	pWriteBufPos += 12;
    281          
    282          	USART_ITConfig(USART2, USART_IT_TXE, ENABLE);
    283          }
    284          
    285          
    286          void SendTo_E2PROM(void)
    287          {
    288          #if 1
    289          	if (SendEEPROMDataCnt < 2)	//	2번 보낸다.
    290          	{
    291          		memcpy(&Uart2_SerialTxMsg[7], &eepRomReadData1[0], 8);
    292          		Uart2_SerialTxMsg[15] = 0xE1;
    293          	}	
    294          	else if (SendEEPROMDataCnt < 4)	//	2번 보낸다.
    295          	{
    296          		memcpy(&Uart2_SerialTxMsg[7], &eepRomReadData1[8], 8);
    297          		Uart2_SerialTxMsg[15] = 0xE2;
    298          	}	
    299          	else
    300          	{
    301          		memcpy(&Uart2_SerialTxMsg[7], &eepRomReadData1[16], 8);
    302          		Uart2_SerialTxMsg[15] = 0xE3;
    303          	}		
    304          
    305          	//  Enable the USART3 Transmit interrupt
    306          	USART_ITConfig(USART2, USART_IT_TXE, ENABLE);
    307          #endif
    308          }
    309          
    310          /******************************************************************************/
    311          /*            Cortex-M4 Processor Exceptions Handlers                         */
    312          /******************************************************************************/
    313          
    314          /**
    315            * @brief   This function handles NMI exception.
    316            * @param  None
    317            * @retval None
    318            */
    319          void NMI_Handler(void)
    320          {
    321          }
    322          
    323          /**
    324            * @brief  This function handles Hard Fault exception.
    325            * @param  None
    326            * @retval None
    327            */
    328          void HardFault_Handler(void)
    329          {
    330            /* Go to infinite loop when Hard Fault exception occurs */
    331            while (1)
    332            {
    333            }
    334          }
    335          
    336          /**
    337            * @brief  This function handles Memory Manage exception.
    338            * @param  None
    339            * @retval None
    340            */
    341          void MemManage_Handler(void)
    342          {
    343            /* Go to infinite loop when Memory Manage exception occurs */
    344            while (1)
    345            {
    346            }
    347          }
    348          
    349          /**
    350            * @brief  This function handles Bus Fault exception.
    351            * @param  None
    352            * @retval None
    353            */
    354          void BusFault_Handler(void)
    355          {
    356            /* Go to infinite loop when Bus Fault exception occurs */
    357            while (1)
    358            {
    359            }
    360          }
    361          
    362          /**
    363            * @brief  This function handles Usage Fault exception.
    364            * @param  None
    365            * @retval None
    366            */
    367          void UsageFault_Handler(void)
    368          {
    369            /* Go to infinite loop when Usage Fault exception occurs */
    370            while (1)
    371            {
    372            }
    373          }
    374          
    375          /**
    376            * @brief  This function handles SVCall exception.
    377            * @param  None
    378            * @retval None
    379            */
    380          void SVC_Handler(void)
    381          {
    382          }
    383          
    384          /**
    385            * @brief  This function handles Debug Monitor exception.
    386            * @param  None
    387            * @retval None
    388            */
    389          void DebugMon_Handler(void)
    390          {
    391          }
    392          
    393          /**
    394            * @brief  This function handles PendSVC exception.
    395            * @param  None
    396            * @retval None
    397            */
    398          void PendSV_Handler(void)
    399          {
    400          }
    401          
    402          /**
    403            * @brief  This function handles SysTick Handler.
    404            * @param  None
    405            * @retval None
    406            */
    407          void SysTick_Handler(void)
    408          {
    409            	TimeDelay_Decrement();
    410          
    411              ++WL9FM_TIME.Cnt_1mSec;
    412          
    413          	if (WL9FM_TIME.Cnt_1mSec % 1 == 0)                   //  1msec
    414          	{
    415                  WL9FM_TIME.Flag_1mSec = 1;
    416          
    417          		if (WL9FM_TIME.Cnt_1mSec % 10 == 0)              //  10msec
    418          		{
    419          			WL9FM_TIME.Flag_10mSec = 1;
    420          
    421          			if (WL9FM_TIME.Cnt_1mSec % 100 == 0)         //  100msec
    422          			{
    423          				WL9FM_TIME.Flag_100mSec = 1;
    424          
    425          				if(WL9FM_TIME.Cnt_1mSec % 500 == 0)			// 500msec
    426          				{
    427          					WL9FM_TIME.Flag_500mSec = 1;
    428          					if (WL9FM_TIME.Cnt_1mSec % 1000 == 0)    //  1000 msec
    429          					{
    430          						WL9FM_TIME.Flag_1Sec = 1;
    431          						WL9FM_TIME.Cnt_1mSec = 0;
    432          					}
    433          				}
    434          
    435          				
    436          			}
    437          		}
    438          	}    
    439          }
    440          
    441          /******************************************************************************/
    442          /*                 STM32F4xx Peripherals Interrupt Handlers                   */
    443          /*  Add here the Interrupt Handler for the used peripheral(s) (PPP), for the  */
    444          /*  available peripheral interrupt handler's name please refer to the startup */
    445          /*  file (startup_stm32f4xx.s).                                               */
    446          /******************************************************************************/
    447          
    448          /**
    449            * @brief  This function handles PPP interrupt request.
    450            * @param  None
    451            * @retval None
    452            */
    453          /*void PPP_IRQHandler(void)
    454          {
    455          }*/
    456          
    457          /**
    458            * @}
    459            */ 
    460          
    461          /**
    462            * @brief  This function handles CAN1 global interrupt request.
    463            * @param  None
    464            * @retval None
    465            */
    466          void CAN1_RX0_IRQHandler(void)
    467          {
    468          	u32 PF; 
    469          	u32 PS;
    470          	u32 PGN;
    471          
    472          	CAN_Receive(CAN1,CAN_FIFO0,&RxMsg);
    473          				
    474          	Iden.Source_Address = (RxMsg.ExtId & 0x000000ff)  >> 0;
    475          	Iden.PDU_Specific = (RxMsg.ExtId  & 0x0000ff00) >> 8;
    476          	
    477          	// Iden.Source_Address == 71	 -->>	MCU
    478          	// Iden.Source_Address == 228	 -->>	EHCU	
    479          	// Iden.Source_Address == 0x29	 -->>	Smart Key
    480          	// Iden.Source_Address == 23	 -->>	Cluster
    481          	// Iden.Source_Address == 221	 -->>	RCU
    482          	// Iden.Source_Address == 0	 -->>	ECM
    483          	// Iden.Source_Address == 3	 -->>	TCU
    484          	// Iden.Source_Address == 25	 -->>	ACU
    485          	// Iden.Source_Address == 52	 -->>	BKCU
    486          	if((Iden.Source_Address == 0x47) || (Iden.Source_Address == 0x17) || (Iden.Source_Address == 0x29) || 
    487          		(Iden.Source_Address == 0xE4) || (Iden.Source_Address == 0xDD)|| (Iden.Source_Address == 0x4a)|| (Iden.Source_Address == 0xf4)
    488          		|| (Iden.Source_Address == 0x00)|| (Iden.Source_Address == 0x03) || (Iden.Source_Address == 0x02) || (Iden.Source_Address == 0x19)
    489          		|| (Iden.Source_Address == 0x34))
    490          		{
    491          		#if 1
    492          			
    493          			if(CANUpdateFlag == 0)
    494          			{
    495          				PF = (RxMsg.ExtId  & 0x00ff0000) >> 16;
    496          				if((PF == 254) || (PF == 255) || (PF == 239) )
    497          				{	
    498          					
    499          					if(Iden.PDU_Specific == 232)	// Smart Key
    500          					{
    501          						smk_flag_data.recv_resp_packet |= RESPONSE_AUTHENTICATION;	
    502          						//smk_flag_data.recv_resp_packet |= 0x0100; 
    503          						Recv_Smartkey_Flag = 1;	// ++, --, 150630 bwk
    504          						memcpy((u8*)&recv_smartkey, (u8*)&RxMsg.Data[0], 8);
    505          					}
    506          					else
    507          					{
    508          		
    509          						//if(Iden.PDU_Specific == 0x9b)
    510          							CAN_RX(RxMsg);
    511          					}
    512          				}
    513          				
    514          				else
    515          				{                    
    516          	                		CAN_RX(RxMsg);
    517          				}
    518          		
    519          				CommErrCnt = 0;
    520          			}
    521          			else if(CANUpdateFlag == 1)
    522          			{
    523          				if(Iden.Source_Address == CANUpdateSA)
    524          				{
    525          					PF = (RxMsg.ExtId  & 0x00ff0000) >> 16;
    526          					PS = (RxMsg.ExtId  & 0x0000FF00) >> 8;
    527          					PGN = (RxMsg.ExtId  & 0x00FFFF00) >> 8;
    528          					if(PGN == 0xEFFA || PGN  == 0xECFA || PGN  == 0xEBFA)
    529          					{
    530          						CAN_RX(RxMsg);
    531          					}
    532          
    533          				}
    534          				
    535          			}
    536          		#else
    537          			if(CANUpdateFlag == 1)
    538          			{
    539          				if(Iden.Source_Address == CANUpdateSA)
    540          				{
    541          					PF = (RxMsg.ExtId  & 0x00ff0000) >> 16;
    542          					PS = (RxMsg.ExtId  & 0x0000FF00) >> 8;
    543          					PGN = (RxMsg.ExtId  & 0x00FFFF00) >> 8;
    544          					if(PGN == 0xEFFA || PGN  == 0xECFA || PGN  == 0xEBFA)
    545          					{
    546          						//OperateRingBuffer();
    547          						CAN_RX(RxMsg);
    548          						CANRXIndex++;
    549          					}
    550          
    551          				}
    552          				
    553          			}
    554          		#endif
    555          			
    556          			
    557          
    558          			
    559          			
    560          		}
    561          
    562          }
    563          
    564          /**
    565            * @brief  This function handles TIM4 global interrupt request.
    566            * @param  None
    567            * @retval None
    568            */
    569          void TIM4_IRQHandler(void)  //  10msec Timer / TimeBase UP Counter
    570          {
    571              TIM_ClearITPendingBit(TIM4, TIM_IT_Update);
    572              
    573              //  BUZZER Status가 "2" 일 경우 BUZZER OnTime 만큼 BUZZER On
    574              if (WL9FM_BUZZER.Status == 2)
    575              {
    576                  if (WL9FM_BUZZER.OnCnt++ < WL9FM_BUZZER.OnTime)
    577                  {
    578                      Buzzer_On();
    579                  }
    580                  else
    581                  {
    582                      WL9FM_BUZZER.Status = 0;               
    583                  }
    584              }        
    585              //  BUZZER Status가 "1" 일 경우 UnLimit BUZZER On
    586              else if (WL9FM_BUZZER.Status == 1)
    587              {
    588                  Buzzer_On();    
    589              }    
    590              else
    591              {
    592                  Buzzer_Off();
    593                  
    594                  WL9FM_BUZZER.Status = 0;               
    595                  WL9FM_BUZZER.OnTime = 0;
    596                  WL9FM_BUZZER.OnCnt  = 0;
    597              }
    598          
    599          #if 1
    600          	CommErrCnt++;
    601          
    602          	if(CommErrCnt >= 1000)
    603          		CommErrCnt = 1001;
    604          #endif
    605          }
    606          
    607          /**
    608            * @brief  This function handles TIM5 global interrupt request.
    609            * @param  None
    610            * @retval None
    611            */
    612          void TIM5_IRQHandler(void)  //  5msec Timer / TimeBase UP Counter    
    613          {
    614              TIM_ClearITPendingBit(TIM5, TIM_IT_Update);
    615          
    616          	KeySwitch_Process();    //  KeySwitch.c Func
    617          }
    618          
    619          /**
    620            * @brief  This function handles USART3 global interrupt request.
    621            * @param  None
    622            * @retval None
    623            */
    624            // STM32F407 <-> exynos4412 can_data
    625          
    626          unsigned char temp_61184;
    627          
    628          void USART2_IRQHandler(void)
    629          {
    630          	struct st_CAN_Message1 Send_Message;
    631          	
    632          	if(USART_GetITStatus(USART2, USART_IT_RXNE) != RESET)
    633          	{
    634          		Uart2_SerialRxMsg[Uart2_SerialRxCnt] = (u8)USART_ReceiveData(USART2);
    635          
    636          		  //  디버깅할 때만 사용할 것
    637          		#ifdef DEBUG_CAN_RX
    638          		DebugMsg_printf("%2x ", Uart2_SerialRxMsg[Uart2_SerialRxCnt]);
    639          		#endif
    640          		
    641          		switch(Uart2_SerialRxCnt)
    642          		{
    643          			case 0:
    644          				if(Uart2_SerialRxMsg[0] == 0x02)		// STX
    645          					Uart2_SerialRxCnt++;
    646          				break;
    647          			case UART2_Rx_BUF_SIZE-1:
    648          				Uart2_SerialRxCnt = 0;
    649          
    650          				if(Uart2_SerialRxMsg[UART2_Rx_BUF_SIZE-1] == 0x03)		// ETX
    651          				{
    652          					memcpy(&Send_Message,&Uart2_SerialRxMsg[1],12);	
    653          					Write_CAN_Single(Send_Message);
    654          				}
    655          				else
    656          				{
    657          					//  디버깅할 때만 사용할 것
    658          					//DebugMsg_printf("Protocol Fail\r\n");
    659          				}
    660          
    661          				break;
    662          			
    663          			default :
    664          				Uart2_SerialRxCnt++;
    665          				break;
    666          		}
    667          	}
    668          
    669          #if 0
    670          	if(USART_GetITStatus(USART2, USART_IT_TXE) != RESET)
    671          	{   
    672          		if((USART2->SR & 0x80) == RESET)
    673          			return;
    674          
    675          		if (pWriteBufPos == pReadBufPos)
    676          		{
    677          			if(Flag_TxE2pRomData == 1)
    678          			{
    679          			    USART_ITConfig(USART2, USART_IT_TXE, DISABLE);
    680          			    return;
    681          		    }
    682          		}
    683          
    684          		if(pReadBufPos >= (RING_BUF_SIZE-1))
    685          			pReadBufPos = 0;
    686          
    687          		if((Uart2_SerialTxCnt == 0) && (pWriteBufPos != pReadBufPos))
    688          		{
    689          			memcpy(&Uart2_SerialTxMsg[3] , &ring_buf[pReadBufPos], 12);
    690          			
    691          		}
    692          		
    693          		USART_SendData(USART2, (u16)(Uart2_SerialTxMsg[Uart2_SerialTxCnt++]));    
    694          		
    695          		if (Uart2_SerialTxCnt >= UART2_Tx_BUF_SIZE)
    696          		{
    697          			#if 0
    698          			//Uart2_SerialTxCnt = 0;
    699          			//pReadBufPos += 12;
    700          			//USART_ITConfig(USART2, USART_IT_TXE, DISABLE);
    701          
    702          			if(Flag_TxE2pRomData == 0)
    703          			{
    704                          //  보내는 횟수 중요하다. 초기에 버그가 생실 수 있으니, 테스트 필요함!!!
    705          				//	EEPROM Data를 6번 보낸다.
    706          				if(SendEEPROMDataCnt > 5)	
    707          				{
    708          					Uart2_SerialTxCnt = 0;	
    709          					Uart2_SerialTxMsg[15] = 0;
    710          					Flag_TxE2pRomData = 1;
    711          						
    712          					//	EEPROM Data를 그만 보내고 CAN Data를 보낸다. 
    713          					Flag_UartTxStart = 0;
    714          					
    715          					//  Enable the USART2 Transmit interrupt
    716          					USART_ITConfig(USART2, USART_IT_TXE, ENABLE);
    717          					CAN_ITConfig(CAN1, CAN_IT_FMP0,ENABLE);			
    718          				}
    719          				else
    720          				{
    721          					SendEEPROMDataCnt++;
    722          			        	Uart2_SerialTxCnt = 0;
    723          
    724          					//  Disable the USART3 Transmit interrupt
    725          					USART_ITConfig(USART2, USART_IT_TXE, DISABLE);
    726          				}
    727          			}
    728          			else
    729          			{
    730          				Uart2_SerialTxCnt = 0;
    731          				pReadBufPos += 12;
    732          			}
    733          			#else
    734          			if(Flag_TxE2pRomData == 0)
    735          			{
    736                        
    737          				Uart2_SerialTxCnt = 0;	
    738          				Uart2_SerialTxMsg[15] = 0;
    739          				Flag_TxE2pRomData = 1;
    740          					
    741          				//	EEPROM Data를 그만 보내고 CAN Data를 보낸다. 
    742          				Flag_UartTxStart = 0;
    743          				
    744          				//  Enable the USART2 Transmit interrupt
    745          				USART_ITConfig(USART2, USART_IT_TXE, ENABLE);
    746          				CAN_ITConfig(CAN1, CAN_IT_FMP0,ENABLE);		
    747          				
    748          				
    749          			}
    750          			else
    751          			{
    752          				Uart2_SerialTxCnt = 0;
    753          				pReadBufPos += 12;
    754          				SerialTXIndex++;
    755          			}
    756          			#endif
    757          		}  
    758          	}
    759          #else
    760          	
    761          
    762          #endif
    763          
    764          }
    765          
    766          /*
    767          void DMA1_Stream6_IRQHandler(void)
    768          {
    769          	if (DMA_GetITStatus(DMA1_Stream6, DMA_IT_TCIF6) != RESET) 
    770              	{
    771              		if(pReadBufPos >= (RING_BUF_SIZE-1))
    772          			pReadBufPos = 0;
    773          
    774          		if((Uart2_SerialTxCnt == 0) && (pWriteBufPos != pReadBufPos))
    775          		{
    776          			memcpy(&Uart2_SerialTxMsg[3] , &ring_buf[pReadBufPos], 12);	
    777          		}
    778          		USART_SendData(USART2, (u16)(Uart2_SerialTxMsg[Uart2_SerialTxCnt++]));    
    779          		
    780          		if (Uart2_SerialTxCnt >= UART2_Tx_BUF_SIZE)
    781          		{
    782          			Uart2_SerialTxCnt = 0;
    783          			pReadBufPos += 12;
    784          			SerialTXIndex++;
    785          		}  
    786          	}
    787          }*/
    788          
    789          
    790          
    791          void UART4_IRQHandler(void)
    792          {
    793          	//  UART4 receive interrupt routine
    794          	if (USART_GetITStatus(UART4, USART_IT_RXNE) != RESET) 
    795              	{
    796              		if(Change_UART4_for_Download==0)
    797          			UART4_Receive_CMD();
    798          		else
    799          			UART4_Receive_File();
    800          				
    801          	}
    802          	//  UART4 transmit interrupt routine
    803          	if (USART_GetITStatus(UART4, USART_IT_TXE) != RESET)
    804          	{   
    805          		UART4_transmit_CMD();
    806          	}
    807          }
    808          
    809          u8 temp_rx_buf[4];
    810          
    811          void UART4_Receive_CMD(void)
    812          {
    813          	uint8_t Temp[Serial_COM4_TxSize];
    814          	//  Read one byte to the receive data register
    815          	WL9FM_USART_DATA.COM4_RxBuf[WL9FM_USART_INDEX.COM4_RxCnt] = USART_ReceiveData(UART4);
    816          
    817          	
    818              	//  디버깅할 때만 사용할 것
    819          	#ifdef DEBUG_CMD_RX
    820          	DebugMsg_printf("%2x ", WL9FM_USART_DATA.COM4_RxBuf[WL9FM_USART_INDEX.COM4_RxCnt]);
    821          	#endif
    822          
    823          	
    824          	switch (WL9FM_USART_INDEX.COM4_RxCnt)
    825          	{
    826          		case 0:
    827          				if (WL9FM_USART_DATA.COM4_RxBuf[0] == STX)
    828          				{
    829          					WL9FM_USART_INDEX.COM4_RxCnt++;
    830          				}	
    831          				else
    832          				{
    833          					WL9FM_USART_INDEX.COM4_RxCnt=0;
    834          				}
    835          				
    836          				break;
    837          		case 1:
    838          				if (WL9FM_USART_DATA.COM4_RxBuf[1]      == KeyCMD)		WL9FM_USART_INDEX.COM4_RxCnt++;
    839          				else if (WL9FM_USART_DATA.COM4_RxBuf[1] == LCDBLCMD)	WL9FM_USART_INDEX.COM4_RxCnt++;
    840          				else if (WL9FM_USART_DATA.COM4_RxBuf[1] == BUZZERCMD)	WL9FM_USART_INDEX.COM4_RxCnt++;
    841          				else if (WL9FM_USART_DATA.COM4_RxBuf[1] == LAMPCMD)		WL9FM_USART_INDEX.COM4_RxCnt++;
    842          				else if (WL9FM_USART_DATA.COM4_RxBuf[1] == CAMCMD)		WL9FM_USART_INDEX.COM4_RxCnt++;
    843          				else if (WL9FM_USART_DATA.COM4_RxBuf[1] == DOWNCMD)	WL9FM_USART_INDEX.COM4_RxCnt++;
    844          				else if (WL9FM_USART_DATA.COM4_RxBuf[1] == VersionCMD) WL9FM_USART_INDEX.COM4_RxCnt++;
    845          				else if (WL9FM_USART_DATA.COM4_RxBuf[1] == StartCANCMD) WL9FM_USART_INDEX.COM4_RxCnt++;    
    846          				else if (WL9FM_USART_DATA.COM4_RxBuf[1] == RTCCMD) WL9FM_USART_INDEX.COM4_RxCnt++;
    847          				else if (WL9FM_USART_DATA.COM4_RxBuf[1] == CANUPDATECMD) WL9FM_USART_INDEX.COM4_RxCnt++;
    848          				else if (WL9FM_USART_DATA.COM4_RxBuf[1] == SMKCMD) WL9FM_USART_INDEX.COM4_RxCnt++;
    849          				else if (WL9FM_USART_DATA.COM4_RxBuf[1] == OSUPDATECMD) WL9FM_USART_INDEX.COM4_RxCnt++;
    850          				else if (WL9FM_USART_DATA.COM4_RxBuf[1] == EEPROMTESTCMD) WL9FM_USART_INDEX.COM4_RxCnt++;
    851          				else if (WL9FM_USART_DATA.COM4_RxBuf[1] == FLASHTESTCMD) WL9FM_USART_INDEX.COM4_RxCnt++;
    852          
    853                          else
    854                          {
    855                            	WL9FM_USART_INDEX.COM4_RxCnt = 0;
    856                          }
    857          				break;
    858          
    859          		case Serial_COM4_RxSize-1: 
    860          				WL9FM_USART_INDEX.COM4_RxCnt = 0;
    861          				
    862          				//  디버깅할 때만 사용할 것
    863          				#ifdef DEBUG_CMD_RX
    864          				DebugMsg_printf("\r\n");
    865          				#endif
    866          
    867          		if (WL9FM_USART_DATA.COM4_RxBuf[Serial_COM4_RxSize-1] == ETX)
    868          		{
    869          			switch (WL9FM_USART_DATA.COM4_RxBuf[1])
    870          			{
    871          				case KeyCMD   :		//	Key Command
    872          
    873          					break;
    874          							
    875          				case LCDBLCMD :		//	LCD BackLight Command
    876          
    877          					//	LCD BackLight Level 조절.. Level0 ~ Level8
    878          					if (WL9FM_USART_DATA.COM4_RxBuf[2] < MaxBackLightLEVEL && (WL9FM_USART_DATA.COM4_RxBuf[2] > 0)) 												
    879          					{
    880          						LCDBL_PWM_LEVEL(WL9FM_USART_DATA.COM4_RxBuf[2]);
    881          					}
    882          
    883          					break;
    884          
    885          				case BUZZERCMD :	//	Buzzer Command
    886          					if (WL9FM_USART_DATA.COM4_RxBuf[2] == 0)	//	Buzzer Off
    887          					{
    888          						Buzzer_UnLimitOff();
    889          					}
    890          					else if(WL9FM_USART_DATA.COM4_RxBuf[2] == 1)					//	Buzzer On
    891          					{
    892          						Buzzer_UnLimitOn();
    893          					}
    894          					break;
    895          
    896          				case LAMPCMD :	//	Buzzer Command
    897          					Lamp_name = (WL9FM_USART_DATA.COM4_RxBuf[2] & 0xf0)>>4;
    898          					Lamp_Value = (WL9FM_USART_DATA.COM4_RxBuf[2] & 0x0f);
    899          					memcpy(&rx_CMD_LAMP , &WL9FM_USART_DATA.COM4_RxBuf[2], 8);	
    900          					Lamp_Update_State();
    901          					//Lamp_Update_System();
    902          					break;
    903          					
    904          				case CAMCMD:
    905          					if(CameraCommFlag == 0)
    906          					{
    907          						CameraCommFlag = 1;
    908          						Camera_Mode = WL9FM_USART_DATA.COM4_RxBuf[2];
    909          					}					
    910          					break;
    911          
    912          				case DOWNCMD:
    913          					Stm32_Update_CMD = WL9FM_USART_DATA.COM4_RxBuf[2];
    914          					FatoryInit_Flag = WL9FM_USART_DATA.COM4_RxBuf[3];
    915          					ST_Update=1;
    916          
    917          					break;
    918          				case VersionCMD:
    919          					
    920          					Temp[0] = 0x02;				
    921          					Temp[1] = VersionRES;				
    922          					Temp[2] = ((VERSION_HIGH  << 4) & 0xF0 ) + (VERSION_LOW & 0x0F);	
    923          					Temp[3] = ((VERSION_SUB_HIGH  << 4) & 0xF0 )+ (VERSION_SUB_LOW & 0x0F);	
    924          					// HW Version/////
    925          					Temp[4] = (ADC3ConvertedValue & 0xFF);
    926          					Temp[5] = (ADC3ConvertedValue & 0xFF00) >> 8;
    927          					Temp[6] = VERSION_HIDDEN & 0x0F;
    928          					//////////////////
    929          					Temp[Serial_COM4_RxSize-1] = 0x03;	
    930          					USARTx_EXYNOS(COM4, (char *)Temp);	
    931          					break;
    932          				case StartCANCMD:
    933          					//Flag_UartTxStart = 1;
    934          					CAN_ITConfig(CAN1, CAN_IT_FMP0,ENABLE);	
    935          					break;
    936          				case RTCCMD:
    937          					WL9FM_RTC.Year = WL9FM_USART_DATA.COM4_RxBuf[2];
    938          					WL9FM_RTC.Month = WL9FM_USART_DATA.COM4_RxBuf[3];
    939          					WL9FM_RTC.Date = WL9FM_USART_DATA.COM4_RxBuf[4];
    940          					WL9FM_RTC.Day = WL9FM_USART_DATA.COM4_RxBuf[5];
    941          					WL9FM_RTC.Hour = WL9FM_USART_DATA.COM4_RxBuf[6];
    942          					WL9FM_RTC.Minute= WL9FM_USART_DATA.COM4_RxBuf[7];
    943          					WL9FM_RTC.Second= WL9FM_USART_DATA.COM4_RxBuf[8];
    944          					WRITE_RTC(WL9FM_RTC);
    945          					break;
    946          
    947          				case SMKCMD:
    948          					
    949          					if(WL9FM_USART_DATA.COM4_RxBuf[2] == 0x00)
    950          					{
    951          						SendSMKAuthResult(SMKSuccess);
    952          					}
    953          					else if(WL9FM_USART_DATA.COM4_RxBuf[2] == 0x03)
    954          					{
    955          						SaveSMKUseToEEPROM(WL9FM_USART_DATA.COM4_RxBuf[3]);
    956          					}
    957          					else
    958          					{
    959          						memcpy(&Uart2_RxMsg_Smk_Reg_Eli[0], &WL9FM_USART_DATA.COM4_RxBuf[0], 8);
    960          					}
    961          					break;
    962          				case CANUPDATECMD:
    963          					CANUpdateFlag = WL9FM_USART_DATA.COM4_RxBuf[2];
    964          					CANUpdateSA = WL9FM_USART_DATA.COM4_RxBuf[3];
    965          					break;
    966          				case OSUPDATECMD:
    967          					LCDOffCount = 0;
    968          					OSUpdateCount = 0;
    969          					break;
    970          				case EEPROMTESTCMD:
    971          					if(WL9FM_USART_DATA.COM4_RxBuf[2] == 1)
    972          					{
    973          						InitE2PROM();
    974          					}
    975          					else
    976          					{
    977          						SaveTestToEEPROM(WL9FM_USART_DATA.COM4_RxBuf[3]);
    978          					}
    979          					Temp[0] = 0x02;				
    980          					Temp[1] = EEPROMTESTRES;	
    981          					Temp[2] = WL9FM_USART_DATA.COM4_RxBuf[2];	
    982          					Temp[3] = LoadTestToEEPROM(); 	
    983          					Temp[Serial_COM4_RxSize-1] = 0x03;	
    984          					USARTx_EXYNOS(COM4, (char *)Temp);	
    985          					break;
    986          				case FLASHTESTCMD:
    987          					if(WL9FM_USART_DATA.COM4_RxBuf[2] == 1)
    988          					{
    989          						SPI_FLASH_BulkErase();
    990          					}
    991          					else
    992          					{
    993          						SPI_FLASH_SectorErase(0x3d0000);	//Sector60
    994          						SPI_FLASH_PageWrite(&WL9FM_USART_DATA.COM4_RxBuf[3],0x3d0000,7);
    995          						SPI_FLASH_BufferRead(&Temp[3],0x3d0000,7);
    996          						Temp[0] = 0x02;
    997          						Temp[1] = FLASHTESTRES;
    998          						Temp[2] = WL9FM_USART_DATA.COM4_RxBuf[2];
    999          						Temp[Serial_COM4_RxSize-1] = 0x03;	
   1000          						USARTx_EXYNOS(COM4, (char *)Temp);	
   1001          						SPI_FLASH_SectorErase(0x3d0000);	//Sector60
   1002          					}
   1003          
   1004          					break;
   1005          				default :
   1006          					break;								
   1007          			}
   1008                          }						
   1009          
   1010          		//memset(WL9FM_USART_DATA.COM4_RxBuf, 0x0, Serial_COM4_RxSize);					
   1011          				break;
   1012          		
   1013          		default :
   1014          
   1015          			WL9FM_USART_INDEX.COM4_RxCnt++;
   1016          			break;
   1017          	}	
   1018          }
   1019          
   1020          void UART4_Receive_File(void)
   1021          {
   1022          	
   1023          	//  Read one byte to the receive data register
   1024          	WL9FM_USART_RX_FILE_DATA.File_RxBuf[WL9FM_USART_RX_FILE_DATA.File_RxCnt] = USART_ReceiveData(UART4);
   1025          	
   1026          	switch (WL9FM_USART_RX_FILE_DATA.File_RxCnt)
   1027          	{
   1028          		case 0:
   1029          				if (WL9FM_USART_RX_FILE_DATA.File_RxBuf[0] == STX)
   1030          				{
   1031          					WL9FM_USART_RX_FILE_DATA.File_RxCnt++;
   1032          				}						
   1033          				break;
   1034          		case 1029: 
   1035          				WL9FM_USART_RX_FILE_DATA.File_RxCnt = 0;
   1036          					
   1037          				if (WL9FM_USART_RX_FILE_DATA.File_RxBuf[1029] == ETX)
   1038          				{
   1039          					memcpy(&WL9FM_USART_FILE_DATA , &WL9FM_USART_RX_FILE_DATA, Serial_file_RxSize);	
   1040          					ST_Update=1;
   1041          				}
   1042          				else if (WL9FM_USART_RX_FILE_DATA.File_RxBuf[1029] == EOT)
   1043          				{
   1044          					memcpy(&WL9FM_USART_FILE_DATA , &WL9FM_USART_RX_FILE_DATA, Serial_file_RxSize);	
   1045          					Change_UART4_for_Download =2;
   1046          					ST_Update=1;
   1047          				}
   1048          				else
   1049          				{
   1050          					ACK_NACK_SendToExynos(NAK);
   1051          				}
   1052                                          break;
   1053          		default :
   1054          
   1055          			WL9FM_USART_RX_FILE_DATA.File_RxCnt++;
   1056          			break;
   1057          	}					
   1058          }
   1059          
   1060          
   1061          void UART4_transmit_CMD(void)
   1062          {
   1063          	//  Write one byte to the transmit data register
   1064          	USART_SendData(UART4, WL9FM_USART_DATA.COM4_TxBuf[WL9FM_USART_INDEX.COM4_TxCnt++]);
   1065          
   1066          	if (WL9FM_USART_INDEX.COM4_TxIdx >= Serial_COM4_TxSize)
   1067          	{
   1068          		WL9FM_USART_INDEX.COM4_TxIdx = Serial_COM4_TxSize;
   1069          	}    
   1070          	if (WL9FM_USART_INDEX.COM4_TxCnt == WL9FM_USART_INDEX.COM4_TxIdx)
   1071          	{
   1072          		//  Disable the UART4 Transmit interrupt
   1073          		USART_ITConfig(UART4, USART_IT_TXE, DISABLE);
   1074          
   1075          		WL9FM_USART_INDEX.COM4_TxIdx = 0; //  transmit buffer Index clear
   1076          		WL9FM_USART_INDEX.COM4_TxCnt = 0; //  transmit buffer Cnt   clear
   1077          	}              
   1078          	
   1079          }
   1080          /************************ (C) COPYRIGHT STMicroelectronics *****END OF FILE****/

   Maximum stack usage in bytes:

   .cstack Function
   ------- --------
       0   BusFault_Handler
      32   CAN1_RX0_IRQHandler
        16   -> CAN_RX
        16   -> CAN_Receive
        16   -> __aeabi_memcpy
        32   -> __aeabi_memcpy4
       0   DebugMon_Handler
       0   HardFault_Handler
       0   MemManage_Handler
       0   NMI_Handler
       8   OperateRingBuffer
         0   -> USART_ITConfig
         8   -> __aeabi_memcpy
       0   PendSV_Handler
       8   RTCSend
         0   -> USART_ITConfig
         8   -> __aeabi_memcpy
       0   SVC_Handler
       8   SendTo_E2PROM
         0   -> USART_ITConfig
         8   -> __aeabi_memcpy
       8   SysTick_Handler
         8   -> TimeDelay_Decrement
       8   TIM4_IRQHandler
         8   -> Buzzer_Off
         8   -> Buzzer_On
         8   -> TIM_ClearITPendingBit
       8   TIM5_IRQHandler
         0   -> KeySwitch_Process
         8   -> TIM_ClearITPendingBit
       8   UART4_IRQHandler
         8   -> UART4_Receive_CMD
         8   -> UART4_Receive_File
         8   -> UART4_transmit_CMD
         8   -> USART_GetITStatus
      32   UART4_Receive_CMD
        32   -> Buzzer_UnLimitOff
        32   -> Buzzer_UnLimitOn
        32   -> CAN_ITConfig
        32   -> InitE2PROM
        32   -> LCDBL_PWM_LEVEL
        32   -> Lamp_Update_State
        32   -> LoadTestToEEPROM
        32   -> SPI_FLASH_BufferRead
        32   -> SPI_FLASH_BulkErase
        32   -> SPI_FLASH_PageWrite
        32   -> SPI_FLASH_SectorErase
        32   -> SaveSMKUseToEEPROM
        32   -> SaveTestToEEPROM
        32   -> SendSMKAuthResult
        32   -> USART_ReceiveData
        32   -> USARTx_EXYNOS
        32   -> WRITE_RTC
        32   -> __aeabi_memcpy
       8   UART4_Receive_File
         0   -> ACK_NACK_SendToExynos
         8   -> USART_ReceiveData
         8   -> __aeabi_memcpy
      16   UART4_transmit_CMD
        16   -> USART_ITConfig
        16   -> USART_SendData
      24   USART2_IRQHandler
        24   -> USART_GetITStatus
        24   -> USART_ReceiveData
        24   -> Write_CAN_Single
        24   -> __aeabi_memcpy
       0   UsageFault_Handler
       0   WL9F_CAN_Buffer_Init


   Section sizes:

   Bytes  Function/Label
   -----  --------------
       4  ??DataTable12
       4  ??DataTable12_1
       4  ??DataTable12_10
       4  ??DataTable12_11
       4  ??DataTable12_12
       4  ??DataTable12_13
       4  ??DataTable12_14
       4  ??DataTable12_15
       4  ??DataTable12_16
       4  ??DataTable12_17
       4  ??DataTable12_18
       4  ??DataTable12_19
       4  ??DataTable12_2
       4  ??DataTable12_20
       4  ??DataTable12_21
       4  ??DataTable12_22
       4  ??DataTable12_23
       4  ??DataTable12_24
       4  ??DataTable12_25
       4  ??DataTable12_26
       4  ??DataTable12_27
       4  ??DataTable12_28
       4  ??DataTable12_29
       4  ??DataTable12_3
       4  ??DataTable12_30
       4  ??DataTable12_4
       4  ??DataTable12_5
       4  ??DataTable12_6
       4  ??DataTable12_7
       4  ??DataTable12_8
       4  ??DataTable12_9
      20  ?Subroutine0
       2  BusFault_Handler
       1  Buz1
     220  CAN1_RX0_IRQHandler
       8  CANRXIndex
       1  CanRecvCnt
       2  DebugMon_Handler
       1  Flag_TxE2pRomData
       2  HardFault_Handler
       2  MemManage_Handler
       2  NMI_Handler
      62  OperateRingBuffer
       2  PendSV_Handler
       4  RMCUpgn
      40  RTCSend
     808  RxMsg
          Iden
          Stm32_Update_CMD
          FatoryInit_Flag
          CANUpdateFlag
          CANUpdateSA
          Recv_Smartkey_Flag
          pWriteBufPos
          CommErrCnt
          ring_buf
       2  SVC_Handler
      62  SendTo_E2PROM
       8  SerialTXIndex
     106  SysTick_Handler
      86  TIM4_IRQHandler
      20  TIM5_IRQHandler
       2  TotMsgSize
      60  UART4_IRQHandler
     692  UART4_Receive_CMD
     114  UART4_Receive_File
      64  UART4_transmit_CMD
      94  USART2_IRQHandler
      17  Uart2_SerialRxMsg
          Uart2_SerialRxCnt
      28  Uart2_SerialTxMsg
          Uart2_SerialTxCnt
          SendEEPROMDataCnt
          TotPacketNum
          pgn
       2  UsageFault_Handler
      42  WL9F_CAN_Buffer_Init
       2  old_test
       2  pReadBufPos
       1  stop_send_as_phone_data
       1  temp_61184
       4  temp_rx_buf
       2  test
       8  test_temp

 
   898 bytes in section .bss
 1 822 bytes in section .text
 
 1 822 bytes of CODE memory
   898 bytes of DATA memory

Errors: none
Warnings: 1
