###############################################################################
#                                                                             #
# IAR ELF Linker V6.50.1.4415/W32 for ARM               05/Dec/2014  11:19:22 #
# Copyright 2007-2012 IAR Systems AB.                                         #
#                                                                             #
#    Output file  =  C:\Tools\WL9F\WL_F_Monitor_APP\Project\Debug\Exe\WL9F_Mo #
#                    nitor_APP.out                                            #
#    Map file     =  C:\Tools\WL9F\WL_F_Monitor_APP\Project\Debug\List\WL9F_M #
#                    onitor_APP.map                                           #
#    Command line =  C:\Tools\WL9F\WL_F_Monitor_APP\Platform\COMMON\SRC\endec #
#                    oder.o C:\Tools\WL9F\WL_F_Monitor_APP\Project\Debug\Obj\ #
#                    Buzzer.o C:\Tools\WL9F\WL_F_Monitor_APP\Project\Debug\Ob #
#                    j\CAN_Control.o C:\Tools\WL9F\WL_F_Monitor_APP\Project\D #
#                    ebug\Obj\DPRAM_Control.o C:\Tools\WL9F\WL_F_Monitor_APP\ #
#                    Project\Debug\Obj\FM31X4.o C:\Tools\WL9F\WL_F_Monitor_AP #
#                    P\Project\Debug\Obj\GPIO_Control.o                       #
#                    C:\Tools\WL9F\WL_F_Monitor_APP\Project\Debug\Obj\Hardwar #
#                    e_Version.o C:\Tools\WL9F\WL_F_Monitor_APP\Project\Debug #
#                    \Obj\KeySwitch.o C:\Tools\WL9F\WL_F_Monitor_APP\Project\ #
#                    Debug\Obj\LAMP_Control.o C:\Tools\WL9F\WL_F_Monitor_APP\ #
#                    Project\Debug\Obj\LCD_Control.o                          #
#                    C:\Tools\WL9F\WL_F_Monitor_APP\Project\Debug\Obj\M25PXX. #
#                    o C:\Tools\WL9F\WL_F_Monitor_APP\Project\Debug\Obj\Syste #
#                    m_Debug.o C:\Tools\WL9F\WL_F_Monitor_APP\Project\Debug\O #
#                    bj\System_Init.o C:\Tools\WL9F\WL_F_Monitor_APP\Project\ #
#                    Debug\Obj\TW2835_Control.o C:\Tools\WL9F\WL_F_Monitor_AP #
#                    P\Project\Debug\Obj\TW2835_OSD.o                         #
#                    C:\Tools\WL9F\WL_F_Monitor_APP\Project\Debug\Obj\TW8816_ #
#                    Control.o C:\Tools\WL9F\WL_F_Monitor_APP\Project\Debug\O #
#                    bj\TW8816_OSD.o C:\Tools\WL9F\WL_F_Monitor_APP\Project\D #
#                    ebug\Obj\TW8832_Control.o C:\Tools\WL9F\WL_F_Monitor_APP #
#                    \Project\Debug\Obj\TW8832_OSD.o                          #
#                    C:\Tools\WL9F\WL_F_Monitor_APP\Project\Debug\Obj\TimeDel #
#                    ay.o C:\Tools\WL9F\WL_F_Monitor_APP\Project\Debug\Obj\UA #
#                    RT_Control.o C:\Tools\WL9F\WL_F_Monitor_APP\Project\Debu #
#                    g\Obj\WL9F_Monitor_APP.o C:\Tools\WL9F\WL_F_Monitor_APP\ #
#                    Project\Debug\Obj\main.o C:\Tools\WL9F\WL_F_Monitor_APP\ #
#                    Project\Debug\Obj\misc.o C:\Tools\WL9F\WL_F_Monitor_APP\ #
#                    Project\Debug\Obj\startup_stm32f4xx.o                    #
#                    C:\Tools\WL9F\WL_F_Monitor_APP\Project\Debug\Obj\stm324x #
#                    g_eval.o C:\Tools\WL9F\WL_F_Monitor_APP\Project\Debug\Ob #
#                    j\stm32f4xx_adc.o C:\Tools\WL9F\WL_F_Monitor_APP\Project #
#                    \Debug\Obj\stm32f4xx_can.o C:\Tools\WL9F\WL_F_Monitor_AP #
#                    P\Project\Debug\Obj\stm32f4xx_crc.o                      #
#                    C:\Tools\WL9F\WL_F_Monitor_APP\Project\Debug\Obj\stm32f4 #
#                    xx_cryp.o C:\Tools\WL9F\WL_F_Monitor_APP\Project\Debug\O #
#                    bj\stm32f4xx_cryp_aes.o C:\Tools\WL9F\WL_F_Monitor_APP\P #
#                    roject\Debug\Obj\stm32f4xx_cryp_des.o                    #
#                    C:\Tools\WL9F\WL_F_Monitor_APP\Project\Debug\Obj\stm32f4 #
#                    xx_cryp_tdes.o C:\Tools\WL9F\WL_F_Monitor_APP\Project\De #
#                    bug\Obj\stm32f4xx_dac.o C:\Tools\WL9F\WL_F_Monitor_APP\P #
#                    roject\Debug\Obj\stm32f4xx_dbgmcu.o                      #
#                    C:\Tools\WL9F\WL_F_Monitor_APP\Project\Debug\Obj\stm32f4 #
#                    xx_dcmi.o C:\Tools\WL9F\WL_F_Monitor_APP\Project\Debug\O #
#                    bj\stm32f4xx_dma.o C:\Tools\WL9F\WL_F_Monitor_APP\Projec #
#                    t\Debug\Obj\stm32f4xx_exti.o                             #
#                    C:\Tools\WL9F\WL_F_Monitor_APP\Project\Debug\Obj\stm32f4 #
#                    xx_flash.o C:\Tools\WL9F\WL_F_Monitor_APP\Project\Debug\ #
#                    Obj\stm32f4xx_fsmc.o C:\Tools\WL9F\WL_F_Monitor_APP\Proj #
#                    ect\Debug\Obj\stm32f4xx_gpio.o                           #
#                    C:\Tools\WL9F\WL_F_Monitor_APP\Project\Debug\Obj\stm32f4 #
#                    xx_hash.o C:\Tools\WL9F\WL_F_Monitor_APP\Project\Debug\O #
#                    bj\stm32f4xx_hash_md5.o C:\Tools\WL9F\WL_F_Monitor_APP\P #
#                    roject\Debug\Obj\stm32f4xx_hash_sha1.o                   #
#                    C:\Tools\WL9F\WL_F_Monitor_APP\Project\Debug\Obj\stm32f4 #
#                    xx_i2c.o C:\Tools\WL9F\WL_F_Monitor_APP\Project\Debug\Ob #
#                    j\stm32f4xx_it.o C:\Tools\WL9F\WL_F_Monitor_APP\Project\ #
#                    Debug\Obj\stm32f4xx_iwdg.o C:\Tools\WL9F\WL_F_Monitor_AP #
#                    P\Project\Debug\Obj\stm32f4xx_pwr.o                      #
#                    C:\Tools\WL9F\WL_F_Monitor_APP\Project\Debug\Obj\stm32f4 #
#                    xx_rcc.o C:\Tools\WL9F\WL_F_Monitor_APP\Project\Debug\Ob #
#                    j\stm32f4xx_rng.o C:\Tools\WL9F\WL_F_Monitor_APP\Project #
#                    \Debug\Obj\stm32f4xx_rtc.o C:\Tools\WL9F\WL_F_Monitor_AP #
#                    P\Project\Debug\Obj\stm32f4xx_sdio.o                     #
#                    C:\Tools\WL9F\WL_F_Monitor_APP\Project\Debug\Obj\stm32f4 #
#                    xx_spi.o C:\Tools\WL9F\WL_F_Monitor_APP\Project\Debug\Ob #
#                    j\stm32f4xx_syscfg.o C:\Tools\WL9F\WL_F_Monitor_APP\Proj #
#                    ect\Debug\Obj\stm32f4xx_tim.o                            #
#                    C:\Tools\WL9F\WL_F_Monitor_APP\Project\Debug\Obj\stm32f4 #
#                    xx_usart.o C:\Tools\WL9F\WL_F_Monitor_APP\Project\Debug\ #
#                    Obj\stm32f4xx_wwdg.o C:\Tools\WL9F\WL_F_Monitor_APP\Proj #
#                    ect\Debug\Obj\system_stm32f4xx.o --redirect              #
#                    _Printf=_PrintfFull --redirect _Scanf=_ScanfFull -o      #
#                    C:\Tools\WL9F\WL_F_Monitor_APP\Project\Debug\Exe\WL9F_Mo #
#                    nitor_APP.out --map C:\Tools\WL9F\WL_F_Monitor_APP\Proje #
#                    ct\Debug\List\WL9F_Monitor_APP.map --config              #
#                    C:\Tools\WL9F\WL_F_Monitor_APP\Project\LinkerConfigurati #
#                    on\stm32f4xx_flash.icf --semihosting --entry             #
#                    __iar_program_start --vfe                                #
#                                                                             #
#                                                                             #
###############################################################################

*******************************************************************************
*** RUNTIME MODEL ATTRIBUTES
***

CppFlavor                     = *
__Heap_Handler                = Basic
__SystemLibrary               = DLib
__dlib_dynamic_initialization = normal


*******************************************************************************
*** PLACEMENT SUMMARY
***

"A1":  place at 0x08004000 { ro section .intvec };
"P1":  place in [from 0x08004000 to 0x080fffff] { ro };
"P2":  place in [from 0x20000000 to 0x2001ffff] { rw, block CSTACK, block HEAP };

  Section             Kind        Address    Size  Object
  -------             ----        -------    ----  ------
"A1":                                       0x188
  .intvec             ro code  0x08004000   0x188  startup_stm32f4xx.o [2]
                             - 0x08004188   0x188

"P1":                                      0x6c30
  .text               ro code  0x08004188   0x93c  System_Init.o [2]
  .text               ro code  0x08004ac4   0x28c  stm32f4xx_rcc.o [2]
  .text               ro code  0x08004d50   0x4f0  stm32f4xx_gpio.o [2]
  .text               ro code  0x08005240   0x130  misc.o [2]
  .text               ro code  0x08005370     0x6  ABImemclr4.o [6]
  .text               ro code  0x08005376    0x22  zero_init3.o [6]
  .text               ro code  0x08005398     0x6  ABImemclr.o [6]
  .text               ro code  0x080053a0   0x600  stm32f4xx_it.o [2]
  .text               ro code  0x080059a0   0x6d8  CAN_Control.o [2]
  .text               ro code  0x08006078   0x83c  WL9F_Monitor_APP.o [2]
  .text               ro code  0x080068b4    0x34  main.o [2]
  .text               ro code  0x080068e8    0x3a  ABImemset48.o [6]
  .text               ro code  0x08006924    0x66  ABImemset.o [6]
  .text               ro code  0x0800698c   0x588  stm32f4xx_usart.o [2]
  .text               ro code  0x08006f14    0x76  ABImemcpy.o [6]
  .text               ro code  0x08006f8c    0x66  TimeDelay.o [2]
  .text               ro code  0x08006ff4   0x638  stm32f4xx_can.o [2]
  .text               ro code  0x0800762c   0x604  stm32f4xx_tim.o [2]
  .text               ro code  0x08007c30    0x9c  Buzzer.o [2]
  .text               ro code  0x08007ccc   0x220  KeySwitch.o [2]
  .text               ro code  0x08007eec   0x1dc  LCD_Control.o [2]
  .text               ro code  0x080080c8   0x1f0  LAMP_Control.o [2]
  .text               ro code  0x080082b8   0x1ec  UART_Control.o [2]
  .text               ro code  0x080084a4   0x550  FM31X4.o [2]
  .text               ro code  0x080089f4   0x6e8  M25PXX.o [2]
  .text               ro code  0x080090dc    0x14  CAN_Control.o [2]
  .text               ro code  0x080090f0    0xb8  GPIO_Control.o [2]
  .text               ro code  0x080091a8    0xe0  rand.o [4]
  .text               ro code  0x08009288   0x1e0  endecoder.o [1]
  .text               ro code  0x08009468   0x39c  TW8816_Control.o [2]
  .text               ro code  0x08009804     0x2  Hardware_Version.o [2]
  .text               ro code  0x08009806   0x3e2  TW8816_OSD.o [2]
  .text               ro code  0x08009be8    0xe2  stm324xg_eval.o [2]
  .text               ro code  0x08009ccc   0x7c4  stm32f4xx_dma.o [2]
  .text               ro code  0x0800a490    0x62  memcmp.o [6]
  .text               ro code  0x0800a4f2     0x2  xtls.o [4]
  .text               ro code  0x0800a4f4    0xf0  system_stm32f4xx.o [2]
  .text               ro code  0x0800a5e4    0xb0  packbits_init.o [6]
  .text               ro code  0x0800a694     0x6  abort.o [4]
  .text               ro code  0x0800a69c    0x14  exit.o [7]
  .rodata             const    0x0800a6b0    0x40  endecoder.o [1]
  .text               ro code  0x0800a6f0    0x28  data_init.o [6]
  .iar.init_table     const    0x0800a718    0x2c  - Linker created -
  .text               ro code  0x0800a744    0x1a  fpinit_M.o [5]
  .text               ro code  0x0800a760    0x16  cmain.o [6]
  .text               ro code  0x0800a776     0x4  low_level_init.o [4]
  .text               ro code  0x0800a77a     0x4  exit.o [4]
  .text               ro code  0x0800a780     0xa  cexit.o [6]
  .rodata             const    0x0800a78c    0x10  endecoder.o [1]
  .text               ro code  0x0800a79c    0x10  startup_stm32f4xx.o [2]
  .text               ro code  0x0800a7ac     0xc  cstartup_M.o [6]
  .text               ro code  0x0800a7b8     0x4  startup_stm32f4xx.o [2]
  .text               ro code  0x0800a7bc     0x4  startup_stm32f4xx.o [2]
  .text               ro code  0x0800a7c0     0x4  startup_stm32f4xx.o [2]
  .text               ro code  0x0800a7c4     0x4  startup_stm32f4xx.o [2]
  .text               ro code  0x0800a7c8     0x4  startup_stm32f4xx.o [2]
  .text               ro code  0x0800a7cc     0x4  startup_stm32f4xx.o [2]
  .text               ro code  0x0800a7d0     0x4  startup_stm32f4xx.o [2]
  .text               ro code  0x0800a7d4     0x4  startup_stm32f4xx.o [2]
  .text               ro code  0x0800a7d8     0x4  startup_stm32f4xx.o [2]
  .text               ro code  0x0800a7dc     0x4  startup_stm32f4xx.o [2]
  .text               ro code  0x0800a7e0     0x4  startup_stm32f4xx.o [2]
  .text               ro code  0x0800a7e4     0x4  startup_stm32f4xx.o [2]
  .text               ro code  0x0800a7e8     0x4  startup_stm32f4xx.o [2]
  .text               ro code  0x0800a7ec     0x4  startup_stm32f4xx.o [2]
  .text               ro code  0x0800a7f0     0x4  startup_stm32f4xx.o [2]
  .text               ro code  0x0800a7f4     0x4  startup_stm32f4xx.o [2]
  .text               ro code  0x0800a7f8     0x4  startup_stm32f4xx.o [2]
  .text               ro code  0x0800a7fc     0x4  startup_stm32f4xx.o [2]
  .text               ro code  0x0800a800     0x4  startup_stm32f4xx.o [2]
  .text               ro code  0x0800a804     0x4  startup_stm32f4xx.o [2]
  .text               ro code  0x0800a808     0x4  startup_stm32f4xx.o [2]
  .text               ro code  0x0800a80c     0x4  startup_stm32f4xx.o [2]
  .text               ro code  0x0800a810     0x4  startup_stm32f4xx.o [2]
  .text               ro code  0x0800a814     0x4  startup_stm32f4xx.o [2]
  .text               ro code  0x0800a818     0x4  startup_stm32f4xx.o [2]
  .text               ro code  0x0800a81c     0x4  startup_stm32f4xx.o [2]
  .text               ro code  0x0800a820     0x4  startup_stm32f4xx.o [2]
  .text               ro code  0x0800a824     0x4  startup_stm32f4xx.o [2]
  .text               ro code  0x0800a828     0x4  startup_stm32f4xx.o [2]
  .text               ro code  0x0800a82c     0x4  startup_stm32f4xx.o [2]
  .text               ro code  0x0800a830     0x4  startup_stm32f4xx.o [2]
  .text               ro code  0x0800a834     0x4  startup_stm32f4xx.o [2]
  .text               ro code  0x0800a838     0x4  startup_stm32f4xx.o [2]
  .text               ro code  0x0800a83c     0x4  startup_stm32f4xx.o [2]
  .text               ro code  0x0800a840     0x4  startup_stm32f4xx.o [2]
  .text               ro code  0x0800a844     0x4  startup_stm32f4xx.o [2]
  .text               ro code  0x0800a848     0x4  startup_stm32f4xx.o [2]
  .text               ro code  0x0800a84c     0x4  startup_stm32f4xx.o [2]
  .text               ro code  0x0800a850     0x4  startup_stm32f4xx.o [2]
  .text               ro code  0x0800a854     0x4  startup_stm32f4xx.o [2]
  .text               ro code  0x0800a858     0x4  startup_stm32f4xx.o [2]
  .text               ro code  0x0800a85c     0x4  startup_stm32f4xx.o [2]
  .text               ro code  0x0800a860     0x4  startup_stm32f4xx.o [2]
  .text               ro code  0x0800a864     0x4  startup_stm32f4xx.o [2]
  .text               ro code  0x0800a868     0x4  startup_stm32f4xx.o [2]
  .text               ro code  0x0800a86c     0x4  startup_stm32f4xx.o [2]
  .text               ro code  0x0800a870     0x4  startup_stm32f4xx.o [2]
  .text               ro code  0x0800a874     0x4  startup_stm32f4xx.o [2]
  .text               ro code  0x0800a878     0x4  startup_stm32f4xx.o [2]
  .text               ro code  0x0800a87c     0x4  startup_stm32f4xx.o [2]
  .text               ro code  0x0800a880     0x4  startup_stm32f4xx.o [2]
  .text               ro code  0x0800a884     0x4  startup_stm32f4xx.o [2]
  .text               ro code  0x0800a888     0x4  startup_stm32f4xx.o [2]
  .text               ro code  0x0800a88c     0x4  startup_stm32f4xx.o [2]
  .text               ro code  0x0800a890     0x4  startup_stm32f4xx.o [2]
  .text               ro code  0x0800a894     0x4  startup_stm32f4xx.o [2]
  .text               ro code  0x0800a898     0x4  startup_stm32f4xx.o [2]
  .text               ro code  0x0800a89c     0x4  startup_stm32f4xx.o [2]
  .text               ro code  0x0800a8a0     0x4  startup_stm32f4xx.o [2]
  .text               ro code  0x0800a8a4     0x4  startup_stm32f4xx.o [2]
  .text               ro code  0x0800a8a8     0x4  startup_stm32f4xx.o [2]
  .text               ro code  0x0800a8ac     0x4  startup_stm32f4xx.o [2]
  .text               ro code  0x0800a8b0     0x4  startup_stm32f4xx.o [2]
  .text               ro code  0x0800a8b4     0x4  startup_stm32f4xx.o [2]
  .text               ro code  0x0800a8b8     0x4  startup_stm32f4xx.o [2]
  .text               ro code  0x0800a8bc     0x4  startup_stm32f4xx.o [2]
  .text               ro code  0x0800a8c0     0x4  startup_stm32f4xx.o [2]
  .text               ro code  0x0800a8c4     0x4  startup_stm32f4xx.o [2]
  .text               ro code  0x0800a8c8     0x4  startup_stm32f4xx.o [2]
  .text               ro code  0x0800a8cc     0x4  startup_stm32f4xx.o [2]
  .text               ro code  0x0800a8d0     0x4  startup_stm32f4xx.o [2]
  .text               ro code  0x0800a8d4     0x4  startup_stm32f4xx.o [2]
  .text               ro code  0x0800a8d8     0x4  startup_stm32f4xx.o [2]
  .text               ro code  0x0800a8dc     0x4  startup_stm32f4xx.o [2]
  .text               ro code  0x0800a8e0     0x4  startup_stm32f4xx.o [2]
  .text               ro code  0x0800a8e4     0x4  startup_stm32f4xx.o [2]
  .text               ro code  0x0800a8e8     0x4  startup_stm32f4xx.o [2]
  .text               ro code  0x0800a8ec     0x4  startup_stm32f4xx.o [2]
  .text               ro code  0x0800a8f0     0x4  startup_stm32f4xx.o [2]
  .text               ro code  0x0800a8f4     0x4  startup_stm32f4xx.o [2]
  .text               ro code  0x0800a8f8     0x4  startup_stm32f4xx.o [2]
  .text               ro code  0x0800a8fc     0x4  startup_stm32f4xx.o [2]
  .text               ro code  0x0800a900     0x4  startup_stm32f4xx.o [2]
  .text               ro code  0x0800a904     0x4  startup_stm32f4xx.o [2]
  .text               ro code  0x0800a908     0x4  startup_stm32f4xx.o [2]
  .text               ro code  0x0800a90c     0x4  startup_stm32f4xx.o [2]
  .text               ro code  0x0800a910     0x4  startup_stm32f4xx.o [2]
  .text               ro code  0x0800a914     0x4  startup_stm32f4xx.o [2]
  .text               ro code  0x0800a918     0x4  startup_stm32f4xx.o [2]
  .text               ro code  0x0800a91c     0x4  startup_stm32f4xx.o [2]
  .text               ro code  0x0800a920     0x4  startup_stm32f4xx.o [2]
  .rodata             const    0x0800a924     0x0  zero_init3.o [6]
  .rodata             const    0x0800a924     0x0  packbits_init.o [6]
  Initializer bytes   ro data  0x0800a924   0x493  <for P2 s0>
                             - 0x0800adb7  0x6c2f

"P2", part 1 of 3:                          0x930
  P2 s0                        0x20000000   0x92e  <Init block>
    .data             inited   0x20000000   0x41c  M25PXX.o [2]
    .data             inited   0x2000041c   0x404  TW8816_Control.o [2]
    __DLIB_PERTHREAD  inited   0x20000820    0x8c  rand.o [4]
    .data             inited   0x200008ac    0x38  KeySwitch.o [2]
    .data             inited   0x200008e4    0x14  UART_Control.o [2]
    .data             inited   0x200008f8    0x14  system_stm32f4xx.o [2]
    .data             inited   0x2000090c    0x10  stm32f4xx_rcc.o [2]
    .data             inited   0x2000091c     0xc  stm324xg_eval.o [2]
    .data             inited   0x20000928     0x4  endecoder.o [1]
    .data             inited   0x2000092c     0x1  LCD_Control.o [2]
    .data             inited   0x2000092d     0x1  LCD_Control.o [2]
                             - 0x2000092e   0x92e

"P2", part 2 of 3:                         0x2d70
  .bss                zero     0x20000930  0x10f4  CAN_Control.o [2]
  .bss                zero     0x20001a24   0xc00  CAN_Control.o [2]
  .bss                zero     0x20002624   0x408  WL9F_Monitor_APP.o [2]
  .bss                zero     0x20002a2c   0x408  WL9F_Monitor_APP.o [2]
  .bss                zero     0x20002e34   0x32c  stm32f4xx_it.o [2]
  .bss                zero     0x20003160   0x214  WL9F_Monitor_APP.o [2]
  .bss                zero     0x20003374   0x158  CAN_Control.o [2]
  .bss                zero     0x200034cc    0x6a  CAN_Control.o [2]
  .bss                zero     0x20003536     0x2  Buzzer.o [2]
  .bss                zero     0x20003538    0x5c  LAMP_Control.o [2]
  .bss                zero     0x20003594    0x3a  WL9F_Monitor_APP.o [2]
  .bss                zero     0x200035ce     0x2  CAN_Control.o [2]
  .bss                zero     0x200035d0    0x2c  WL9F_Monitor_APP.o [2]
  .bss                zero     0x200035fc    0x28  WL9F_Monitor_APP.o [2]
  .bss                zero     0x20003624    0x15  stm32f4xx_it.o [2]
  .bss                zero     0x2000363a     0x2  stm32f4xx_it.o [2]
  .bss                zero     0x2000363c    0x11  stm32f4xx_it.o [2]
  .bss                zero     0x2000364d     0x1  LAMP_Control.o [2]
  .bss                zero     0x2000364e     0x1  LAMP_Control.o [2]
  .bss                zero     0x2000364f     0x1  LCD_Control.o [2]
  .bss                zero     0x20003650    0x10  WL9F_Monitor_APP.o [2]
  .bss                zero     0x20003660     0xc  LAMP_Control.o [2]
  .bss                zero     0x2000366c     0x8  WL9F_Monitor_APP.o [2]
  .bss                zero     0x20003674     0x8  WL9F_Monitor_APP.o [2]
  .bss                zero     0x2000367c     0x8  WL9F_Monitor_APP.o [2]
  .bss                zero     0x20003684     0x4  TimeDelay.o [2]
  .bss                zero     0x20003688     0x8  stm32f4xx_it.o [2]
  .bss                zero     0x20003690     0x4  WL9F_Monitor_APP.o [2]
  .bss                zero     0x20003694     0x4  WL9F_Monitor_APP.o [2]
  .bss                zero     0x20003698     0x1  stm32f4xx_it.o [2]
  .bss                zero     0x20003699     0x1  stm32f4xx_it.o [2]
  .bss                zero     0x2000369a     0x1  stm32f4xx_it.o [2]
                             - 0x2000369b  0x2d6b

"P2", part 3 of 3:                          0x800
  CSTACK                       0x200036a0   0x800  <Block>
    CSTACK            uninit   0x200036a0   0x800  <Block tail>
                             - 0x20003ea0   0x800


*******************************************************************************
*** INIT TABLE
***

          Address     Size
          -------     ----
Zero (__iar_zero_init3)
    1 destination range, total size 0x2d6b:
          0x20000930  0x2d6b

Copy/packbits (__iar_packbits_init3)
    1 source range, total size 0x493 (49% of destination):
          0x0800a924   0x493
    1 destination range, total size 0x92e:
          0x20000000   0x92e



*******************************************************************************
*** MODULE SUMMARY
***

    Module               ro code  ro data  rw data
    ------               -------  -------  -------
C:\Tools\WL9F\WL_F_Monitor_APP\Platform\COMMON\SRC: [1]
    endecoder.o              480       82        4
    ----------------------------------------------
    Total:                   480       82        4

C:\Tools\WL9F\WL_F_Monitor_APP\Project\Debug\Obj: [2]
    Buzzer.o                 156                 2
    CAN_Control.o          1 772             7 864
    FM31X4.o               1 360
    GPIO_Control.o           184
    Hardware_Version.o         2
    KeySwitch.o              544       28       56
    LAMP_Control.o           496               106
    LCD_Control.o            476        1        3
    M25PXX.o               1 768      524    1 052
    System_Init.o          2 364
    TW8816_Control.o         924      512    1 028
    TW8816_OSD.o             994
    TimeDelay.o              102                 4
    UART_Control.o           492       10       20
    WL9F_Monitor_APP.o     2 108             2 786
    main.o                    52
    misc.o                   304
    startup_stm32f4xx.o      772
    stm324xg_eval.o          226        6       12
    stm32f4xx_can.o        1 592
    stm32f4xx_dma.o        1 988
    stm32f4xx_gpio.o       1 264
    stm32f4xx_it.o         1 536               863
    stm32f4xx_rcc.o          652        8       16
    stm32f4xx_tim.o        1 540
    stm32f4xx_usart.o      1 416
    system_stm32f4xx.o       240       10       20
    ----------------------------------------------
    Total:                25 324    1 099   13 832

command line: [3]
    ----------------------------------------------
    Total:

dl7M_tlf.a: [4]
    abort.o                    6
    exit.o                     4
    low_level_init.o           4
    rand.o                   224       70      140
    xtls.o                     2
    ----------------------------------------------
    Total:                   240       70      140

m7M_tlv.a: [5]
    fpinit_M.o                26
    ----------------------------------------------
    Total:                    26

rt7M_tl.a: [6]
    ABImemclr.o                6
    ABImemclr4.o               6
    ABImemcpy.o              118
    ABImemset.o              102
    ABImemset48.o             58
    cexit.o                   10
    cmain.o                   22
    cstartup_M.o              12
    data_init.o               40
    memcmp.o                  98
    packbits_init.o          176
    zero_init3.o              34
    ----------------------------------------------
    Total:                   682

shb_l.a: [7]
    exit.o                    20
    ----------------------------------------------
    Total:                    20

    Gaps                      18        2        1
    Linker created                     44    2 048
--------------------------------------------------
    Grand Total:          26 790    1 297   16 025


*******************************************************************************
*** ENTRY LIST
***

Entry                      Address    Size  Type      Object
-----                      -------    ----  ----      ------
?main                   0x0800a761          Code  Gb  cmain.o [6]
ACK_NACK_SendToExynos   0x08008dab    0x1e  Code  Gb  M25PXX.o [2]
ADC_IRQHandler          0x0800a825          Code  Wk  startup_stm32f4xx.o [2]
AHBPrescTable           0x200008f8    0x10  Data  Gb  system_stm32f4xx.o [2]
APBAHBPrescTable        0x2000090c    0x10  Data  Lc  stm32f4xx_rcc.o [2]
Attachment_Lock_flag    0x2000366b     0x1  Data  Gb  LAMP_Control.o [2]
Attachment_Unlock_flag  0x2000366a     0x1  Data  Gb  LAMP_Control.o [2]
AuthResult              0x2000360b     0x1  Data  Gb  WL9F_Monitor_APP.o [2]
AutoRide_Control_flag   0x20003669     0x1  Data  Gb  LAMP_Control.o [2]
BusFault_Handler        0x08005421     0x2  Code  Gb  stm32f4xx_it.o [2]
Buz1                    0x2000369a     0x1  Data  Gb  stm32f4xx_it.o [2]
Buzzer_Init             0x08007c31    0x68  Code  Gb  Buzzer.o [2]
Buzzer_Off              0x08007cab     0xa  Code  Gb  Buzzer.o [2]
Buzzer_On               0x08007c99     0xa  Code  Gb  Buzzer.o [2]
Buzzer_SendCnt          0x20003536     0x1  Data  Gb  Buzzer.o [2]
Buzzer_SendFlag         0x20003537     0x1  Data  Gb  Buzzer.o [2]
Buzzer_UnLimitOff       0x08007cb5     0x8  Code  Gb  Buzzer.o [2]
Buzzer_UnLimitOn        0x08007ca3     0x8  Code  Gb  Buzzer.o [2]
CAN1_RX0_IRQHandler     0x08005495    0xd0  Code  Gb  stm32f4xx_it.o [2]
CAN1_RX1_IRQHandler     0x0800a831          Code  Wk  startup_stm32f4xx.o [2]
CAN1_SCE_IRQHandler     0x0800a835          Code  Wk  startup_stm32f4xx.o [2]
CAN1_TX_IRQHandler      0x0800a829          Code  Wk  startup_stm32f4xx.o [2]
CAN2_RX0_IRQHandler     0x0800a8dd          Code  Wk  startup_stm32f4xx.o [2]
CAN2_RX1_IRQHandler     0x0800a8e1          Code  Wk  startup_stm32f4xx.o [2]
CAN2_SCE_IRQHandler     0x0800a8e5          Code  Wk  startup_stm32f4xx.o [2]
CAN2_TX_IRQHandler      0x0800a8d9          Code  Wk  startup_stm32f4xx.o [2]
CANUpdateFlag           0x20002e53     0x1  Data  Gb  stm32f4xx_it.o [2]
CANUpdateSA             0x20002e54     0x1  Data  Gb  stm32f4xx_it.o [2]
CAN_COMInit             0x080059a1    0xac  Code  Gb  CAN_Control.o [2]
CAN_DeInit              0x08006ff5    0x46  Code  Gb  stm32f4xx_can.o [2]
CAN_FilterInit          0x08007205   0x11a  Code  Gb  stm32f4xx_can.o [2]
CAN_ITConfig            0x08007529    0x94  Code  Gb  stm32f4xx_can.o [2]
CAN_Init                0x0800703b   0x1ca  Code  Gb  stm32f4xx_can.o [2]
CAN_Message_Ring_Buffer_Rx_Single
                        0x20000930  0x10f4  Data  Gb  CAN_Control.o [2]
CAN_Message_Ring_Buffer_Tx_Single
                        0x20001a24   0xbf8  Data  Gb  CAN_Control.o [2]
CAN_RX                  0x08005d8f    0xd4  Code  Gb  CAN_Control.o [2]
CAN_Receive             0x08007477    0xb2  Code  Gb  stm32f4xx_can.o [2]
CAN_StructInit          0x0800731f    0x20  Code  Gb  stm32f4xx_can.o [2]
CAN_TX                  0x08005cf7    0x98  Code  Gb  CAN_Control.o [2]
CAN_Transmit            0x0800733f   0x138  Code  Gb  stm32f4xx_can.o [2]
CMD_ACK_SendToExynos    0x08008dc9    0x16  Code  Gb  M25PXX.o [2]
COM_RX_AF               0x08009cc8     0x2  Data  Gb  stm324xg_eval.o [2]
COM_RX_PIN              0x08009cb8     0x2  Data  Gb  stm324xg_eval.o [2]
COM_RX_PIN_SOURCE       0x08009cc0     0x2  Data  Gb  stm324xg_eval.o [2]
COM_RX_PORT             0x20000924     0x4  Data  Gb  stm324xg_eval.o [2]
COM_RX_PORT_CLK         0x08009cb0     0x4  Data  Gb  stm324xg_eval.o [2]
COM_TX_AF               0x08009cc4     0x2  Data  Gb  stm324xg_eval.o [2]
COM_TX_PIN              0x08009cb4     0x2  Data  Gb  stm324xg_eval.o [2]
COM_TX_PIN_SOURCE       0x08009cbc     0x2  Data  Gb  stm324xg_eval.o [2]
COM_TX_PORT             0x20000920     0x4  Data  Gb  stm324xg_eval.o [2]
COM_TX_PORT_CLK         0x08009cac     0x4  Data  Gb  stm324xg_eval.o [2]
COM_USART               0x2000091c     0x4  Data  Gb  stm324xg_eval.o [2]
CRYP_IRQHandler         0x0800a919          Code  Wk  startup_stm32f4xx.o [2]
CSTACK$$Base            0x200036a0           --   Gb  - Linker created -
CSTACK$$Limit           0x20003ea0           --   Gb  - Linker created -
CameraCommFlag          0x200035db     0x1  Data  Gb  WL9F_Monitor_APP.o [2]
CameraMode              0x0800670d     0x4  Code  Gb  WL9F_Monitor_APP.o [2]
Camera_CheckCnt         0x2000364f     0x1  Data  Gb  LCD_Control.o [2]
Camera_CheckFlag        0x2000092d     0x1  Data  Gb  LCD_Control.o [2]
Camera_Mode             0x2000092c     0x1  Data  Gb  LCD_Control.o [2]
CanRecvCnt              0x20003698     0x1  Data  Gb  stm32f4xx_it.o [2]
Change_UART4_for_Download
                        0x20000010     0x1  Data  Gb  M25PXX.o [2]
CheckCamera_Input       0x08006711     0x4  Code  Gb  WL9F_Monitor_APP.o [2]
CheckResponseAuthentication
                        0x080063f7    0x58  Code  Gb  WL9F_Monitor_APP.o [2]
CheckResponseMsgComm    0x0800644f    0xb4  Code  Gb  WL9F_Monitor_APP.o [2]
CommErrCnt              0x20002e5a     0x2  Data  Gb  stm32f4xx_it.o [2]
CompareAsterisk         0x20003388     0x1  Data  Gb  CAN_Control.o [2]
Crc16Table              0x08008edc   0x200  Data  Gb  M25PXX.o [2]
DCMI_IRQHandler         0x0800a915          Code  Wk  startup_stm32f4xx.o [2]
DMA1_Stream0_IRQHandler
                        0x0800a809          Code  Wk  startup_stm32f4xx.o [2]
DMA1_Stream1_IRQHandler
                        0x0800a80d          Code  Wk  startup_stm32f4xx.o [2]
DMA1_Stream2_IRQHandler
                        0x0800a811          Code  Wk  startup_stm32f4xx.o [2]
DMA1_Stream3_IRQHandler
                        0x0800a815          Code  Wk  startup_stm32f4xx.o [2]
DMA1_Stream4_IRQHandler
                        0x0800a819          Code  Wk  startup_stm32f4xx.o [2]
DMA1_Stream5_IRQHandler
                        0x0800a81d          Code  Wk  startup_stm32f4xx.o [2]
DMA1_Stream6_IRQHandler
                        0x0800a821          Code  Wk  startup_stm32f4xx.o [2]
DMA1_Stream7_IRQHandler
                        0x0800a899          Code  Wk  startup_stm32f4xx.o [2]
DMA2_Stream0_IRQHandler
                        0x0800a8bd          Code  Wk  startup_stm32f4xx.o [2]
DMA2_Stream1_IRQHandler
                        0x0800a8c1          Code  Wk  startup_stm32f4xx.o [2]
DMA2_Stream2_IRQHandler
                        0x0800a8c5          Code  Wk  startup_stm32f4xx.o [2]
DMA2_Stream3_IRQHandler
                        0x0800a8c9          Code  Wk  startup_stm32f4xx.o [2]
DMA2_Stream4_IRQHandler
                        0x0800a8cd          Code  Wk  startup_stm32f4xx.o [2]
DMA2_Stream5_IRQHandler
                        0x0800a8ed          Code  Wk  startup_stm32f4xx.o [2]
DMA2_Stream6_IRQHandler
                        0x0800a8f1          Code  Wk  startup_stm32f4xx.o [2]
DMA2_Stream7_IRQHandler
                        0x0800a8f5          Code  Wk  startup_stm32f4xx.o [2]
DMA_ClearFlag           0x0800a259    0xb8  Code  Gb  stm32f4xx_dma.o [2]
DMA_Cmd                 0x0800a0db    0xb6  Code  Gb  stm32f4xx_dma.o [2]
DMA_DeInit              0x08009ccd   0x1ba  Code  Gb  stm32f4xx_dma.o [2]
DMA_GetCurrDataCounter  0x0800a191    0x74  Code  Gb  stm32f4xx_dma.o [2]
DMA_ITConfig            0x0800a315    0xca  Code  Gb  stm32f4xx_dma.o [2]
DMA_Init                0x08009e87   0x254  Code  Gb  stm32f4xx_dma.o [2]
DMA_UART_SendFrame      0x080083ff    0x3c  Code  Gb  UART_Control.o [2]
DebugMon_Handler        0x08005427     0x2  Code  Gb  stm32f4xx_it.o [2]
DebugUART_Init          0x080068bf    0x28  Code  Gb  main.o [2]
E2PROM_Save             0x200035d4     0x1  Data  Gb  WL9F_Monitor_APP.o [2]
EEPROM_ByteRead         0x0800853f    0x50  Code  Gb  FM31X4.o [2]
EEPROM_ByteWrite        0x080084e3    0x5c  Code  Gb  FM31X4.o [2]
EEPROM_PortChange       0x080084a5    0x3e  Code  Gb  FM31X4.o [2]
EEPROM_Read             0x080085ef    0x7e  Code  Gb  FM31X4.o [2]
EEPROM_Write            0x0800859d    0x52  Code  Gb  FM31X4.o [2]
ESL_ACK_received        0x20003609     0x1  Data  Gb  WL9F_Monitor_APP.o [2]
ESL_CTS_received        0x20003608     0x1  Data  Gb  WL9F_Monitor_APP.o [2]
ESL_System              0x08006609    0x40  Code  Gb  WL9F_Monitor_APP.o [2]
ETH_IRQHandler          0x0800a8d1          Code  Wk  startup_stm32f4xx.o [2]
ETH_WKUP_IRQHandler     0x0800a8d5          Code  Wk  startup_stm32f4xx.o [2]
EXTI0_IRQHandler        0x0800a7f5          Code  Wk  startup_stm32f4xx.o [2]
EXTI15_10_IRQHandler    0x0800a87d          Code  Wk  startup_stm32f4xx.o [2]
EXTI1_IRQHandler        0x0800a7f9          Code  Wk  startup_stm32f4xx.o [2]
EXTI2_IRQHandler        0x0800a7fd          Code  Wk  startup_stm32f4xx.o [2]
EXTI3_IRQHandler        0x0800a801          Code  Wk  startup_stm32f4xx.o [2]
EXTI4_IRQHandler        0x0800a805          Code  Wk  startup_stm32f4xx.o [2]
EXTI9_5_IRQHandler      0x0800a839          Code  Wk  startup_stm32f4xx.o [2]
FLASH_IRQHandler        0x0800a7ed          Code  Wk  startup_stm32f4xx.o [2]
FM3164_Watchdog_Init    0x0800866d    0x6c  Code  Gb  FM31X4.o [2]
FPU_IRQHandler          0x0800a921          Code  Wk  startup_stm32f4xx.o [2]
FSMC_IRQHandler         0x0800a89d          Code  Wk  startup_stm32f4xx.o [2]
FatoryInit_Flag         0x20002e52     0x1  Data  Gb  stm32f4xx_it.o [2]
FeistelFun              0x080092d5    0x3a  Code  Gb  endecoder.o [1]
File_Write_to_SFLAH     0x08008def    0x80  Code  Gb  M25PXX.o [2]
Flag_ESL                0x20003605     0x1  Data  Gb  WL9F_Monitor_APP.o [2]
Flag_SerialRxMsg        0x20003390     0x4  Data  Gb  CAN_Control.o [2]
Flag_TxE2pRomData       0x20003699     0x1  Data  Gb  stm32f4xx_it.o [2]
Flag_UartTxStart        0x200035d0     0x1  Data  Gb  WL9F_Monitor_APP.o [2]
GPIO_Configuration      0x0800427b   0x42a  Code  Gb  System_Init.o [2]
GPIO_Configuration_NotUsed
                        0x080046a5   0x30a  Code  Gb  System_Init.o [2]
GPIO_Init               0x08004d51   0x142  Code  Gb  stm32f4xx_gpio.o [2]
GPIO_PinAFConfig        0x080050c3    0xfc  Code  Gb  stm32f4xx_gpio.o [2]
GPIO_ReadInputDataBit   0x08004e93    0xc2  Code  Gb  stm32f4xx_gpio.o [2]
GPIO_ResetBits          0x08004fad    0x58  Code  Gb  stm32f4xx_gpio.o [2]
GPIO_SetBits            0x08004f55    0x58  Code  Gb  stm32f4xx_gpio.o [2]
GPIO_WriteBit           0x08005005    0xbe  Code  Gb  stm32f4xx_gpio.o [2]
GetRandValue            0x08006239    0x76  Code  Gb  WL9F_Monitor_APP.o [2]
HASH_RNG_IRQHandler     0x0800a91d          Code  Wk  startup_stm32f4xx.o [2]
HardFault_Handler       0x0800541d     0x2  Code  Gb  stm32f4xx_it.o [2]
Hardware_Version_Init   0x08009805     0x2  Code  Gb  Hardware_Version.o [2]
I2C1_ER_IRQHandler      0x0800a85d          Code  Wk  startup_stm32f4xx.o [2]
I2C1_EV_IRQHandler      0x0800a859          Code  Wk  startup_stm32f4xx.o [2]
I2C2DeviceInitialize_8816
                        0x08009737    0x20  Code  Gb  TW8816_Control.o [2]
I2C2_ByteRead_8816      0x0800962d   0x106  Code  Gb  TW8816_Control.o [2]
I2C2_ByteWrite_8816     0x08009523    0x8c  Code  Gb  TW8816_Control.o [2]
I2C2_ER_IRQHandler      0x0800a865          Code  Wk  startup_stm32f4xx.o [2]
I2C2_EV_IRQHandler      0x0800a861          Code  Wk  startup_stm32f4xx.o [2]
I2C2_Read_8816          0x080095af    0x7e  Code  Gb  TW8816_Control.o [2]
I2C2_Write_8816         0x080094a5    0x7e  Code  Gb  TW8816_Control.o [2]
I2C3_ER_IRQHandler      0x0800a901          Code  Wk  startup_stm32f4xx.o [2]
I2C3_EV_IRQHandler      0x0800a8fd          Code  Wk  startup_stm32f4xx.o [2]
Iden                    0x20002e48     0x8  Data  Gb  stm32f4xx_it.o [2]
Identifier              0x20003374     0x8  Data  Gb  CAN_Control.o [2]
Illumination_Sig        0x20003540     0x1  Data  Gb  LAMP_Control.o [2]
InStream_Read           0x0800a5e5    0x22  Code  Lc  packbits_init.o [6]
InitCVBSAll_8816        0x2000041c   0x404  Data  Gb  TW8816_Control.o [2]
Init_Smart_Key_valuable
                        0x08006079    0x1c  Code  Gb  WL9F_Monitor_APP.o [2]
KEYSWITCH_INPUT         0x08007ee0     0xc  Data  Gb  KeySwitch.o [2]
KEYSWITCH_INPUTPORT     0x200008bc    0x18  Data  Gb  KeySwitch.o [2]
KEYSWITCH_SCANPORT      0x200008b0     0xc  Data  Gb  KeySwitch.o [2]
KeySwitchScan           0x200008ac     0x1  Data  Gb  KeySwitch.o [2]
KeySwitchSendCount      0x200008e0     0x4  Data  Gb  KeySwitch.o [2]
KeySwitch_Init          0x08007e71    0x5c  Code  Gb  KeySwitch.o [2]
KeySwitch_Process       0x08007d41   0x130  Code  Gb  KeySwitch.o [2]
KeySwitch_SendToEXYNOS  0x08007ccd    0x44  Code  Gb  KeySwitch.o [2]
KeySwitch_Value         0x20003694     0x4  Data  Gb  WL9F_Monitor_APP.o [2]
LAMP_Control_Init       0x08008277    0x30  Code  Gb  LAMP_Control.o [2]
LAMP_Update_Data        0x200035f4     0x4  Data  Gb  WL9F_Monitor_APP.o [2]
LCDBL_Init              0x08007f77    0x92  Code  Gb  LCD_Control.o [2]
LCDBL_ONOFF             0x08007f03    0x14  Code  Gb  LCD_Control.o [2]
LCDBL_PWMLEVEL          0x080080b4    0x14  Data  Gb  LCD_Control.o [2]
LCDBL_PWM_CONTROL       0x08007f27    0x50  Code  Gb  LCD_Control.o [2]
LCDBL_PWM_LEVEL         0x08007f17    0x10  Code  Gb  LCD_Control.o [2]
LCDOffCount             0x200035d9     0x1  Data  Gb  WL9F_Monitor_APP.o [2]
LCD_Control_Init        0x08008071    0x26  Code  Gb  LCD_Control.o [2]
LCD_Display_Change      0x08008009    0x48  Code  Gb  LCD_Control.o [2]
LCD_POWER_ONOFF         0x08007ef9     0xa  Code  Gb  LCD_Control.o [2]
LED_POWER_ONOFF         0x08007eed     0xc  Code  Gb  LCD_Control.o [2]
Lamp_Update_State       0x0800815d   0x11a  Code  Gb  LAMP_Control.o [2]
Lamp_Update_System      0x080080c9    0x94  Code  Gb  LAMP_Control.o [2]
Lamp_Value              0x2000364e     0x1  Data  Gb  LAMP_Control.o [2]
Lamp_name               0x2000364d     0x1  Data  Gb  LAMP_Control.o [2]
Led_BL_TEMP             0x2000356c    0x28  Data  Gb  LAMP_Control.o [2]
Led_SIG_TEMP            0x20003544    0x28  Data  Gb  LAMP_Control.o [2]
M25P32_Init             0x08008c5d    0x2a  Code  Gb  M25PXX.o [2]
MakeCrc16               0x08008c37    0x26  Code  Gb  M25PXX.o [2]
MemManage_Handler       0x0800541f     0x2  Code  Gb  stm32f4xx_it.o [2]
MoniInfoData            0x200035b4    0x18  Data  Gb  WL9F_Monitor_APP.o [2]
MonitorStatus_CAN_TX    0x08005e63    0x48  Code  Gb  CAN_Control.o [2]
NMI_Handler             0x0800541b     0x2  Code  Gb  stm32f4xx_it.o [2]
NVIC_Init               0x08005241    0x8c  Code  Gb  misc.o [2]
NVIC_SetVectorTable     0x080052cd    0x38  Code  Gb  misc.o [2]
OSUpdateCount           0x200035f0     0x2  Data  Gb  WL9F_Monitor_APP.o [2]
OTG_FS_IRQHandler       0x0800a8e9          Code  Wk  startup_stm32f4xx.o [2]
OTG_FS_WKUP_IRQHandler  0x0800a885          Code  Wk  startup_stm32f4xx.o [2]
OTG_HS_EP1_IN_IRQHandler
                        0x0800a909          Code  Wk  startup_stm32f4xx.o [2]
OTG_HS_EP1_OUT_IRQHandler
                        0x0800a905          Code  Wk  startup_stm32f4xx.o [2]
OTG_HS_IRQHandler       0x0800a911          Code  Wk  startup_stm32f4xx.o [2]
OTG_HS_WKUP_IRQHandler  0x0800a90d          Code  Wk  startup_stm32f4xx.o [2]
Old_LAMP_Update_Data    0x200035f8     0x4  Data  Gb  WL9F_Monitor_APP.o [2]
PVD_IRQHandler          0x0800a7e1          Code  Wk  startup_stm32f4xx.o [2]
Password_Certification_Result
                        0x2000360a     0x1  Data  Gb  WL9F_Monitor_APP.o [2]
PendSV_Handler          0x08005429     0x2  Code  Gb  stm32f4xx_it.o [2]
PwrOffCnt               0x200035d5     0x1  Data  Gb  WL9F_Monitor_APP.o [2]
RCC_AHB1PeriphClockCmd  0x08004b71    0x44  Code  Gb  stm32f4xx_rcc.o [2]
RCC_AHB3PeriphClockCmd  0x08004bb5    0x42  Code  Gb  stm32f4xx_rcc.o [2]
RCC_APB1PeriphClockCmd  0x08004bf7    0x44  Code  Gb  stm32f4xx_rcc.o [2]
RCC_APB1PeriphResetCmd  0x08004c7f    0x44  Code  Gb  stm32f4xx_rcc.o [2]
RCC_APB2PeriphClockCmd  0x08004c3b    0x44  Code  Gb  stm32f4xx_rcc.o [2]
RCC_ClockSecuritySystemCmd
                        0x08004ac5    0x1e  Code  Gb  stm32f4xx_rcc.o [2]
RCC_Configuration       0x08004189    0xf2  Code  Gb  System_Init.o [2]
RCC_GetClocksFreq       0x08004ae3    0x8e  Code  Gb  stm32f4xx_rcc.o [2]
RCC_IRQHandler          0x0800a7f1          Code  Wk  startup_stm32f4xx.o [2]
READ_FM31xx_RTC_Companion
                        0x08008759    0x7a  Code  Gb  FM31X4.o [2]
READ_RTC                0x08008945    0xb0  Code  Gb  FM31X4.o [2]
RTC_Alarm_IRQHandler    0x0800a881          Code  Wk  startup_stm32f4xx.o [2]
RTC_WKUP_IRQHandler     0x0800a7e9          Code  Wk  startup_stm32f4xx.o [2]
Read_File_From_SFLAH    0x08008e6f    0x5e  Code  Gb  M25PXX.o [2]
RecvMachInfo            0x20003386     0x1  Data  Gb  CAN_Control.o [2]
Region$$Table$$Base     0x0800a718           --   Gb  - Linker created -
Region$$Table$$Limit    0x0800a744           --   Gb  - Linker created -
RequestFirstAuthentication
                        0x080062af    0x7e  Code  Gb  WL9F_Monitor_APP.o [2]
RequestSMKElimination   0x0800638f    0x12  Code  Gb  WL9F_Monitor_APP.o [2]
RequestSMKRegistration  0x0800637b    0x14  Code  Gb  WL9F_Monitor_APP.o [2]
RequestSecondAuthentication
                        0x0800632d    0x4e  Code  Gb  WL9F_Monitor_APP.o [2]
Reset_Handler           0x0800a79d          Code  Wk  startup_stm32f4xx.o [2]
Ride_Control_flag       0x20003668     0x1  Data  Gb  LAMP_Control.o [2]
RxMsg                   0x20002e34    0x14  Data  Gb  stm32f4xx_it.o [2]
SDIO_IRQHandler         0x0800a8a1          Code  Wk  startup_stm32f4xx.o [2]
SMKSuccess              0x2000360c     0x1  Data  Gb  WL9F_Monitor_APP.o [2]
SMK_Msg_Send            0x2000360d     0x1  Data  Gb  WL9F_Monitor_APP.o [2]
SMK_SendToExynos        0x08007d11    0x30  Code  Gb  KeySwitch.o [2]
SMK_Tag_Count           0x2000360e     0x1  Data  Gb  WL9F_Monitor_APP.o [2]
SPI1_IRQHandler         0x0800a869          Code  Wk  startup_stm32f4xx.o [2]
SPI2_IRQHandler         0x0800a86d          Code  Wk  startup_stm32f4xx.o [2]
SPI3_IRQHandler         0x0800a8a9          Code  Wk  startup_stm32f4xx.o [2]
SPI_FLASH_BufferRead    0x08008acd    0x8e  Code  Gb  M25PXX.o [2]
SPI_FLASH_PageWrite     0x08008a37    0x96  Code  Gb  M25PXX.o [2]
SPI_FLASH_SectorErase   0x080089f5    0x42  Code  Gb  M25PXX.o [2]
SPI_FLASH_WaitForWriteEnd
                        0x08008bd1    0x66  Code  Gb  M25PXX.o [2]
SPI_FLASH_WriteEnable   0x08008baf    0x1a  Code  Gb  M25PXX.o [2]
SPI_Transfer            0x08008b5b    0x54  Code  Gb  M25PXX.o [2]
STM32_Update            0x08008c87   0x124  Code  Gb  M25PXX.o [2]
STM_EVAL_COMInit        0x08009be9    0xbe  Code  Gb  stm324xg_eval.o [2]
ST_Update               0x200035d7     0x1  Data  Gb  WL9F_Monitor_APP.o [2]
SVC_Handler             0x08005425     0x2  Code  Gb  stm32f4xx_it.o [2]
SaveSMKUseToEEPROM      0x080060e7     0x8  Code  Gb  WL9F_Monitor_APP.o [2]
Seed_Request_CAN_TX     0x08005eb1    0x50  Code  Gb  CAN_Control.o [2]
Seed_received           0x20003607     0x1  Data  Gb  WL9F_Monitor_APP.o [2]
Seed_request            0x20003606     0x1  Data  Gb  WL9F_Monitor_APP.o [2]
SendEEPROMDataCnt       0x20003638     0x1  Data  Gb  stm32f4xx_it.o [2]
SendMultiPacketData_ESL
                        0x08005f79    0xaa  Code  Gb  CAN_Control.o [2]
SendMultiPacketRTS_ESL  0x08005f01    0x78  Code  Gb  CAN_Control.o [2]
SendRTCnt               0x200035d2     0x1  Data  Gb  WL9F_Monitor_APP.o [2]
SendSMKAuthResult       0x080061d9     0xc  Code  Gb  WL9F_Monitor_APP.o [2]
SendTime_E2PROM         0x200035d1     0x1  Data  Gb  WL9F_Monitor_APP.o [2]
SendTo_E2PROM           0x080053dd    0x3e  Code  Gb  stm32f4xx_it.o [2]
SerialMsgRTC            0x20003650    0x10  Data  Gb  WL9F_Monitor_APP.o [2]
SerialTXIndex           0x20003688     0x8  Data  Gb  stm32f4xx_it.o [2]
Serial_BaudRate         0x08008484    0x14  Data  Gb  UART_Control.o [2]
Serial_IRQ_Channel      0x08008498     0xc  Data  Gb  UART_Control.o [2]
Serial_USART            0x200008e4    0x14  Data  Gb  UART_Control.o [2]
SetDisplayCH1           0x08009825    0x5e  Code  Gb  TW8816_OSD.o [2]
SetDisplayCH2           0x08009883    0x5e  Code  Gb  TW8816_OSD.o [2]
SetDisplayCH3           0x080098e1    0x5e  Code  Gb  TW8816_OSD.o [2]
SetDisplayCH4           0x0800993f    0x5e  Code  Gb  TW8816_OSD.o [2]
SetDisplayNosignal      0x0800999d   0x11e  Code  Gb  TW8816_OSD.o [2]
SetDisplayNosignalBlank
                        0x08009abb   0x114  Code  Gb  TW8816_OSD.o [2]
SetFontOSDWindow        0x08009807    0x1e  Code  Gb  TW8816_OSD.o [2]
SetTagCmd               0x08006209    0x1c  Code  Gb  WL9F_Monitor_APP.o [2]
SetTagLevel             0x080061e5    0x24  Code  Gb  WL9F_Monitor_APP.o [2]
SetVMC                  0x08006225    0x14  Code  Gb  WL9F_Monitor_APP.o [2]
SmartKeyAuthentication  0x08006503   0x106  Code  Gb  WL9F_Monitor_APP.o [2]
SmartKeyUse             0x200035da     0x1  Data  Gb  WL9F_Monitor_APP.o [2]
Stm32_Update_CMD        0x20002e51     0x1  Data  Gb  stm32f4xx_it.o [2]
SysTick_Handler         0x0800542b    0x6a  Code  Gb  stm32f4xx_it.o [2]
SystemCoreClock         0x20000908     0x4  Data  Gb  system_stm32f4xx.o [2]
SystemInit              0x0800a4f5    0xcc  Code  Gb  system_stm32f4xx.o [2]
SystemReset             0x200035d3     0x1  Data  Gb  WL9F_Monitor_APP.o [2]
System_CheckPowerIG     0x080060ef    0xea  Code  Gb  WL9F_Monitor_APP.o [2]
System_Configuration    0x080049af    0x18  Code  Gb  System_Init.o [2]
System_Initialize       0x080049c7    0x70  Code  Gb  System_Init.o [2]
System_Variable_Init    0x08004a37    0x48  Code  Gb  System_Init.o [2]
TAMP_STAMP_IRQHandler   0x0800a7e5          Code  Wk  startup_stm32f4xx.o [2]
TIM1_BRK_TIM9_IRQHandler
                        0x0800a83d          Code  Wk  startup_stm32f4xx.o [2]
TIM1_CC_IRQHandler      0x0800a849          Code  Wk  startup_stm32f4xx.o [2]
TIM1_TRG_COM_TIM11_IRQHandler
                        0x0800a845          Code  Wk  startup_stm32f4xx.o [2]
TIM1_UP_TIM10_IRQHandler
                        0x0800a841          Code  Wk  startup_stm32f4xx.o [2]
TIM2_IRQHandler         0x0800a84d          Code  Wk  startup_stm32f4xx.o [2]
TIM3_IRQHandler         0x0800a851          Code  Wk  startup_stm32f4xx.o [2]
TIM4_IRQHandler         0x08005565    0x56  Code  Gb  stm32f4xx_it.o [2]
TIM5_IRQHandler         0x080055bb    0x14  Code  Gb  stm32f4xx_it.o [2]
TIM6_DAC_IRQHandler     0x0800a8b5          Code  Wk  startup_stm32f4xx.o [2]
TIM7_IRQHandler         0x0800a8b9          Code  Wk  startup_stm32f4xx.o [2]
TIM8_BRK_TIM12_IRQHandler
                        0x0800a889          Code  Wk  startup_stm32f4xx.o [2]
TIM8_CC_IRQHandler      0x0800a895          Code  Wk  startup_stm32f4xx.o [2]
TIM8_TRG_COM_TIM14_IRQHandler
                        0x0800a891          Code  Wk  startup_stm32f4xx.o [2]
TIM8_UP_TIM13_IRQHandler
                        0x0800a88d          Code  Wk  startup_stm32f4xx.o [2]
TIM_ClearITPendingBit   0x08007b19    0x7e  Code  Gb  stm32f4xx_tim.o [2]
TIM_Cmd                 0x0800778d    0xa6  Code  Gb  stm32f4xx_tim.o [2]
TIM_CtrlPWMOutputs      0x08007a01    0x42  Code  Gb  stm32f4xx_tim.o [2]
TIM_ITConfig            0x08007a49    0xa2  Code  Gb  stm32f4xx_tim.o [2]
TIM_OC1Init             0x08007839   0x18a  Code  Gb  stm32f4xx_tim.o [2]
TIM_TimeBaseInit        0x0800762d   0x12a  Code  Gb  stm32f4xx_tim.o [2]
TW8816_CameraMode       0x0800977b    0x68  Code  Gb  TW8816_Control.o [2]
TW8816_CheckCamera_Input
                        0x08009757    0x24  Code  Gb  TW8816_Control.o [2]
TW8816_Control_Init     0x080097f3     0x2  Code  Gb  TW8816_Control.o [2]
TW8816_PortChange       0x08009469    0x3c  Code  Gb  TW8816_Control.o [2]
Temp_Cnt                0x200008dc     0x4  Data  Gb  KeySwitch.o [2]
Temp_Value1             0x200008d4     0x4  Data  Gb  KeySwitch.o [2]
Temp_Value3             0x200008d8     0x4  Data  Gb  KeySwitch.o [2]
TimeDelay_Decrement     0x08006f8d     0xe  Code  Gb  TimeDelay.o [2]
TimeDelay_msec          0x08006fc7    0x2c  Code  Gb  TimeDelay.o [2]
TimeDelay_usec          0x08006fa1    0x26  Code  Gb  TimeDelay.o [2]
TimingDelay             0x20003684     0x4  Data  Lc  TimeDelay.o [2]
TotMsgSize              0x2000363a     0x2  Data  Gb  stm32f4xx_it.o [2]
TotPacketNum            0x20002e58     0x2  Data  Gb  stm32f4xx_it.o [2]
TotalRequestCnt         0x20003387     0x1  Data  Gb  CAN_Control.o [2]
UART4_IRQHandler        0x0800562d    0x38  Code  Gb  stm32f4xx_it.o [2]
UART4_Receive_CMD       0x08005669   0x212  Code  Gb  stm32f4xx_it.o [2]
UART4_Receive_File      0x0800587b    0x72  Code  Gb  stm32f4xx_it.o [2]
UART4_transmit_CMD      0x080058ed    0x40  Code  Gb  stm32f4xx_it.o [2]
UART5_IRQHandler        0x0800a8b1          Code  Wk  startup_stm32f4xx.o [2]
USART1_IRQHandler       0x0800a871          Code  Wk  startup_stm32f4xx.o [2]
USART2_IRQHandler       0x080055cf    0x5e  Code  Gb  stm32f4xx_it.o [2]
USART3_IRQHandler       0x0800a879          Code  Wk  startup_stm32f4xx.o [2]
USART6_IRQHandler       0x0800a8f9          Code  Wk  startup_stm32f4xx.o [2]
USART_COMInit           0x080082b9    0x7a  Code  Gb  UART_Control.o [2]
USART_COMInit_DMA       0x08008333    0xcc  Code  Gb  UART_Control.o [2]
USART_Cmd               0x08006b1b    0x68  Code  Gb  stm32f4xx_usart.o [2]
USART_DMACmd            0x08006c41    0x7a  Code  Gb  stm32f4xx_usart.o [2]
USART_GetITStatus       0x08006dbd    0xe2  Code  Gb  stm32f4xx_usart.o [2]
USART_ITConfig          0x08006cc5    0xf8  Code  Gb  stm32f4xx_usart.o [2]
USART_Init              0x0800698d   0x18e  Code  Gb  stm32f4xx_usart.o [2]
USART_ReceiveData       0x08006bdf    0x48  Code  Gb  stm32f4xx_usart.o [2]
USART_SendData          0x08006b83    0x5c  Code  Gb  stm32f4xx_usart.o [2]
USARTx_EXYNOS           0x0800843b    0x2a  Code  Gb  UART_Control.o [2]
Uart2_RxMsg_AS_Phone_Data
                        0x200033ac     0x8  Data  Gb  CAN_Control.o [2]
Uart2_RxMsg_Multi_145   0x200034ac    0x18  Data  Gb  CAN_Control.o [2]
Uart2_RxMsg_Multi_161   0x200033ec    0x10  Data  Gb  CAN_Control.o [2]
Uart2_RxMsg_Multi_23    0x2000344c    0x10  Data  Gb  CAN_Control.o [2]
Uart2_RxMsg_Multi_69    0x200033cc    0x18  Data  Gb  CAN_Control.o [2]
Uart2_RxMsg_Save_Data1  0x2000339c     0x8  Data  Gb  CAN_Control.o [2]
Uart2_RxMsg_Save_Data2  0x200033a4     0x8  Data  Gb  CAN_Control.o [2]
Uart2_RxMsg_Single_101  0x2000346c     0x8  Data  Gb  CAN_Control.o [2]
Uart2_RxMsg_Single_104  0x20003474     0x8  Data  Gb  CAN_Control.o [2]
Uart2_RxMsg_Single_105  0x2000347c     0x8  Data  Gb  CAN_Control.o [2]
Uart2_RxMsg_Single_109  0x20003484     0x8  Data  Gb  CAN_Control.o [2]
Uart2_RxMsg_Single_11   0x20003434     0x8  Data  Gb  CAN_Control.o [2]
Uart2_RxMsg_Single_12   0x2000343c     0x8  Data  Gb  CAN_Control.o [2]
Uart2_RxMsg_Single_121  0x2000348c     0x8  Data  Gb  CAN_Control.o [2]
Uart2_RxMsg_Single_123  0x20003494     0x8  Data  Gb  CAN_Control.o [2]
Uart2_RxMsg_Single_160  0x200033e4     0x8  Data  Gb  CAN_Control.o [2]
Uart2_RxMsg_Single_162  0x2000337c     0x8  Data  Gb  CAN_Control.o [2]
Uart2_RxMsg_Single_163  0x200033fc     0x8  Data  Gb  CAN_Control.o [2]
Uart2_RxMsg_Single_174  0x20003404     0x8  Data  Gb  CAN_Control.o [2]
Uart2_RxMsg_Single_201  0x2000349c     0x8  Data  Gb  CAN_Control.o [2]
Uart2_RxMsg_Single_203  0x200034a4     0x8  Data  Gb  CAN_Control.o [2]
Uart2_RxMsg_Single_21   0x20003444     0x8  Data  Gb  CAN_Control.o [2]
Uart2_RxMsg_Single_239  0x20003424     0x8  Data  Gb  CAN_Control.o [2]
Uart2_RxMsg_Single_239_121
                        0x2000342c     0x8  Data  Gb  CAN_Control.o [2]
Uart2_RxMsg_Single_247  0x200034c4     0x8  Data  Gb  CAN_Control.o [2]
Uart2_RxMsg_Single_251  0x2000340c     0x8  Data  Gb  CAN_Control.o [2]
Uart2_RxMsg_Single_252  0x20003414     0x8  Data  Gb  CAN_Control.o [2]
Uart2_RxMsg_Single_253  0x2000341c     0x8  Data  Gb  CAN_Control.o [2]
Uart2_RxMsg_Single_46   0x200033bc     0x8  Data  Gb  CAN_Control.o [2]
Uart2_RxMsg_Single_47   0x2000261c     0x8  Data  Gb  CAN_Control.o [2]
Uart2_RxMsg_Single_61   0x2000345c     0x8  Data  Gb  CAN_Control.o [2]
Uart2_RxMsg_Single_62   0x20003464     0x8  Data  Gb  CAN_Control.o [2]
Uart2_RxMsg_Single_69   0x200033c4     0x8  Data  Gb  CAN_Control.o [2]
Uart2_RxMsg_Smk_Reg_Eli
                        0x200033b4     0x8  Data  Gb  CAN_Control.o [2]
Uart2_SerialRxCnt       0x2000364c     0x1  Data  Gb  stm32f4xx_it.o [2]
Uart2_SerialRxMsg       0x2000363c    0x10  Data  Gb  stm32f4xx_it.o [2]
Uart2_SerialTxCnt       0x20002e50     0x1  Data  Gb  stm32f4xx_it.o [2]
Uart2_SerialTxMsg       0x20003624    0x14  Data  Gb  stm32f4xx_it.o [2]
UpdateMode              0x200035d8     0x1  Data  Gb  WL9F_Monitor_APP.o [2]
UsageFault_Handler      0x08005423     0x2  Code  Gb  stm32f4xx_it.o [2]
WL9FM_100mSecOperationFunc
                        0x08006649    0xc0  Code  Gb  WL9F_Monitor_APP.o [2]
WL9FM_BUZZER            0x20003674     0x8  Data  Gb  WL9F_Monitor_APP.o [2]
WL9FM_CAMERA_nRESET     0x08009163    0x26  Code  Gb  GPIO_Control.o [2]
WL9FM_EXYNOS_PMIC_PWROFF
                        0x0800911d    0x36  Code  Gb  GPIO_Control.o [2]
WL9FM_EXYNOS_PMIC_PWRON
                        0x080090f9    0x24  Code  Gb  GPIO_Control.o [2]
WL9FM_EXYNOS_POWER_ONOFF
                        0x080090f1     0x8  Code  Gb  GPIO_Control.o [2]
WL9FM_GetPowerIG        0x08009193     0x8  Code  Gb  GPIO_Control.o [2]
WL9FM_LCDBL             0x20003690     0x4  Data  Gb  WL9F_Monitor_APP.o [2]
WL9FM_Monitor_APP       0x08006799    0xda  Code  Gb  WL9F_Monitor_APP.o [2]
WL9FM_PowerIG           0x08009189     0xa  Code  Gb  GPIO_Control.o [2]
WL9FM_RTC               0x2000366c     0x8  Data  Gb  WL9F_Monitor_APP.o [2]
WL9FM_System_Init_Start
                        0x08006715    0x82  Code  Gb  WL9F_Monitor_APP.o [2]
WL9FM_TIME              0x200035dc    0x14  Data  Gb  WL9F_Monitor_APP.o [2]
WL9FM_USART_DATA        0x20003160   0x214  Data  Gb  WL9F_Monitor_APP.o [2]
WL9FM_USART_FILE_DATA   0x20002a2c   0x408  Data  Gb  WL9F_Monitor_APP.o [2]
WL9FM_USART_INDEX       0x2000367c     0x8  Data  Gb  WL9F_Monitor_APP.o [2]
WL9FM_USART_RX_FILE_DATA
                        0x20002624   0x408  Data  Gb  WL9F_Monitor_APP.o [2]
WL9F_CAN_Buffer_Init    0x080053a1    0x28  Code  Gb  stm32f4xx_it.o [2]
WL9F_CAN_Variables_Init
                        0x08005a4d   0x208  Code  Gb  CAN_Control.o [2]
WRITE_FM31xx_RTC_Companion
                        0x080086dd    0x50  Code  Gb  FM31X4.o [2]
WRITE_RTC               0x080088e5    0x60  Code  Gb  FM31X4.o [2]
WRITE_RTC_Date          0x08008861    0x24  Code  Gb  FM31X4.o [2]
WRITE_RTC_Hour          0x08008885    0x20  Code  Gb  FM31X4.o [2]
WRITE_RTC_Minute        0x080088a5    0x20  Code  Gb  FM31X4.o [2]
WRITE_RTC_Month         0x0800883d    0x24  Code  Gb  FM31X4.o [2]
WRITE_RTC_Second        0x080088c5    0x20  Code  Gb  FM31X4.o [2]
WRITE_RTC_Year          0x0800881d    0x20  Code  Gb  FM31X4.o [2]
WWDG_IRQHandler         0x0800a7dd          Code  Wk  startup_stm32f4xx.o [2]
WriteTW8816             0x08009733     0x4  Code  Gb  TW8816_Control.o [2]
Write_CAN_Single        0x08005c55    0x40  Code  Gb  CAN_Control.o [2]
Write_UART_Single       0x08005c95    0x62  Code  Gb  CAN_Control.o [2]
_Rand_idx               0x20000828     0x4  Data  Lc  rand.o [4]
_Rand_rv                0x2000082c    0x80  Data  Lc  rand.o [4]
_Randinit               0x20000820     0x1  Data  Gb  rand.o [4]
_Randseed               0x20000824     0x4  Data  Gb  rand.o [4]
__aeabi_memclr          0x08005399          Code  Gb  ABImemclr.o [6]
__aeabi_memclr4         0x08005371          Code  Gb  ABImemclr4.o [6]
__aeabi_memcpy          0x08006f15          Code  Gb  ABImemcpy.o [6]
__aeabi_memcpy4         0x08006f35          Code  Gb  ABImemcpy.o [6]
__aeabi_memcpy8         0x08006f35          Code  Gb  ABImemcpy.o [6]
__aeabi_memset          0x08006925          Code  Gb  ABImemset.o [6]
__aeabi_memset4         0x080068e9          Code  Gb  ABImemset48.o [6]
__aeabi_memset8         0x080068e9          Code  Gb  ABImemset48.o [6]
__cmain                 0x0800a761          Code  Gb  cmain.o [6]
__exit                  0x0800a69d    0x14  Code  Gb  exit.o [7]
__iar_Memset            0x08006925          Code  Gb  ABImemset.o [6]
__iar_Memset4_word      0x080068f1          Code  Gb  ABImemset48.o [6]
__iar_Memset8_word      0x080068f1          Code  Gb  ABImemset48.o [6]
__iar_Memset_word       0x0800692d          Code  Gb  ABImemset.o [6]
__iar_data_init3        0x0800a6f1    0x28  Code  Gb  data_init.o [6]
__iar_dlib_perthread_access
                        0x0800a4f3     0x2  Code  Gb  xtls.o [4]
__iar_init_vfp          0x0800a745          Code  Gb  fpinit_M.o [5]
__iar_packbits_init3    0x0800a607    0x8e  Code  Gb  packbits_init.o [6]
__iar_program_start     0x0800a7ad          Code  Gb  cstartup_M.o [6]
__iar_zero_init3        0x08005377    0x22  Code  Gb  zero_init3.o [6]
__low_level_init        0x0800a777     0x4  Code  Gb  low_level_init.o [4]
__vector_table          0x08004000          Data  Gb  startup_stm32f4xx.o [2]
_call_main              0x0800a76d          Code  Gb  cmain.o [6]
_cipherKey              0x20000928     0x4  Data  Lc  endecoder.o [1]
_decodeFeistel          0x08009385    0x4a  Code  Gb  endecoder.o [1]
_encodeFeistel          0x0800933f    0x46  Code  Gb  endecoder.o [1]
_exit                   0x0800a781          Code  Gb  cexit.o [6]
_main                   0x0800a773          Code  Gb  cmain.o [6]
abort                   0x0800a695     0x6  Code  Gb  abort.o [4]
adc_value               0x200035cc     0x2  Data  Gb  WL9F_Monitor_APP.o [2]
assert_failed           0x080068e7     0x2  Code  Gb  main.o [2]
cam_mode_change         0x08008059    0x18  Code  Gb  LCD_Control.o [2]
cam_mode_check          0x08008051     0x8  Code  Gb  LCD_Control.o [2]
can_status              0x200034cc     0x1  Data  Gb  CAN_Control.o [2]
can_status_buf          0x200034d0    0x64  Data  Gb  CAN_Control.o [2]
can_tx_error_count      0x200034cd     0x1  Data  Gb  CAN_Control.o [2]
check_as_data_len       0x20003384     0x1  Data  Gb  CAN_Control.o [2]
decode                  0x0800942f    0x2c  Code  Gb  endecoder.o [1]
download_enable_code    0x20000000     0x8  Data  Gb  M25PXX.o [2]
eepRomReadData1         0x20003594    0x20  Data  Gb  WL9F_Monitor_APP.o [2]
encode                  0x080093d9    0x56  Code  Gb  endecoder.o [1]
exit                    0x0800a77b     0x4  Code  Gb  exit.o [4]
expand                  0x08009289    0x4c  Code  Gb  endecoder.o [1]
expand_tb               0x0800a78c    0x10  Data  Gb  endecoder.o [1]
fatoryinit_enable_code  0x20000008     0x8  Data  Gb  M25PXX.o [2]
flag_skip_multi_packet  0x20003385     0x1  Data  Gb  CAN_Control.o [2]
gAuthentication_Cnt     0x20003604     0x1  Data  Gb  WL9F_Monitor_APP.o [2]
gRebootCmd              0x200035d6     0x1  Data  Gb  WL9F_Monitor_APP.o [2]
getKey                  0x0800930f    0x30  Code  Gb  endecoder.o [1]
main                    0x080068b5     0xa  Code  Gb  main.o [2]
memcmp                  0x0800a491          Code  Gb  memcmp.o [6]
memset                  0x080090dd    0x14  Code  Gb  CAN_Control.o [2]
pWriteBufPos            0x20002e56     0x2  Data  Gb  stm32f4xx_it.o [2]
pgn                     0x20002e5c     0x4  Data  Gb  stm32f4xx_it.o [2]
rand                    0x080091a9    0xe0  Code  Gb  rand.o [4]
rand_value              0x20003618     0x8  Data  Gb  WL9F_Monitor_APP.o [2]
read_clock              0x08006095    0x52  Code  Gb  WL9F_Monitor_APP.o [2]
recv_smartkey           0x200035fc     0x8  Data  Gb  WL9F_Monitor_APP.o [2]
ring_buf                0x20002e60   0x300  Data  Gb  stm32f4xx_it.o [2]
rx_CMD_LAMP             0x20003538     0x8  Data  Gb  LAMP_Control.o [2]
rx_Realy_Control        0x20003660     0x8  Data  Gb  LAMP_Control.o [2]
s_boxA                  0x0800a6b0    0x40  Data  Gb  endecoder.o [1]
send_smartkey           0x20003610     0x8  Data  Gb  WL9F_Monitor_APP.o [2]
setCipherParam          0x080093cf     0xa  Code  Gb  endecoder.o [1]
smk_flag_data           0x20003620     0x4  Data  Gb  WL9F_Monitor_APP.o [2]
temp1024                0x2000001c   0x400  Data  Gb  M25PXX.o [2]
temp3                   0x20000014     0x8  Data  Gb  M25PXX.o [2]
temp_crc                0x20000012     0x2  Data  Gb  M25PXX.o [2]
tmpBuf                  0x20003394     0x8  Data  Gb  CAN_Control.o [2]
tp_cm_bam               0x2000338c     0x4  Data  Gb  CAN_Control.o [2]


[1] = C:\Tools\WL9F\WL_F_Monitor_APP\Platform\COMMON\SRC
[2] = C:\Tools\WL9F\WL_F_Monitor_APP\Project\Debug\Obj
[3] = command line
[4] = dl7M_tlf.a
[5] = m7M_tlv.a
[6] = rt7M_tl.a
[7] = shb_l.a

  26 790 bytes of readonly  code memory
   1 297 bytes of readonly  data memory
  16 025 bytes of readwrite data memory

Errors: none
Warnings: none
