###############################################################################
#                                                                             #
# IAR ELF Linker V6.50.1.4415/W32 for ARM               01/Sep/2014  20:45:29 #
# Copyright 2007-2012 IAR Systems AB.                                         #
#                                                                             #
#    Output file  =  C:\Tools\WL9F\WL_F_Monitor_APP_DMA\Project\Debug\Exe\WL9 #
#                    F_Monitor_APP.out                                        #
#    Map file     =  C:\Tools\WL9F\WL_F_Monitor_APP_DMA\Project\Debug\List\WL #
#                    9F_Monitor_APP.map                                       #
#    Command line =  C:\Tools\WL9F\WL_F_Monitor_APP_DMA\Platform\COMMON\SRC\e #
#                    ndecoder.o C:\Tools\WL9F\WL_F_Monitor_APP_DMA\Project\De #
#                    bug\Obj\Buzzer.o C:\Tools\WL9F\WL_F_Monitor_APP_DMA\Proj #
#                    ect\Debug\Obj\CAN_Control.o                              #
#                    C:\Tools\WL9F\WL_F_Monitor_APP_DMA\Project\Debug\Obj\DPR #
#                    AM_Control.o C:\Tools\WL9F\WL_F_Monitor_APP_DMA\Project\ #
#                    Debug\Obj\FM31X4.o C:\Tools\WL9F\WL_F_Monitor_APP_DMA\Pr #
#                    oject\Debug\Obj\GPIO_Control.o                           #
#                    C:\Tools\WL9F\WL_F_Monitor_APP_DMA\Project\Debug\Obj\Har #
#                    dware_Version.o C:\Tools\WL9F\WL_F_Monitor_APP_DMA\Proje #
#                    ct\Debug\Obj\KeySwitch.o C:\Tools\WL9F\WL_F_Monitor_APP_ #
#                    DMA\Project\Debug\Obj\LAMP_Control.o                     #
#                    C:\Tools\WL9F\WL_F_Monitor_APP_DMA\Project\Debug\Obj\LCD #
#                    _Control.o C:\Tools\WL9F\WL_F_Monitor_APP_DMA\Project\De #
#                    bug\Obj\M25PXX.o C:\Tools\WL9F\WL_F_Monitor_APP_DMA\Proj #
#                    ect\Debug\Obj\System_Debug.o                             #
#                    C:\Tools\WL9F\WL_F_Monitor_APP_DMA\Project\Debug\Obj\Sys #
#                    tem_Init.o C:\Tools\WL9F\WL_F_Monitor_APP_DMA\Project\De #
#                    bug\Obj\TW2835_Control.o C:\Tools\WL9F\WL_F_Monitor_APP_ #
#                    DMA\Project\Debug\Obj\TW2835_OSD.o                       #
#                    C:\Tools\WL9F\WL_F_Monitor_APP_DMA\Project\Debug\Obj\TW8 #
#                    832_Control.o C:\Tools\WL9F\WL_F_Monitor_APP_DMA\Project #
#                    \Debug\Obj\TW8832_OSD.o C:\Tools\WL9F\WL_F_Monitor_APP_D #
#                    MA\Project\Debug\Obj\TimeDelay.o                         #
#                    C:\Tools\WL9F\WL_F_Monitor_APP_DMA\Project\Debug\Obj\UAR #
#                    T_Control.o C:\Tools\WL9F\WL_F_Monitor_APP_DMA\Project\D #
#                    ebug\Obj\WL9F_Monitor_APP.o                              #
#                    C:\Tools\WL9F\WL_F_Monitor_APP_DMA\Project\Debug\Obj\mai #
#                    n.o C:\Tools\WL9F\WL_F_Monitor_APP_DMA\Project\Debug\Obj #
#                    \misc.o C:\Tools\WL9F\WL_F_Monitor_APP_DMA\Project\Debug #
#                    \Obj\startup_stm32f4xx.o C:\Tools\WL9F\WL_F_Monitor_APP_ #
#                    DMA\Project\Debug\Obj\stm324xg_eval.o                    #
#                    C:\Tools\WL9F\WL_F_Monitor_APP_DMA\Project\Debug\Obj\stm #
#                    32f4xx_adc.o C:\Tools\WL9F\WL_F_Monitor_APP_DMA\Project\ #
#                    Debug\Obj\stm32f4xx_can.o C:\Tools\WL9F\WL_F_Monitor_APP #
#                    _DMA\Project\Debug\Obj\stm32f4xx_crc.o                   #
#                    C:\Tools\WL9F\WL_F_Monitor_APP_DMA\Project\Debug\Obj\stm #
#                    32f4xx_cryp.o C:\Tools\WL9F\WL_F_Monitor_APP_DMA\Project #
#                    \Debug\Obj\stm32f4xx_cryp_aes.o                          #
#                    C:\Tools\WL9F\WL_F_Monitor_APP_DMA\Project\Debug\Obj\stm #
#                    32f4xx_cryp_des.o C:\Tools\WL9F\WL_F_Monitor_APP_DMA\Pro #
#                    ject\Debug\Obj\stm32f4xx_cryp_tdes.o                     #
#                    C:\Tools\WL9F\WL_F_Monitor_APP_DMA\Project\Debug\Obj\stm #
#                    32f4xx_dac.o C:\Tools\WL9F\WL_F_Monitor_APP_DMA\Project\ #
#                    Debug\Obj\stm32f4xx_dbgmcu.o                             #
#                    C:\Tools\WL9F\WL_F_Monitor_APP_DMA\Project\Debug\Obj\stm #
#                    32f4xx_dcmi.o C:\Tools\WL9F\WL_F_Monitor_APP_DMA\Project #
#                    \Debug\Obj\stm32f4xx_dma.o C:\Tools\WL9F\WL_F_Monitor_AP #
#                    P_DMA\Project\Debug\Obj\stm32f4xx_exti.o                 #
#                    C:\Tools\WL9F\WL_F_Monitor_APP_DMA\Project\Debug\Obj\stm #
#                    32f4xx_flash.o C:\Tools\WL9F\WL_F_Monitor_APP_DMA\Projec #
#                    t\Debug\Obj\stm32f4xx_fsmc.o                             #
#                    C:\Tools\WL9F\WL_F_Monitor_APP_DMA\Project\Debug\Obj\stm #
#                    32f4xx_gpio.o C:\Tools\WL9F\WL_F_Monitor_APP_DMA\Project #
#                    \Debug\Obj\stm32f4xx_hash.o                              #
#                    C:\Tools\WL9F\WL_F_Monitor_APP_DMA\Project\Debug\Obj\stm #
#                    32f4xx_hash_md5.o C:\Tools\WL9F\WL_F_Monitor_APP_DMA\Pro #
#                    ject\Debug\Obj\stm32f4xx_hash_sha1.o                     #
#                    C:\Tools\WL9F\WL_F_Monitor_APP_DMA\Project\Debug\Obj\stm #
#                    32f4xx_i2c.o C:\Tools\WL9F\WL_F_Monitor_APP_DMA\Project\ #
#                    Debug\Obj\stm32f4xx_it.o C:\Tools\WL9F\WL_F_Monitor_APP_ #
#                    DMA\Project\Debug\Obj\stm32f4xx_iwdg.o                   #
#                    C:\Tools\WL9F\WL_F_Monitor_APP_DMA\Project\Debug\Obj\stm #
#                    32f4xx_pwr.o C:\Tools\WL9F\WL_F_Monitor_APP_DMA\Project\ #
#                    Debug\Obj\stm32f4xx_rcc.o C:\Tools\WL9F\WL_F_Monitor_APP #
#                    _DMA\Project\Debug\Obj\stm32f4xx_rng.o                   #
#                    C:\Tools\WL9F\WL_F_Monitor_APP_DMA\Project\Debug\Obj\stm #
#                    32f4xx_rtc.o C:\Tools\WL9F\WL_F_Monitor_APP_DMA\Project\ #
#                    Debug\Obj\stm32f4xx_sdio.o C:\Tools\WL9F\WL_F_Monitor_AP #
#                    P_DMA\Project\Debug\Obj\stm32f4xx_spi.o                  #
#                    C:\Tools\WL9F\WL_F_Monitor_APP_DMA\Project\Debug\Obj\stm #
#                    32f4xx_syscfg.o C:\Tools\WL9F\WL_F_Monitor_APP_DMA\Proje #
#                    ct\Debug\Obj\stm32f4xx_tim.o                             #
#                    C:\Tools\WL9F\WL_F_Monitor_APP_DMA\Project\Debug\Obj\stm #
#                    32f4xx_usart.o C:\Tools\WL9F\WL_F_Monitor_APP_DMA\Projec #
#                    t\Debug\Obj\stm32f4xx_wwdg.o                             #
#                    C:\Tools\WL9F\WL_F_Monitor_APP_DMA\Project\Debug\Obj\sys #
#                    tem_stm32f4xx.o --redirect _Printf=_PrintfFull           #
#                    --redirect _Scanf=_ScanfFull -o                          #
#                    C:\Tools\WL9F\WL_F_Monitor_APP_DMA\Project\Debug\Exe\WL9 #
#                    F_Monitor_APP.out --map C:\Tools\WL9F\WL_F_Monitor_APP_D #
#                    MA\Project\Debug\List\WL9F_Monitor_APP.map --config      #
#                    C:\Tools\WL9F\WL_F_Monitor_APP_DMA\Project\LinkerConfigu #
#                    ration\stm32f4xx_flash.icf --semihosting --entry         #
#                    __iar_program_start --vfe                                #
#                                                                             #
#                                                                             #
###############################################################################

*******************************************************************************
*** RUNTIME MODEL ATTRIBUTES
***

CppFlavor                     = *
__Heap_Handler                = Basic
__SystemLibrary               = DLib
__dlib_dynamic_initialization = normal


*******************************************************************************
*** PLACEMENT SUMMARY
***

"A1":  place at 0x08004000 { ro section .intvec };
"P1":  place in [from 0x08004000 to 0x080fffff] { ro };
"P2":  place in [from 0x20000000 to 0x2001ffff] { rw, block CSTACK, block HEAP };

  Section             Kind        Address    Size  Object
  -------             ----        -------    ----  ------
"A1":                                       0x188
  .intvec             ro code  0x08004000   0x188  startup_stm32f4xx.o [2]
                             - 0x08004188   0x188

"P1":                                      0x93e4
  .text               ro code  0x08004188  0x189c  TW2835_Control.o [2]
  .text               ro code  0x08005a24   0x460  TW2835_OSD.o [2]
  .text               ro code  0x08005e84   0x5f0  stm32f4xx_gpio.o [2]
  .text               ro code  0x08006474    0x34  main.o [2]
  .text               ro code  0x080064a8   0xb98  WL9F_Monitor_APP.o [2]
  .text               ro code  0x08007040    0xe2  stm324xg_eval.o [2]
  .text               ro code  0x08007122    0x22  zero_init3.o [6]
  .text               ro code  0x08007144   0x550  FM31X4.o [2]
  .text               ro code  0x08007694    0x76  ABImemcpy.o [6]
  .text               ro code  0x0800770c    0x66  ABImemset.o [6]
  .text               ro code  0x08007774   0x1ec  UART_Control.o [2]
  .text               ro code  0x08007960    0x66  TimeDelay.o [2]
  .text               ro code  0x080079c8    0x78  GPIO_Control.o [2]
  .text               ro code  0x08007a40   0x588  stm32f4xx_usart.o [2]
  .text               ro code  0x08007fc8   0x638  stm32f4xx_can.o [2]
  .text               ro code  0x08008600    0x9c  Buzzer.o [2]
  .text               ro code  0x0800869c   0x204  KeySwitch.o [2]
  .text               ro code  0x080088a0   0x1e0  LAMP_Control.o [2]
  .text               ro code  0x08008a80   0x1e0  LCD_Control.o [2]
  .text               ro code  0x08008c60    0xe0  rand.o [4]
  .text               ro code  0x08008d40   0x1e0  endecoder.o [1]
  .text               ro code  0x08008f20   0x6d0  CAN_Control.o [2]
  .text               ro code  0x080095f0   0x6e8  M25PXX.o [2]
  .text               ro code  0x08009cd8   0x188  TW8832_Control.o [2]
  .text               ro code  0x08009e60    0x60  DPRAM_Control.o [2]
  .text               ro code  0x08009ec0     0x2  Hardware_Version.o [2]
  .text               ro code  0x08009ec4   0x92c  System_Init.o [2]
  .text               ro code  0x0800a7f0   0x588  stm32f4xx_it.o [2]
  .text               ro code  0x0800ad78   0x28c  stm32f4xx_rcc.o [2]
  .text               ro code  0x0800b004   0x130  misc.o [2]
  .text               ro code  0x0800b134   0x7c4  stm32f4xx_dma.o [2]
  .text               ro code  0x0800b8f8   0x604  stm32f4xx_tim.o [2]
  .text               ro code  0x0800befc     0x6  ABImemclr4.o [6]
  .text               ro code  0x0800bf02     0x2  xtls.o [4]
  .text               ro code  0x0800bf04    0x14  CAN_Control.o [2]
  .text               ro code  0x0800bf18    0x3a  ABImemset48.o [6]
  .text               ro code  0x0800bf54    0x62  memcmp.o [6]
  .text               ro code  0x0800bfb8   0x380  stm32f4xx_fsmc.o [2]
  .text               ro code  0x0800c338     0x6  ABImemclr.o [6]
  .text               ro code  0x0800c33e   0x1a4  lz77_init.o [6]
  .text               ro code  0x0800c4e2     0x6  abort.o [4]
  .text               ro code  0x0800c4e8    0x14  exit.o [7]
  .text               ro code  0x0800c4fc    0xf0  system_stm32f4xx.o [2]
  .rodata             const    0x0800c5ec    0x40  endecoder.o [1]
  .text               ro code  0x0800c62c    0x28  data_init.o [6]
  .iar.init_table     const    0x0800c654    0x2c  - Linker created -
  .text               ro code  0x0800c680    0x1a  fpinit_M.o [5]
  .text               ro code  0x0800c69c    0x16  cmain.o [6]
  .text               ro code  0x0800c6b2     0x4  low_level_init.o [4]
  .text               ro code  0x0800c6b6     0x4  exit.o [4]
  .text               ro code  0x0800c6bc     0xa  cexit.o [6]
  .rodata             const    0x0800c6c8    0x10  endecoder.o [1]
  .text               ro code  0x0800c6d8    0x10  startup_stm32f4xx.o [2]
  .text               ro code  0x0800c6e8     0xc  cstartup_M.o [6]
  .text               ro code  0x0800c6f4     0x4  startup_stm32f4xx.o [2]
  .text               ro code  0x0800c6f8     0x4  startup_stm32f4xx.o [2]
  .text               ro code  0x0800c6fc     0x4  startup_stm32f4xx.o [2]
  .text               ro code  0x0800c700     0x4  startup_stm32f4xx.o [2]
  .text               ro code  0x0800c704     0x4  startup_stm32f4xx.o [2]
  .text               ro code  0x0800c708     0x4  startup_stm32f4xx.o [2]
  .text               ro code  0x0800c70c     0x4  startup_stm32f4xx.o [2]
  .text               ro code  0x0800c710     0x4  startup_stm32f4xx.o [2]
  .text               ro code  0x0800c714     0x4  startup_stm32f4xx.o [2]
  .text               ro code  0x0800c718     0x4  startup_stm32f4xx.o [2]
  .text               ro code  0x0800c71c     0x4  startup_stm32f4xx.o [2]
  .text               ro code  0x0800c720     0x4  startup_stm32f4xx.o [2]
  .text               ro code  0x0800c724     0x4  startup_stm32f4xx.o [2]
  .text               ro code  0x0800c728     0x4  startup_stm32f4xx.o [2]
  .text               ro code  0x0800c72c     0x4  startup_stm32f4xx.o [2]
  .text               ro code  0x0800c730     0x4  startup_stm32f4xx.o [2]
  .text               ro code  0x0800c734     0x4  startup_stm32f4xx.o [2]
  .text               ro code  0x0800c738     0x4  startup_stm32f4xx.o [2]
  .text               ro code  0x0800c73c     0x4  startup_stm32f4xx.o [2]
  .text               ro code  0x0800c740     0x4  startup_stm32f4xx.o [2]
  .text               ro code  0x0800c744     0x4  startup_stm32f4xx.o [2]
  .text               ro code  0x0800c748     0x4  startup_stm32f4xx.o [2]
  .text               ro code  0x0800c74c     0x4  startup_stm32f4xx.o [2]
  .text               ro code  0x0800c750     0x4  startup_stm32f4xx.o [2]
  .text               ro code  0x0800c754     0x4  startup_stm32f4xx.o [2]
  .text               ro code  0x0800c758     0x4  startup_stm32f4xx.o [2]
  .text               ro code  0x0800c75c     0x4  startup_stm32f4xx.o [2]
  .text               ro code  0x0800c760     0x4  startup_stm32f4xx.o [2]
  .text               ro code  0x0800c764     0x4  startup_stm32f4xx.o [2]
  .text               ro code  0x0800c768     0x4  startup_stm32f4xx.o [2]
  .text               ro code  0x0800c76c     0x4  startup_stm32f4xx.o [2]
  .text               ro code  0x0800c770     0x4  startup_stm32f4xx.o [2]
  .text               ro code  0x0800c774     0x4  startup_stm32f4xx.o [2]
  .text               ro code  0x0800c778     0x4  startup_stm32f4xx.o [2]
  .text               ro code  0x0800c77c     0x4  startup_stm32f4xx.o [2]
  .text               ro code  0x0800c780     0x4  startup_stm32f4xx.o [2]
  .text               ro code  0x0800c784     0x4  startup_stm32f4xx.o [2]
  .text               ro code  0x0800c788     0x4  startup_stm32f4xx.o [2]
  .text               ro code  0x0800c78c     0x4  startup_stm32f4xx.o [2]
  .text               ro code  0x0800c790     0x4  startup_stm32f4xx.o [2]
  .text               ro code  0x0800c794     0x4  startup_stm32f4xx.o [2]
  .text               ro code  0x0800c798     0x4  startup_stm32f4xx.o [2]
  .text               ro code  0x0800c79c     0x4  startup_stm32f4xx.o [2]
  .text               ro code  0x0800c7a0     0x4  startup_stm32f4xx.o [2]
  .text               ro code  0x0800c7a4     0x4  startup_stm32f4xx.o [2]
  .text               ro code  0x0800c7a8     0x4  startup_stm32f4xx.o [2]
  .text               ro code  0x0800c7ac     0x4  startup_stm32f4xx.o [2]
  .text               ro code  0x0800c7b0     0x4  startup_stm32f4xx.o [2]
  .text               ro code  0x0800c7b4     0x4  startup_stm32f4xx.o [2]
  .text               ro code  0x0800c7b8     0x4  startup_stm32f4xx.o [2]
  .text               ro code  0x0800c7bc     0x4  startup_stm32f4xx.o [2]
  .text               ro code  0x0800c7c0     0x4  startup_stm32f4xx.o [2]
  .text               ro code  0x0800c7c4     0x4  startup_stm32f4xx.o [2]
  .text               ro code  0x0800c7c8     0x4  startup_stm32f4xx.o [2]
  .text               ro code  0x0800c7cc     0x4  startup_stm32f4xx.o [2]
  .text               ro code  0x0800c7d0     0x4  startup_stm32f4xx.o [2]
  .text               ro code  0x0800c7d4     0x4  startup_stm32f4xx.o [2]
  .text               ro code  0x0800c7d8     0x4  startup_stm32f4xx.o [2]
  .text               ro code  0x0800c7dc     0x4  startup_stm32f4xx.o [2]
  .text               ro code  0x0800c7e0     0x4  startup_stm32f4xx.o [2]
  .text               ro code  0x0800c7e4     0x4  startup_stm32f4xx.o [2]
  .text               ro code  0x0800c7e8     0x4  startup_stm32f4xx.o [2]
  .text               ro code  0x0800c7ec     0x4  startup_stm32f4xx.o [2]
  .text               ro code  0x0800c7f0     0x4  startup_stm32f4xx.o [2]
  .text               ro code  0x0800c7f4     0x4  startup_stm32f4xx.o [2]
  .text               ro code  0x0800c7f8     0x4  startup_stm32f4xx.o [2]
  .text               ro code  0x0800c7fc     0x4  startup_stm32f4xx.o [2]
  .text               ro code  0x0800c800     0x4  startup_stm32f4xx.o [2]
  .text               ro code  0x0800c804     0x4  startup_stm32f4xx.o [2]
  .text               ro code  0x0800c808     0x4  startup_stm32f4xx.o [2]
  .text               ro code  0x0800c80c     0x4  startup_stm32f4xx.o [2]
  .text               ro code  0x0800c810     0x4  startup_stm32f4xx.o [2]
  .text               ro code  0x0800c814     0x4  startup_stm32f4xx.o [2]
  .text               ro code  0x0800c818     0x4  startup_stm32f4xx.o [2]
  .text               ro code  0x0800c81c     0x4  startup_stm32f4xx.o [2]
  .text               ro code  0x0800c820     0x4  startup_stm32f4xx.o [2]
  .text               ro code  0x0800c824     0x4  startup_stm32f4xx.o [2]
  .text               ro code  0x0800c828     0x4  startup_stm32f4xx.o [2]
  .text               ro code  0x0800c82c     0x4  startup_stm32f4xx.o [2]
  .text               ro code  0x0800c830     0x4  startup_stm32f4xx.o [2]
  .text               ro code  0x0800c834     0x4  startup_stm32f4xx.o [2]
  .text               ro code  0x0800c838     0x4  startup_stm32f4xx.o [2]
  .text               ro code  0x0800c83c     0x4  startup_stm32f4xx.o [2]
  .text               ro code  0x0800c840     0x4  startup_stm32f4xx.o [2]
  .text               ro code  0x0800c844     0x4  startup_stm32f4xx.o [2]
  .text               ro code  0x0800c848     0x4  startup_stm32f4xx.o [2]
  .text               ro code  0x0800c84c     0x4  startup_stm32f4xx.o [2]
  .text               ro code  0x0800c850     0x4  startup_stm32f4xx.o [2]
  .text               ro code  0x0800c854     0x4  startup_stm32f4xx.o [2]
  .text               ro code  0x0800c858     0x4  startup_stm32f4xx.o [2]
  .text               ro code  0x0800c85c     0x4  startup_stm32f4xx.o [2]
  .rodata             const    0x0800c860     0x0  zero_init3.o [6]
  .rodata             const    0x0800c860     0x0  lz77_init.o [6]
  Initializer bytes   ro data  0x0800c860   0xd09  <for P2 s0>
                             - 0x0800d569  0x93e1

"P2", part 1 of 3:                         0x65d0
  P2 s0                        0x20000000  0x65ce  <Init block>
    .data             inited   0x20000000  0x2718  TW2835_OSD.o [2]
    .data             inited   0x20002718  0x2718  TW2835_OSD.o [2]
    .data             inited   0x20004e30   0x41c  M25PXX.o [2]
    .data             inited   0x2000524c   0x378  TW2835_OSD.o [2]
    .data             inited   0x200055c4   0x378  TW2835_OSD.o [2]
    .data             inited   0x2000593c   0x378  TW2835_OSD.o [2]
    .data             inited   0x20005cb4   0x378  TW2835_OSD.o [2]
    .data             inited   0x2000602c   0x200  TW2835_Control.o [2]
    .data             inited   0x2000622c   0x170  TW8832_Control.o [2]
    .data             inited   0x2000639c    0xd8  TW2835_Control.o [2]
    __DLIB_PERTHREAD  inited   0x20006474    0x8c  rand.o [4]
    .data             inited   0x20006500    0x50  TW2835_OSD.o [2]
    .data             inited   0x20006550    0x34  KeySwitch.o [2]
    .data             inited   0x20006584    0x14  UART_Control.o [2]
    .data             inited   0x20006598    0x14  system_stm32f4xx.o [2]
    .data             inited   0x200065ac    0x10  stm32f4xx_rcc.o [2]
    .data             inited   0x200065bc     0xc  stm324xg_eval.o [2]
    .data             inited   0x200065c8     0x4  endecoder.o [1]
    .data             inited   0x200065cc     0x1  LCD_Control.o [2]
    .data             inited   0x200065cd     0x1  LCD_Control.o [2]
                             - 0x200065ce  0x65ce

"P2", part 2 of 3:                         0x2e60
  .bss                zero     0x200065d0  0x10f4  CAN_Control.o [2]
  .bss                zero     0x200076c4   0xbf8  CAN_Control.o [2]
  .bss                zero     0x200082bc   0x408  WL9F_Monitor_APP.o [2]
  .bss                zero     0x200086c4   0x408  WL9F_Monitor_APP.o [2]
  .bss                zero     0x20008acc   0x32c  stm32f4xx_it.o [2]
  .bss                zero     0x20008df8   0x214  WL9F_Monitor_APP.o [2]
  .bss                zero     0x2000900c   0x158  CAN_Control.o [2]
  .bss                zero     0x20009164    0xf0  CAN_Control.o [2]
  .bss                zero     0x20009254    0x6a  CAN_Control.o [2]
  .bss                zero     0x200092be     0x2  Buzzer.o [2]
  .bss                zero     0x200092c0    0x5c  LAMP_Control.o [2]
  .bss                zero     0x2000931c    0x3a  WL9F_Monitor_APP.o [2]
  .bss                zero     0x20009356     0x2  CAN_Control.o [2]
  .bss                zero     0x20009358    0x2c  WL9F_Monitor_APP.o [2]
  .bss                zero     0x20009384    0x20  WL9F_Monitor_APP.o [2]
  .bss                zero     0x200093a4    0x15  stm32f4xx_it.o [2]
  .bss                zero     0x200093ba     0x2  stm32f4xx_it.o [2]
  .bss                zero     0x200093bc    0x11  stm32f4xx_it.o [2]
  .bss                zero     0x200093cd     0x1  LAMP_Control.o [2]
  .bss                zero     0x200093ce     0x1  LAMP_Control.o [2]
  .bss                zero     0x200093cf     0x1  LCD_Control.o [2]
  .bss                zero     0x200093d0    0x10  WL9F_Monitor_APP.o [2]
  .bss                zero     0x200093e0     0xd  WL9F_Monitor_APP.o [2]
  .bss                zero     0x200093ed     0x1  stm32f4xx_it.o [2]
  .bss                zero     0x200093ee     0x1  stm32f4xx_it.o [2]
  .bss                zero     0x200093ef     0x1  stm32f4xx_it.o [2]
  .bss                zero     0x200093f0     0xc  LAMP_Control.o [2]
  .bss                zero     0x200093fc     0x8  CAN_Control.o [2]
  .bss                zero     0x20009404     0x8  WL9F_Monitor_APP.o [2]
  .bss                zero     0x2000940c     0x8  WL9F_Monitor_APP.o [2]
  .bss                zero     0x20009414     0x8  WL9F_Monitor_APP.o [2]
  .bss                zero     0x2000941c     0x4  TimeDelay.o [2]
  .bss                zero     0x20009420     0x8  stm32f4xx_it.o [2]
  .bss                zero     0x20009428     0x4  WL9F_Monitor_APP.o [2]
  .bss                zero     0x2000942c     0x4  WL9F_Monitor_APP.o [2]
                             - 0x20009430  0x2e60

"P2", part 3 of 3:                          0x800
  CSTACK                       0x20009430   0x800  <Block>
    CSTACK            uninit   0x20009430   0x800  <Block tail>
                             - 0x20009c30   0x800


*******************************************************************************
*** INIT TABLE
***

          Address     Size
          -------     ----
Zero (__iar_zero_init3)
    1 destination range, total size 0x2e60:
          0x200065d0  0x2e60

Copy/lz77 (__iar_lz77_init3)
    1 source range, total size 0xd09 (12% of destination):
          0x0800c860   0xd09
    1 destination range, total size 0x65ce:
          0x20000000  0x65ce



*******************************************************************************
*** MODULE SUMMARY
***

    Module               ro code  ro data  rw data
    ------               -------  -------  -------
C:\Tools\WL9F\WL_F_Monitor_APP_DMA\Platform\COMMON\SRC: [1]
    endecoder.o              480       80        4
    ----------------------------------------------
    Total:                   480       80        4

C:\Tools\WL9F\WL_F_Monitor_APP_DMA\Project\Debug\Obj: [2]
    Buzzer.o                 156                 2
    CAN_Control.o          1 764             8 104
    DPRAM_Control.o           96
    FM31X4.o               1 360
    GPIO_Control.o           120
    Hardware_Version.o         2
    KeySwitch.o              516        7       52
    LAMP_Control.o           480               106
    LCD_Control.o            480        1        3
    M25PXX.o               1 768      135    1 052
    System_Init.o          2 348
    TW2835_Control.o       6 300       92      728
    TW2835_OSD.o           1 120    3 027   23 648
    TW8832_Control.o         392       48      368
    TimeDelay.o              102                 4
    UART_Control.o           492        3       20
    WL9F_Monitor_APP.o     2 968             2 791
    main.o                    52
    misc.o                   304
    startup_stm32f4xx.o      772
    stm324xg_eval.o          226        2       12
    stm32f4xx_can.o        1 592
    stm32f4xx_dma.o        1 988
    stm32f4xx_fsmc.o         896
    stm32f4xx_gpio.o       1 520
    stm32f4xx_it.o         1 416               863
    stm32f4xx_rcc.o          652        2       16
    stm32f4xx_tim.o        1 540
    stm32f4xx_usart.o      1 416
    system_stm32f4xx.o       240        2       20
    ----------------------------------------------
    Total:                33 078    3 319   37 789

command line: [3]
    ----------------------------------------------
    Total:

dl7M_tlf.a: [4]
    abort.o                    6
    exit.o                     4
    low_level_init.o           4
    rand.o                   224       18      140
    xtls.o                     2
    ----------------------------------------------
    Total:                   240       18      140

m7M_tlv.a: [5]
    fpinit_M.o                26
    ----------------------------------------------
    Total:                    26

rt7M_tl.a: [6]
    ABImemclr.o                6
    ABImemclr4.o               6
    ABImemcpy.o              118
    ABImemset.o              102
    ABImemset48.o             58
    cexit.o                   10
    cmain.o                   22
    cstartup_M.o              12
    data_init.o               40
    lz77_init.o              420
    memcmp.o                  98
    zero_init3.o              34
    ----------------------------------------------
    Total:                   926

shb_l.a: [7]
    exit.o                    20
    ----------------------------------------------
    Total:                    20

    Gaps                      16        2        1
    Linker created                     44    2 048
--------------------------------------------------
    Grand Total:          34 786    3 463   39 982


*******************************************************************************
*** ENTRY LIST
***

Entry                      Address    Size  Type      Object
-----                      -------    ----  ----      ------
?main                   0x0800c69d          Code  Gb  cmain.o [6]
ACK_NACK_SendToExynos   0x080099a7    0x1e  Code  Gb  M25PXX.o [2]
ADC_IRQHandler          0x0800c761          Code  Wk  startup_stm32f4xx.o [2]
AHBPrescTable           0x20006598    0x10  Data  Gb  system_stm32f4xx.o [2]
APBAHBPrescTable        0x200065ac    0x10  Data  Lc  stm32f4xx_rcc.o [2]
Attachment_Lock_flag    0x200093fb     0x1  Data  Gb  LAMP_Control.o [2]
Attachment_Unlock_flag  0x200093fa     0x1  Data  Gb  LAMP_Control.o [2]
AuthResult              0x2000938d     0x1  Data  Gb  WL9F_Monitor_APP.o [2]
AutoRide_Control_flag   0x200093f9     0x1  Data  Gb  LAMP_Control.o [2]
BusFault_Handler        0x0800a871     0x2  Code  Gb  stm32f4xx_it.o [2]
Buz1                    0x200093ef     0x1  Data  Gb  stm32f4xx_it.o [2]
Buzzer_Init             0x08008601    0x68  Code  Gb  Buzzer.o [2]
Buzzer_Off              0x0800867b     0xa  Code  Gb  Buzzer.o [2]
Buzzer_On               0x08008669     0xa  Code  Gb  Buzzer.o [2]
Buzzer_SendCnt          0x200092be     0x1  Data  Gb  Buzzer.o [2]
Buzzer_SendFlag         0x200092bf     0x1  Data  Gb  Buzzer.o [2]
Buzzer_UnLimitOff       0x08008685     0x8  Code  Gb  Buzzer.o [2]
Buzzer_UnLimitOn        0x08008673     0x8  Code  Gb  Buzzer.o [2]
CAN1_RX0_IRQHandler     0x0800a8e5    0xca  Code  Gb  stm32f4xx_it.o [2]
CAN1_RX1_IRQHandler     0x0800c76d          Code  Wk  startup_stm32f4xx.o [2]
CAN1_SCE_IRQHandler     0x0800c771          Code  Wk  startup_stm32f4xx.o [2]
CAN1_TX_IRQHandler      0x0800c765          Code  Wk  startup_stm32f4xx.o [2]
CAN2_RX0_IRQHandler     0x0800c819          Code  Wk  startup_stm32f4xx.o [2]
CAN2_RX1_IRQHandler     0x0800c81d          Code  Wk  startup_stm32f4xx.o [2]
CAN2_SCE_IRQHandler     0x0800c821          Code  Wk  startup_stm32f4xx.o [2]
CAN2_TX_IRQHandler      0x0800c815          Code  Wk  startup_stm32f4xx.o [2]
CANUpdateFlag           0x20008aeb     0x1  Data  Gb  stm32f4xx_it.o [2]
CANUpdateSA             0x20008aec     0x1  Data  Gb  stm32f4xx_it.o [2]
CAN_COMInit             0x08008f21    0xac  Code  Gb  CAN_Control.o [2]
CAN_DeInit              0x08007fc9    0x46  Code  Gb  stm32f4xx_can.o [2]
CAN_FilterInit          0x080081d9   0x11a  Code  Gb  stm32f4xx_can.o [2]
CAN_ITConfig            0x080084fd    0x94  Code  Gb  stm32f4xx_can.o [2]
CAN_Init                0x0800800f   0x1ca  Code  Gb  stm32f4xx_can.o [2]
CAN_Message_Ring_Buffer_Rx_Single
                        0x200065d0  0x10f4  Data  Gb  CAN_Control.o [2]
CAN_Message_Ring_Buffer_Tx_Single
                        0x200076c4   0xbf8  Data  Gb  CAN_Control.o [2]
CAN_RX                  0x0800937d    0x7c  Code  Gb  CAN_Control.o [2]
CAN_Receive             0x0800844b    0xb2  Code  Gb  stm32f4xx_can.o [2]
CAN_StructInit          0x080082f3    0x20  Code  Gb  stm32f4xx_can.o [2]
CAN_TX                  0x080092df    0x9e  Code  Gb  CAN_Control.o [2]
CAN_TX_Data             0x0800928f    0x50  Code  Gb  CAN_Control.o [2]
CAN_Transmit            0x08008313   0x138  Code  Gb  stm32f4xx_can.o [2]
CMD_ACK_SendToExynos    0x080099c5    0x16  Code  Gb  M25PXX.o [2]
COM_RX_AF               0x08007120     0x2  Data  Gb  stm324xg_eval.o [2]
COM_RX_PIN              0x08007110     0x2  Data  Gb  stm324xg_eval.o [2]
COM_RX_PIN_SOURCE       0x08007118     0x2  Data  Gb  stm324xg_eval.o [2]
COM_RX_PORT             0x200065c4     0x4  Data  Gb  stm324xg_eval.o [2]
COM_RX_PORT_CLK         0x08007108     0x4  Data  Gb  stm324xg_eval.o [2]
COM_TX_AF               0x0800711c     0x2  Data  Gb  stm324xg_eval.o [2]
COM_TX_PIN              0x0800710c     0x2  Data  Gb  stm324xg_eval.o [2]
COM_TX_PIN_SOURCE       0x08007114     0x2  Data  Gb  stm324xg_eval.o [2]
COM_TX_PORT             0x200065c0     0x4  Data  Gb  stm324xg_eval.o [2]
COM_TX_PORT_CLK         0x08007104     0x4  Data  Gb  stm324xg_eval.o [2]
COM_USART               0x200065bc     0x4  Data  Gb  stm324xg_eval.o [2]
CRYP_IRQHandler         0x0800c855          Code  Wk  startup_stm32f4xx.o [2]
CSTACK$$Base            0x20009430           --   Gb  - Linker created -
CSTACK$$Limit           0x20009c30           --   Gb  - Linker created -
CameraMode              0x08004cdd   0xcfe  Code  Gb  TW2835_Control.o [2]
Camera_CheckCnt         0x200093cf     0x1  Data  Gb  LCD_Control.o [2]
Camera_CheckFlag        0x200065cd     0x1  Data  Gb  LCD_Control.o [2]
Camera_Mode             0x200065cc     0x1  Data  Gb  LCD_Control.o [2]
CanRecvCnt              0x200093ed     0x1  Data  Gb  stm32f4xx_it.o [2]
Change_UART4_for_Download
                        0x20004e40     0x1  Data  Gb  M25PXX.o [2]
CheckCamera_Input       0x08004b29   0x1a4  Code  Gb  TW2835_Control.o [2]
CheckResponseAuthentication
                        0x08006bbb    0x58  Code  Gb  WL9F_Monitor_APP.o [2]
CheckResponseMsgComm    0x08006c13    0xb4  Code  Gb  WL9F_Monitor_APP.o [2]
ClearCheckCamera        0x08004aa5    0x84  Code  Gb  TW2835_Control.o [2]
CommErrCnt              0x20008af2     0x2  Data  Gb  stm32f4xx_it.o [2]
CompareAsterisk         0x20009021     0x1  Data  Gb  CAN_Control.o [2]
CompareMachBasicInfo    0x08009481   0x12c  Code  Gb  CAN_Control.o [2]
Crc16Table              0x08009ad8   0x200  Data  Gb  M25PXX.o [2]
DCMI_IRQHandler         0x0800c851          Code  Wk  startup_stm32f4xx.o [2]
DMA1_Stream0_IRQHandler
                        0x0800c745          Code  Wk  startup_stm32f4xx.o [2]
DMA1_Stream1_IRQHandler
                        0x0800c749          Code  Wk  startup_stm32f4xx.o [2]
DMA1_Stream2_IRQHandler
                        0x0800c74d          Code  Wk  startup_stm32f4xx.o [2]
DMA1_Stream3_IRQHandler
                        0x0800c751          Code  Wk  startup_stm32f4xx.o [2]
DMA1_Stream4_IRQHandler
                        0x0800c755          Code  Wk  startup_stm32f4xx.o [2]
DMA1_Stream5_IRQHandler
                        0x0800c759          Code  Wk  startup_stm32f4xx.o [2]
DMA1_Stream6_IRQHandler
                        0x0800c75d          Code  Wk  startup_stm32f4xx.o [2]
DMA1_Stream7_IRQHandler
                        0x0800c7d5          Code  Wk  startup_stm32f4xx.o [2]
DMA2_Stream0_IRQHandler
                        0x0800c7f9          Code  Wk  startup_stm32f4xx.o [2]
DMA2_Stream1_IRQHandler
                        0x0800c7fd          Code  Wk  startup_stm32f4xx.o [2]
DMA2_Stream2_IRQHandler
                        0x0800c801          Code  Wk  startup_stm32f4xx.o [2]
DMA2_Stream3_IRQHandler
                        0x0800c805          Code  Wk  startup_stm32f4xx.o [2]
DMA2_Stream4_IRQHandler
                        0x0800c809          Code  Wk  startup_stm32f4xx.o [2]
DMA2_Stream5_IRQHandler
                        0x0800c829          Code  Wk  startup_stm32f4xx.o [2]
DMA2_Stream6_IRQHandler
                        0x0800c82d          Code  Wk  startup_stm32f4xx.o [2]
DMA2_Stream7_IRQHandler
                        0x0800c831          Code  Wk  startup_stm32f4xx.o [2]
DMA_ClearFlag           0x0800b6c1    0xb8  Code  Gb  stm32f4xx_dma.o [2]
DMA_Cmd                 0x0800b543    0xb6  Code  Gb  stm32f4xx_dma.o [2]
DMA_DeInit              0x0800b135   0x1ba  Code  Gb  stm32f4xx_dma.o [2]
DMA_GetCurrDataCounter  0x0800b5f9    0x74  Code  Gb  stm32f4xx_dma.o [2]
DMA_ITConfig            0x0800b77d    0xca  Code  Gb  stm32f4xx_dma.o [2]
DMA_Init                0x0800b2ef   0x254  Code  Gb  stm32f4xx_dma.o [2]
DMA_UART_SendFrame      0x080078bb    0x3c  Code  Gb  UART_Control.o [2]
DPRAM_Init              0x08009e61    0x60  Code  Gb  DPRAM_Control.o [2]
DebugMon_Handler        0x0800a877     0x2  Code  Gb  stm32f4xx_it.o [2]
DebugUART_Init          0x0800647f    0x28  Code  Gb  main.o [2]
DiffMachInfo            0x200093ec     0x1  Data  Gb  WL9F_Monitor_APP.o [2]
E2PROM_Save             0x20009360     0x1  Data  Gb  WL9F_Monitor_APP.o [2]
EEPROM_ByteRead         0x080071df    0x50  Code  Gb  FM31X4.o [2]
EEPROM_ByteWrite        0x08007183    0x5c  Code  Gb  FM31X4.o [2]
EEPROM_PortChange       0x08007145    0x3e  Code  Gb  FM31X4.o [2]
EEPROM_Read             0x0800728f    0x7e  Code  Gb  FM31X4.o [2]
EEPROM_Write            0x0800723d    0x52  Code  Gb  FM31X4.o [2]
ETH_IRQHandler          0x0800c80d          Code  Wk  startup_stm32f4xx.o [2]
ETH_WKUP_IRQHandler     0x0800c811          Code  Wk  startup_stm32f4xx.o [2]
EXTI0_IRQHandler        0x0800c731          Code  Wk  startup_stm32f4xx.o [2]
EXTI15_10_IRQHandler    0x0800c7b9          Code  Wk  startup_stm32f4xx.o [2]
EXTI1_IRQHandler        0x0800c735          Code  Wk  startup_stm32f4xx.o [2]
EXTI2_IRQHandler        0x0800c739          Code  Wk  startup_stm32f4xx.o [2]
EXTI3_IRQHandler        0x0800c73d          Code  Wk  startup_stm32f4xx.o [2]
EXTI4_IRQHandler        0x0800c741          Code  Wk  startup_stm32f4xx.o [2]
EXTI9_5_IRQHandler      0x0800c775          Code  Wk  startup_stm32f4xx.o [2]
FLASH_IRQHandler        0x0800c729          Code  Wk  startup_stm32f4xx.o [2]
FM3164_Watchdog_Init    0x0800730d    0x6c  Code  Gb  FM31X4.o [2]
FPU_IRQHandler          0x0800c85d          Code  Wk  startup_stm32f4xx.o [2]
FSMC_IRQHandler         0x0800c7d9          Code  Wk  startup_stm32f4xx.o [2]
FSMC_NORSRAMCmd         0x0800c27f    0x54  Code  Gb  stm32f4xx_fsmc.o [2]
FSMC_NORSRAMInit        0x0800bfb9   0x2c6  Code  Gb  stm32f4xx_fsmc.o [2]
FatoryInit_Flag         0x20008aea     0x1  Data  Gb  stm32f4xx_it.o [2]
FeistelFun              0x08008d8d    0x3a  Code  Gb  endecoder.o [1]
File_Write_to_SFLAH     0x080099eb    0x80  Code  Gb  M25PXX.o [2]
Flag_1Min               0x2000937c     0x2  Data  Gb  WL9F_Monitor_APP.o [2]
Flag_SerialRxMsg        0x20009048     0x4  Data  Gb  CAN_Control.o [2]
Flag_TxE2pRomData       0x200093ee     0x1  Data  Gb  stm32f4xx_it.o [2]
Flag_UartTxStart        0x2000935c     0x1  Data  Gb  WL9F_Monitor_APP.o [2]
GPIO_Configuration      0x08009fb7   0x60c  Code  Gb  System_Init.o [2]
GPIO_Configuration_NotUsed
                        0x0800a5c3   0x142  Code  Gb  System_Init.o [2]
GPIO_Init               0x08005e85   0x142  Code  Gb  stm32f4xx_gpio.o [2]
GPIO_PinAFConfig        0x080062f9    0xfc  Code  Gb  stm32f4xx_gpio.o [2]
GPIO_ReadInputData      0x08006089    0x5c  Code  Gb  stm32f4xx_gpio.o [2]
GPIO_ReadInputDataBit   0x08005fc7    0xc2  Code  Gb  stm32f4xx_gpio.o [2]
GPIO_ReadOutputData     0x080060e5    0x5c  Code  Gb  stm32f4xx_gpio.o [2]
GPIO_ResetBits          0x08006199    0x58  Code  Gb  stm32f4xx_gpio.o [2]
GPIO_SetBits            0x08006141    0x58  Code  Gb  stm32f4xx_gpio.o [2]
GPIO_Write              0x080062af    0x4a  Code  Gb  stm32f4xx_gpio.o [2]
GPIO_WriteBit           0x080061f1    0xbe  Code  Gb  stm32f4xx_gpio.o [2]
GetRandValue            0x08006a11    0x76  Code  Gb  WL9F_Monitor_APP.o [2]
HASH_RNG_IRQHandler     0x0800c859          Code  Wk  startup_stm32f4xx.o [2]
HardFault_Handler       0x0800a86d     0x2  Code  Gb  stm32f4xx_it.o [2]
Hardware_Version_Init   0x08009ec1     0x2  Code  Gb  Hardware_Version.o [2]
I2C1_ER_IRQHandler      0x0800c799          Code  Wk  startup_stm32f4xx.o [2]
I2C1_EV_IRQHandler      0x0800c795          Code  Wk  startup_stm32f4xx.o [2]
I2C2DeviceInitialize    0x08009e25    0x22  Code  Gb  TW8832_Control.o [2]
I2C2_ByteWrite          0x08009d97    0x8e  Code  Gb  TW8832_Control.o [2]
I2C2_ER_IRQHandler      0x0800c7a1          Code  Wk  startup_stm32f4xx.o [2]
I2C2_EV_IRQHandler      0x0800c79d          Code  Wk  startup_stm32f4xx.o [2]
I2C2_Write              0x08009d17    0x80  Code  Gb  TW8832_Control.o [2]
I2C3_ER_IRQHandler      0x0800c83d          Code  Wk  startup_stm32f4xx.o [2]
I2C3_EV_IRQHandler      0x0800c839          Code  Wk  startup_stm32f4xx.o [2]
Iden                    0x20008ae0     0x8  Data  Gb  stm32f4xx_it.o [2]
Identifier              0x200093fc     0x8  Data  Gb  CAN_Control.o [2]
Illumination_Sig        0x200092c8     0x1  Data  Gb  LAMP_Control.o [2]
InStream_Read           0x0800c33f    0x22  Code  Lc  lz77_init.o [6]
InitCVBSAll             0x2000622c   0x170  Data  Gb  TW8832_Control.o [2]
InitOSDCol              0x08005e7d     0x4  Code  Gb  TW2835_OSD.o [2]
InitPg2                 0x08004189   0x142  Code  Gb  TW2835_Control.o [2]
Init_Smart_Key_valuable
                        0x080065ef    0x12  Code  Gb  WL9F_Monitor_APP.o [2]
KEYSWITCH_INPUT         0x08008894     0xc  Data  Gb  KeySwitch.o [2]
KEYSWITCH_INPUTPORT     0x20006560    0x18  Data  Gb  KeySwitch.o [2]
KEYSWITCH_SCANPORT      0x20006554     0xc  Data  Gb  KeySwitch.o [2]
KeySwitchScan           0x20006550     0x1  Data  Gb  KeySwitch.o [2]
KeySwitch_Init          0x08008825    0x5c  Code  Gb  KeySwitch.o [2]
KeySwitch_Process       0x08008713   0x112  Code  Gb  KeySwitch.o [2]
KeySwitch_SendToEXYNOS  0x0800869d    0x44  Code  Gb  KeySwitch.o [2]
KeySwitch_Value         0x2000942c     0x4  Data  Gb  WL9F_Monitor_APP.o [2]
LAMP_Control_Init       0x08008a43    0x30  Code  Gb  LAMP_Control.o [2]
LAMP_Update_Data        0x20009380     0x4  Data  Gb  WL9F_Monitor_APP.o [2]
LCDBL_Init              0x08008b0b    0x92  Code  Gb  LCD_Control.o [2]
LCDBL_ONOFF             0x08008a97    0x14  Code  Gb  LCD_Control.o [2]
LCDBL_PWMLEVEL          0x08008c4c    0x14  Data  Gb  LCD_Control.o [2]
LCDBL_PWM_CONTROL       0x08008abb    0x50  Code  Gb  LCD_Control.o [2]
LCDBL_PWM_LEVEL         0x08008aab    0x10  Code  Gb  LCD_Control.o [2]
LCD_Control_Init        0x08008c09    0x26  Code  Gb  LCD_Control.o [2]
LCD_Display_Change      0x08008b9d    0x48  Code  Gb  LCD_Control.o [2]
LCD_POWER_ONOFF         0x08008a8d     0xa  Code  Gb  LCD_Control.o [2]
LED_POWER_ONOFF         0x08008a81     0xc  Code  Gb  LCD_Control.o [2]
Lamp_Update_State       0x08008929   0x11a  Code  Gb  LAMP_Control.o [2]
Lamp_Update_System      0x080088a1    0x88  Code  Gb  LAMP_Control.o [2]
Lamp_Value              0x200093ce     0x1  Data  Gb  LAMP_Control.o [2]
Lamp_name               0x200093cd     0x1  Data  Gb  LAMP_Control.o [2]
Led_BL_TEMP             0x200092f4    0x28  Data  Gb  LAMP_Control.o [2]
Led_SIG_TEMP            0x200092cc    0x28  Data  Gb  LAMP_Control.o [2]
M25P32_Init             0x08009859    0x2a  Code  Gb  M25PXX.o [2]
MachInfoSendCnt         0x2000935a     0x1  Data  Gb  WL9F_Monitor_APP.o [2]
MachineBasicInformation
                        0x200091b4    0x50  Data  Gb  CAN_Control.o [2]
MakeCrc16               0x08009833    0x26  Code  Gb  M25PXX.o [2]
McuInfoData1            0x20009164    0x50  Data  Gb  CAN_Control.o [2]
McuInfoData2            0x200093e0     0x4  Data  Gb  WL9F_Monitor_APP.o [2]
McuInfoData3            0x200093e4     0x4  Data  Gb  WL9F_Monitor_APP.o [2]
McuInfoData4            0x200093e8     0x4  Data  Gb  WL9F_Monitor_APP.o [2]
MemManage_Handler       0x0800a86f     0x2  Code  Gb  stm32f4xx_it.o [2]
MoniInfoData            0x2000933c    0x18  Data  Gb  WL9F_Monitor_APP.o [2]
MoniInfoSendCnt         0x2000935b     0x1  Data  Gb  WL9F_Monitor_APP.o [2]
MonitorStatus_CAN_TX    0x080093f9    0x4a  Code  Gb  CAN_Control.o [2]
MultiPacketSendOrder    0x20009358     0x1  Data  Gb  WL9F_Monitor_APP.o [2]
NMI_Handler             0x0800a86b     0x2  Code  Gb  stm32f4xx_it.o [2]
NVIC_Init               0x0800b005    0x8c  Code  Gb  misc.o [2]
NVIC_SetVectorTable     0x0800b091    0x38  Code  Gb  misc.o [2]
OTG_FS_IRQHandler       0x0800c825          Code  Wk  startup_stm32f4xx.o [2]
OTG_FS_WKUP_IRQHandler  0x0800c7c1          Code  Wk  startup_stm32f4xx.o [2]
OTG_HS_EP1_IN_IRQHandler
                        0x0800c845          Code  Wk  startup_stm32f4xx.o [2]
OTG_HS_EP1_OUT_IRQHandler
                        0x0800c841          Code  Wk  startup_stm32f4xx.o [2]
OTG_HS_IRQHandler       0x0800c84d          Code  Wk  startup_stm32f4xx.o [2]
OTG_HS_WKUP_IRQHandler  0x0800c849          Code  Wk  startup_stm32f4xx.o [2]
OutStream_Write         0x0800c361    0x40  Code  Lc  lz77_init.o [6]
PVD_IRQHandler          0x0800c71d          Code  Wk  startup_stm32f4xx.o [2]
PendSV_Handler          0x0800a879     0x2  Code  Gb  stm32f4xx_it.o [2]
Port_Change             0x08004a6b    0x3a  Code  Gb  TW2835_Control.o [2]
PwrOffCnt               0x20009361     0x1  Data  Gb  WL9F_Monitor_APP.o [2]
RCC_AHB1PeriphClockCmd  0x0800ae25    0x44  Code  Gb  stm32f4xx_rcc.o [2]
RCC_AHB3PeriphClockCmd  0x0800ae69    0x42  Code  Gb  stm32f4xx_rcc.o [2]
RCC_APB1PeriphClockCmd  0x0800aeab    0x44  Code  Gb  stm32f4xx_rcc.o [2]
RCC_APB1PeriphResetCmd  0x0800af33    0x44  Code  Gb  stm32f4xx_rcc.o [2]
RCC_APB2PeriphClockCmd  0x0800aeef    0x44  Code  Gb  stm32f4xx_rcc.o [2]
RCC_ClockSecuritySystemCmd
                        0x0800ad79    0x1e  Code  Gb  stm32f4xx_rcc.o [2]
RCC_Configuration       0x08009ec5    0xf2  Code  Gb  System_Init.o [2]
RCC_GetClocksFreq       0x0800ad97    0x8e  Code  Gb  stm32f4xx_rcc.o [2]
RCC_IRQHandler          0x0800c72d          Code  Wk  startup_stm32f4xx.o [2]
READ_FM31xx_RTC_Companion
                        0x080073f9    0x7a  Code  Gb  FM31X4.o [2]
READ_RTC                0x080075e5    0xb0  Code  Gb  FM31X4.o [2]
RTC_Alarm_IRQHandler    0x0800c7bd          Code  Wk  startup_stm32f4xx.o [2]
RTC_WKUP_IRQHandler     0x0800c725          Code  Wk  startup_stm32f4xx.o [2]
ReadAsicByte            0x08004849   0x120  Code  Gb  TW2835_Control.o [2]
ReadAsicOSDMemWr        0x08004969   0x102  Code  Gb  TW2835_Control.o [2]
ReadE2PROM_ToSend       0x080064a9   0x146  Code  Gb  WL9F_Monitor_APP.o [2]
Read_File_From_SFLAH    0x08009a6b    0x5e  Code  Gb  M25PXX.o [2]
RecvMachInfo            0x2000901f     0x1  Data  Gb  CAN_Control.o [2]
Region$$Table$$Base     0x0800c654           --   Gb  - Linker created -
Region$$Table$$Limit    0x0800c680           --   Gb  - Linker created -
Register_Table_Page0    0x2000602c   0x100  Data  Gb  TW2835_Control.o [2]
Register_Table_Page1    0x2000612c   0x100  Data  Gb  TW2835_Control.o [2]
RequestFirstAuthentication
                        0x08006a87    0x64  Code  Gb  WL9F_Monitor_APP.o [2]
RequestMachBasicInfo    0x08009449    0x38  Code  Gb  CAN_Control.o [2]
RequestSMKElimination   0x08006b61    0x28  Code  Gb  WL9F_Monitor_APP.o [2]
RequestSMKRegistration  0x08006b37    0x2a  Code  Gb  WL9F_Monitor_APP.o [2]
RequestSecondAuthentication
                        0x08006aeb    0x4c  Code  Gb  WL9F_Monitor_APP.o [2]
Reset_Handler           0x0800c6d9          Code  Wk  startup_stm32f4xx.o [2]
Ride_Control_flag       0x200093f8     0x1  Data  Gb  LAMP_Control.o [2]
RxMsg                   0x20008acc    0x14  Data  Gb  stm32f4xx_it.o [2]
SDIO_IRQHandler         0x0800c7dd          Code  Wk  startup_stm32f4xx.o [2]
SMK_Msg_Send            0x2000938e     0x1  Data  Gb  WL9F_Monitor_APP.o [2]
SMK_SendToExynos        0x080086e1    0x32  Code  Gb  KeySwitch.o [2]
SMK_Tag_Count           0x2000938f     0x1  Data  Gb  WL9F_Monitor_APP.o [2]
SPI1_IRQHandler         0x0800c7a5          Code  Wk  startup_stm32f4xx.o [2]
SPI2_IRQHandler         0x0800c7a9          Code  Wk  startup_stm32f4xx.o [2]
SPI3_IRQHandler         0x0800c7e5          Code  Wk  startup_stm32f4xx.o [2]
SPI_FLASH_BufferRead    0x080096c9    0x8e  Code  Gb  M25PXX.o [2]
SPI_FLASH_PageWrite     0x08009633    0x96  Code  Gb  M25PXX.o [2]
SPI_FLASH_SectorErase   0x080095f1    0x42  Code  Gb  M25PXX.o [2]
SPI_FLASH_WaitForWriteEnd
                        0x080097cd    0x66  Code  Gb  M25PXX.o [2]
SPI_FLASH_WriteEnable   0x080097ab    0x1a  Code  Gb  M25PXX.o [2]
SPI_Transfer            0x08009757    0x54  Code  Gb  M25PXX.o [2]
STM32_Update            0x08009883   0x124  Code  Gb  M25PXX.o [2]
STM_EVAL_COMInit        0x08007041    0xbe  Code  Gb  stm324xg_eval.o [2]
ST_Update               0x20009363     0x1  Data  Gb  WL9F_Monitor_APP.o [2]
SVC_Handler             0x0800a875     0x2  Code  Gb  stm32f4xx_it.o [2]
SaveDataToEEPROM        0x08006653   0x278  Code  Gb  WL9F_Monitor_APP.o [2]
SendEEPROMDataCnt       0x200093b8     0x1  Data  Gb  stm32f4xx_it.o [2]
SendRTCnt               0x2000935e     0x1  Data  Gb  WL9F_Monitor_APP.o [2]
SendTime_E2PROM         0x2000935d     0x1  Data  Gb  WL9F_Monitor_APP.o [2]
SendTo_E2PROM           0x0800a82d    0x3e  Code  Gb  stm32f4xx_it.o [2]
SerialMsgRTC            0x200093d0    0x10  Data  Gb  WL9F_Monitor_APP.o [2]
SerialTXIndex           0x20009420     0x8  Data  Gb  stm32f4xx_it.o [2]
Serial_BaudRate         0x08007940    0x14  Data  Gb  UART_Control.o [2]
Serial_IRQ_Channel      0x08007954     0xc  Data  Gb  UART_Control.o [2]
Serial_USART            0x20006584    0x14  Data  Gb  UART_Control.o [2]
SetCanID                0x08009275    0x1a  Code  Gb  CAN_Control.o [2]
SetOSDCol               0x08005e35    0x48  Code  Gb  TW2835_OSD.o [2]
SetTagCmd               0x080069e1    0x1c  Code  Gb  WL9F_Monitor_APP.o [2]
SetTagLevel             0x080069bd    0x24  Code  Gb  WL9F_Monitor_APP.o [2]
SetVMC                  0x080069fd    0x14  Code  Gb  WL9F_Monitor_APP.o [2]
SmartKeyAuthentication  0x08006cc7   0x100  Code  Gb  WL9F_Monitor_APP.o [2]
Stm32_Update_CMD        0x20008ae9     0x1  Data  Gb  stm32f4xx_it.o [2]
SysTick_Handler         0x0800a87b    0x6a  Code  Gb  stm32f4xx_it.o [2]
SystemCoreClock         0x200065a8     0x4  Data  Gb  system_stm32f4xx.o [2]
SystemInit              0x0800c4fd    0xcc  Code  Gb  system_stm32f4xx.o [2]
SystemReset             0x2000935f     0x1  Data  Gb  WL9F_Monitor_APP.o [2]
System_CheckPowerIG     0x080068cb    0xf2  Code  Gb  WL9F_Monitor_APP.o [2]
System_Configuration    0x0800a705    0x18  Code  Gb  System_Init.o [2]
System_Initialize       0x0800a71d    0x66  Code  Gb  System_Init.o [2]
System_Variable_Init    0x0800a783    0x36  Code  Gb  System_Init.o [2]
TAMP_STAMP_IRQHandler   0x0800c721          Code  Wk  startup_stm32f4xx.o [2]
TIM1_BRK_TIM9_IRQHandler
                        0x0800c779          Code  Wk  startup_stm32f4xx.o [2]
TIM1_CC_IRQHandler      0x0800c785          Code  Wk  startup_stm32f4xx.o [2]
TIM1_TRG_COM_TIM11_IRQHandler
                        0x0800c781          Code  Wk  startup_stm32f4xx.o [2]
TIM1_UP_TIM10_IRQHandler
                        0x0800c77d          Code  Wk  startup_stm32f4xx.o [2]
TIM2_IRQHandler         0x0800c789          Code  Wk  startup_stm32f4xx.o [2]
TIM3_IRQHandler         0x0800c78d          Code  Wk  startup_stm32f4xx.o [2]
TIM4_IRQHandler         0x0800a9af    0x54  Code  Gb  stm32f4xx_it.o [2]
TIM5_IRQHandler         0x0800aa03    0x12  Code  Gb  stm32f4xx_it.o [2]
TIM6_DAC_IRQHandler     0x0800c7f1          Code  Wk  startup_stm32f4xx.o [2]
TIM7_IRQHandler         0x0800c7f5          Code  Wk  startup_stm32f4xx.o [2]
TIM8_BRK_TIM12_IRQHandler
                        0x0800c7c5          Code  Wk  startup_stm32f4xx.o [2]
TIM8_CC_IRQHandler      0x0800c7d1          Code  Wk  startup_stm32f4xx.o [2]
TIM8_TRG_COM_TIM14_IRQHandler
                        0x0800c7cd          Code  Wk  startup_stm32f4xx.o [2]
TIM8_UP_TIM13_IRQHandler
                        0x0800c7c9          Code  Wk  startup_stm32f4xx.o [2]
TIM_ClearITPendingBit   0x0800bde5    0x7e  Code  Gb  stm32f4xx_tim.o [2]
TIM_Cmd                 0x0800ba59    0xa6  Code  Gb  stm32f4xx_tim.o [2]
TIM_CtrlPWMOutputs      0x0800bccd    0x42  Code  Gb  stm32f4xx_tim.o [2]
TIM_ITConfig            0x0800bd15    0xa2  Code  Gb  stm32f4xx_tim.o [2]
TIM_OC1Init             0x0800bb05   0x18a  Code  Gb  stm32f4xx_tim.o [2]
TIM_TimeBaseInit        0x0800b8f9   0x12a  Code  Gb  stm32f4xx_tim.o [2]
TW2835_Control_Init     0x080059db    0x30  Code  Gb  TW2835_Control.o [2]
TW8832_Control_Init     0x08009e4f     0x2  Code  Gb  TW8832_Control.o [2]
TW8832_PortChange       0x08009cd9    0x3e  Code  Gb  TW8832_Control.o [2]
Temp                    0x2000639e     0x1  Data  Gb  TW2835_Control.o [2]
Temp_Cnt                0x20006580     0x4  Data  Gb  KeySwitch.o [2]
Temp_Value1             0x20006578     0x4  Data  Gb  KeySwitch.o [2]
Temp_Value3             0x2000657c     0x4  Data  Gb  KeySwitch.o [2]
TimeDelay_Decrement     0x08007961     0xe  Code  Gb  TimeDelay.o [2]
TimeDelay_msec          0x0800799b    0x2c  Code  Gb  TimeDelay.o [2]
TimeDelay_usec          0x08007975    0x26  Code  Gb  TimeDelay.o [2]
TimingDelay             0x2000941c     0x4  Data  Lc  TimeDelay.o [2]
TotMsgSize              0x200093ba     0x2  Data  Gb  stm32f4xx_it.o [2]
TotPacketNum            0x20008af0     0x2  Data  Gb  stm32f4xx_it.o [2]
TotalRequestCnt         0x20009020     0x1  Data  Gb  CAN_Control.o [2]
UART4_IRQHandler        0x0800aa6f    0x38  Code  Gb  stm32f4xx_it.o [2]
UART4_Receive_CMD       0x0800aaa9   0x1be  Code  Gb  stm32f4xx_it.o [2]
UART4_Receive_File      0x0800ac67    0x72  Code  Gb  stm32f4xx_it.o [2]
UART4_transmit_CMD      0x0800acd9    0x40  Code  Gb  stm32f4xx_it.o [2]
UART5_IRQHandler        0x0800c7ed          Code  Wk  startup_stm32f4xx.o [2]
USART1_IRQHandler       0x0800c7ad          Code  Wk  startup_stm32f4xx.o [2]
USART2_IRQHandler       0x0800aa15    0x5a  Code  Gb  stm32f4xx_it.o [2]
USART3_IRQHandler       0x0800c7b5          Code  Wk  startup_stm32f4xx.o [2]
USART6_IRQHandler       0x0800c835          Code  Wk  startup_stm32f4xx.o [2]
USART_COMInit           0x08007775    0x7a  Code  Gb  UART_Control.o [2]
USART_COMInit_DMA       0x080077ef    0xcc  Code  Gb  UART_Control.o [2]
USART_Cmd               0x08007bcf    0x68  Code  Gb  stm32f4xx_usart.o [2]
USART_DMACmd            0x08007cf5    0x7a  Code  Gb  stm32f4xx_usart.o [2]
USART_GetITStatus       0x08007e71    0xe2  Code  Gb  stm32f4xx_usart.o [2]
USART_ITConfig          0x08007d79    0xf8  Code  Gb  stm32f4xx_usart.o [2]
USART_Init              0x08007a41   0x18e  Code  Gb  stm32f4xx_usart.o [2]
USART_ReceiveData       0x08007c93    0x48  Code  Gb  stm32f4xx_usart.o [2]
USART_SendData          0x08007c37    0x5c  Code  Gb  stm32f4xx_usart.o [2]
USARTx_EXYNOS           0x080078f7    0x2a  Code  Gb  UART_Control.o [2]
Uart2_RxMsg_AS_Phone_Data
                        0x20009024     0x8  Data  Gb  CAN_Control.o [2]
Uart2_RxMsg_Multi_145   0x2000902c    0x18  Data  Gb  CAN_Control.o [2]
Uart2_RxMsg_Multi_161   0x20009094    0x10  Data  Gb  CAN_Control.o [2]
Uart2_RxMsg_Multi_23    0x200090f4    0x10  Data  Gb  CAN_Control.o [2]
Uart2_RxMsg_Multi_69    0x20009074    0x18  Data  Gb  CAN_Control.o [2]
Uart2_RxMsg_Save_Data1  0x2000904c     0x8  Data  Gb  CAN_Control.o [2]
Uart2_RxMsg_Save_Data2  0x20009054     0x8  Data  Gb  CAN_Control.o [2]
Uart2_RxMsg_Single_101  0x20009114     0x8  Data  Gb  CAN_Control.o [2]
Uart2_RxMsg_Single_104  0x2000911c     0x8  Data  Gb  CAN_Control.o [2]
Uart2_RxMsg_Single_105  0x20009124     0x8  Data  Gb  CAN_Control.o [2]
Uart2_RxMsg_Single_109  0x2000912c     0x8  Data  Gb  CAN_Control.o [2]
Uart2_RxMsg_Single_11   0x200090dc     0x8  Data  Gb  CAN_Control.o [2]
Uart2_RxMsg_Single_12   0x200090e4     0x8  Data  Gb  CAN_Control.o [2]
Uart2_RxMsg_Single_121  0x20009134     0x8  Data  Gb  CAN_Control.o [2]
Uart2_RxMsg_Single_123  0x2000913c     0x8  Data  Gb  CAN_Control.o [2]
Uart2_RxMsg_Single_160  0x2000908c     0x8  Data  Gb  CAN_Control.o [2]
Uart2_RxMsg_Single_162  0x20009014     0x8  Data  Gb  CAN_Control.o [2]
Uart2_RxMsg_Single_163  0x200090a4     0x8  Data  Gb  CAN_Control.o [2]
Uart2_RxMsg_Single_174  0x200090ac     0x8  Data  Gb  CAN_Control.o [2]
Uart2_RxMsg_Single_201  0x20009144     0x8  Data  Gb  CAN_Control.o [2]
Uart2_RxMsg_Single_203  0x2000914c     0x8  Data  Gb  CAN_Control.o [2]
Uart2_RxMsg_Single_21   0x200090ec     0x8  Data  Gb  CAN_Control.o [2]
Uart2_RxMsg_Single_239  0x200090cc     0x8  Data  Gb  CAN_Control.o [2]
Uart2_RxMsg_Single_239_121
                        0x200090d4     0x8  Data  Gb  CAN_Control.o [2]
Uart2_RxMsg_Single_247  0x2000915c     0x8  Data  Gb  CAN_Control.o [2]
Uart2_RxMsg_Single_251  0x200090b4     0x8  Data  Gb  CAN_Control.o [2]
Uart2_RxMsg_Single_252  0x200090bc     0x8  Data  Gb  CAN_Control.o [2]
Uart2_RxMsg_Single_253  0x200090c4     0x8  Data  Gb  CAN_Control.o [2]
Uart2_RxMsg_Single_46   0x20009064     0x8  Data  Gb  CAN_Control.o [2]
Uart2_RxMsg_Single_47   0x20009154     0x8  Data  Gb  CAN_Control.o [2]
Uart2_RxMsg_Single_61   0x20009104     0x8  Data  Gb  CAN_Control.o [2]
Uart2_RxMsg_Single_62   0x2000910c     0x8  Data  Gb  CAN_Control.o [2]
Uart2_RxMsg_Single_69   0x2000906c     0x8  Data  Gb  CAN_Control.o [2]
Uart2_RxMsg_Smk_Reg_Eli
                        0x2000905c     0x8  Data  Gb  CAN_Control.o [2]
Uart2_SerialRxCnt       0x200093cc     0x1  Data  Gb  stm32f4xx_it.o [2]
Uart2_SerialRxMsg       0x200093bc    0x10  Data  Gb  stm32f4xx_it.o [2]
Uart2_SerialTxCnt       0x20008ae8     0x1  Data  Gb  stm32f4xx_it.o [2]
Uart2_SerialTxMsg       0x200093a4    0x14  Data  Gb  stm32f4xx_it.o [2]
UpdateMode              0x20009364     0x1  Data  Gb  WL9F_Monitor_APP.o [2]
UsageFault_Handler      0x0800a873     0x2  Code  Gb  stm32f4xx_it.o [2]
WL9FM_100mSecOperationFunc
                        0x08006dc7    0x88  Code  Gb  WL9F_Monitor_APP.o [2]
WL9FM_1SecOperationFunc
                        0x08006e4f    0x7a  Code  Gb  WL9F_Monitor_APP.o [2]
WL9FM_BUZZER            0x2000940c     0x8  Data  Gb  WL9F_Monitor_APP.o [2]
WL9FM_CAMERA_nRESET     0x080079f9    0x26  Code  Gb  GPIO_Control.o [2]
WL9FM_EXYNOS_PMIC_PWRON
                        0x080079d5    0x24  Code  Gb  GPIO_Control.o [2]
WL9FM_EXYNOS_POWER_ONOFF
                        0x080079c9     0xc  Code  Gb  GPIO_Control.o [2]
WL9FM_GetPowerIG        0x08007a29     0x8  Code  Gb  GPIO_Control.o [2]
WL9FM_LCDBL             0x20009428     0x4  Data  Gb  WL9F_Monitor_APP.o [2]
WL9FM_Monitor_APP       0x08006f45    0x9a  Code  Gb  WL9F_Monitor_APP.o [2]
WL9FM_PowerIG           0x08007a1f     0xa  Code  Gb  GPIO_Control.o [2]
WL9FM_RTC               0x20009404     0x8  Data  Gb  WL9F_Monitor_APP.o [2]
WL9FM_System_Init_Start
                        0x08006ecd    0x76  Code  Gb  WL9F_Monitor_APP.o [2]
WL9FM_TIME              0x20009368    0x14  Data  Gb  WL9F_Monitor_APP.o [2]
WL9FM_USART_DATA        0x20008df8   0x214  Data  Gb  WL9F_Monitor_APP.o [2]
WL9FM_USART_FILE_DATA   0x200086c4   0x408  Data  Gb  WL9F_Monitor_APP.o [2]
WL9FM_USART_INDEX       0x20009414     0x8  Data  Gb  WL9F_Monitor_APP.o [2]
WL9FM_USART_RX_FILE_DATA
                        0x200082bc   0x408  Data  Gb  WL9F_Monitor_APP.o [2]
WL9F_CAN_Buffer_Init    0x0800a7f1    0x28  Code  Gb  stm32f4xx_it.o [2]
WL9F_CAN_Variables_Init
                        0x08008fcd   0x206  Code  Gb  CAN_Control.o [2]
WRITE_FM31xx_RTC_Companion
                        0x0800737d    0x50  Code  Gb  FM31X4.o [2]
WRITE_RTC               0x08007585    0x60  Code  Gb  FM31X4.o [2]
WRITE_RTC_Date          0x08007501    0x24  Code  Gb  FM31X4.o [2]
WRITE_RTC_Hour          0x08007525    0x20  Code  Gb  FM31X4.o [2]
WRITE_RTC_Minute        0x08007545    0x20  Code  Gb  FM31X4.o [2]
WRITE_RTC_Month         0x080074dd    0x24  Code  Gb  FM31X4.o [2]
WRITE_RTC_Second        0x08007565    0x20  Code  Gb  FM31X4.o [2]
WRITE_RTC_Year          0x080074bd    0x20  Code  Gb  FM31X4.o [2]
WWDG_IRQHandler         0x0800c719          Code  Wk  startup_stm32f4xx.o [2]
WriteAsicByte           0x080045b5   0x142  Code  Gb  TW2835_Control.o [2]
WriteAsicByteOSD        0x080042cb   0x114  Code  Gb  TW2835_Control.o [2]
WriteAsicTable          0x080046f7   0x146  Code  Gb  TW2835_Control.o [2]
WriteAsicTableOSD       0x080043df   0x1d6  Code  Gb  TW2835_Control.o [2]
WriteOSDBmpX            0x08005a25     0x2  Code  Gb  TW2835_OSD.o [2]
WriteOSDClrX            0x08005c49    0xfe  Code  Gb  TW2835_OSD.o [2]
WriteOSDClrY            0x08005d47    0xee  Code  Gb  TW2835_OSD.o [2]
Write_CAN_Single        0x080091d3    0x40  Code  Gb  CAN_Control.o [2]
Write_UART_Single       0x08009213    0x62  Code  Gb  CAN_Control.o [2]
_Rand_idx               0x2000647c     0x4  Data  Lc  rand.o [4]
_Rand_rv                0x20006480    0x80  Data  Lc  rand.o [4]
_Randinit               0x20006474     0x1  Data  Gb  rand.o [4]
_Randseed               0x20006478     0x4  Data  Gb  rand.o [4]
__aeabi_memclr          0x0800c339          Code  Gb  ABImemclr.o [6]
__aeabi_memclr4         0x0800befd          Code  Gb  ABImemclr4.o [6]
__aeabi_memcpy          0x08007695          Code  Gb  ABImemcpy.o [6]
__aeabi_memcpy4         0x080076b5          Code  Gb  ABImemcpy.o [6]
__aeabi_memcpy8         0x080076b5          Code  Gb  ABImemcpy.o [6]
__aeabi_memset          0x0800770d          Code  Gb  ABImemset.o [6]
__aeabi_memset4         0x0800bf19          Code  Gb  ABImemset48.o [6]
__aeabi_memset8         0x0800bf19          Code  Gb  ABImemset48.o [6]
__cmain                 0x0800c69d          Code  Gb  cmain.o [6]
__exit                  0x0800c4e9    0x14  Code  Gb  exit.o [7]
__iar_Memset            0x0800770d          Code  Gb  ABImemset.o [6]
__iar_Memset4_word      0x0800bf21          Code  Gb  ABImemset48.o [6]
__iar_Memset8_word      0x0800bf21          Code  Gb  ABImemset48.o [6]
__iar_Memset_word       0x08007715          Code  Gb  ABImemset.o [6]
__iar_data_init3        0x0800c62d    0x28  Code  Gb  data_init.o [6]
__iar_dlib_perthread_access
                        0x0800bf03     0x2  Code  Gb  xtls.o [4]
__iar_init_vfp          0x0800c681          Code  Gb  fpinit_M.o [5]
__iar_lz77_init3        0x0800c3a1   0x142  Code  Gb  lz77_init.o [6]
__iar_program_start     0x0800c6e9          Code  Gb  cstartup_M.o [6]
__iar_zero_init3        0x08007123    0x22  Code  Gb  zero_init3.o [6]
__low_level_init        0x0800c6b3     0x4  Code  Gb  low_level_init.o [4]
__vector_table          0x08004000          Data  Gb  startup_stm32f4xx.o [2]
_call_main              0x0800c6a9          Code  Gb  cmain.o [6]
_cipherKey              0x200065c8     0x4  Data  Lc  endecoder.o [1]
_decodeFeistel          0x08008e3d    0x4a  Code  Gb  endecoder.o [1]
_encodeFeistel          0x08008df7    0x46  Code  Gb  endecoder.o [1]
_exit                   0x0800c6bd          Code  Gb  cexit.o [6]
_main                   0x0800c6af          Code  Gb  cmain.o [6]
abort                   0x0800c4e3     0x6  Code  Gb  abort.o [4]
adc_value               0x20009354     0x2  Data  Gb  WL9F_Monitor_APP.o [2]
as_data_len             0x2000901c     0x1  Data  Gb  CAN_Control.o [2]
assert_failed           0x080064a7     0x2  Code  Gb  main.o [2]
cam_mode_change         0x08008bed    0x1c  Code  Gb  LCD_Control.o [2]
cam_mode_check          0x08008be5     0x8  Code  Gb  LCD_Control.o [2]
can_status              0x20009254     0x1  Data  Gb  CAN_Control.o [2]
can_status_buf          0x20009258    0x64  Data  Gb  CAN_Control.o [2]
can_tx_error_count      0x20009255     0x1  Data  Gb  CAN_Control.o [2]
check_as_data_len       0x2000901d     0x1  Data  Gb  CAN_Control.o [2]
cmn_bot                 0x2000639c     0x1  Data  Gb  TW2835_Control.o [2]
cmn_cnt_vs_sub          0x2000639d     0x1  Data  Gb  TW2835_Control.o [2]
cmn_flg                 0x200063a0     0x4  Data  Gb  TW2835_Control.o [2]
ct_CHANNEL              0x20006500    0x50  Data  Gb  TW2835_OSD.o [2]
decode                  0x08008ee7    0x2c  Code  Gb  endecoder.o [1]
download_enable_code    0x20004e30     0x8  Data  Gb  M25PXX.o [2]
eepRomReadData1         0x2000931c    0x20  Data  Gb  WL9F_Monitor_APP.o [2]
encode                  0x08008e91    0x56  Code  Gb  endecoder.o [1]
exit                    0x0800c6b7     0x4  Code  Gb  exit.o [4]
expand                  0x08008d41    0x4c  Code  Gb  endecoder.o [1]
expand_tb               0x0800c6c8    0x10  Data  Gb  endecoder.o [1]
fatoryinit_enable_code  0x20004e38     0x8  Data  Gb  M25PXX.o [2]
flag_skip_multi_packet  0x2000901e     0x1  Data  Gb  CAN_Control.o [2]
gAuthentication_Cnt     0x2000938c     0x1  Data  Gb  WL9F_Monitor_APP.o [2]
gRebootCmd              0x20009362     0x1  Data  Gb  WL9F_Monitor_APP.o [2]
gStartHCE_DT            0x20009359     0x1  Data  Gb  WL9F_Monitor_APP.o [2]
getKey                  0x08008dc7    0x30  Code  Gb  endecoder.o [1]
gt_CHANNEL_CH1_O        0x2000524c   0x378  Data  Gb  TW2835_OSD.o [2]
gt_CHANNEL_CH2_O        0x200055c4   0x378  Data  Gb  TW2835_OSD.o [2]
gt_CHANNEL_CH3_O        0x2000593c   0x378  Data  Gb  TW2835_OSD.o [2]
gt_CHANNEL_CH4_O        0x20005cb4   0x378  Data  Gb  TW2835_OSD.o [2]
gt_CHANNEL_blank        0x20000000  0x2718  Data  Gb  TW2835_OSD.o [2]
gt_CHANNEL_x            0x20002718  0x2718  Data  Gb  TW2835_OSD.o [2]
main                    0x08006475     0xa  Code  Gb  main.o [2]
memcmp                  0x0800bf55          Code  Gb  memcmp.o [6]
memset                  0x0800bf05    0x14  Code  Gb  CAN_Control.o [2]
pWriteBufPos            0x20008aee     0x2  Data  Gb  stm32f4xx_it.o [2]
pgn                     0x20008af4     0x4  Data  Gb  stm32f4xx_it.o [2]
rand                    0x08008c61    0xe0  Code  Gb  rand.o [4]
rand_value              0x20009398     0x8  Data  Gb  WL9F_Monitor_APP.o [2]
read_clock              0x08006601    0x52  Code  Gb  WL9F_Monitor_APP.o [2]
recv_smartkey           0x20009384     0x8  Data  Gb  WL9F_Monitor_APP.o [2]
ring_buf                0x20008af8   0x300  Data  Gb  stm32f4xx_it.o [2]
rx_CMD_LAMP             0x200092c0     0x8  Data  Gb  LAMP_Control.o [2]
rx_Realy_Control        0x200093f0     0x8  Data  Gb  LAMP_Control.o [2]
s_boxA                  0x0800c5ec    0x40  Data  Gb  endecoder.o [1]
send_smartkey           0x20009390     0x8  Data  Gb  WL9F_Monitor_APP.o [2]
setCipherParam          0x08008e87     0xa  Code  Gb  endecoder.o [1]
smk_flag_data           0x200093a0     0x4  Data  Gb  WL9F_Monitor_APP.o [2]
tbl_ntsc_pg2_2dbox      0x200063f4    0x20  Data  Gb  TW2835_Control.o [2]
tbl_ntsc_pg2_mtn        0x20006414    0x20  Data  Gb  TW2835_Control.o [2]
tbl_pal_pg2_2dbox       0x20006434    0x20  Data  Gb  TW2835_Control.o [2]
tbl_pal_pg2_mtn         0x20006454    0x20  Data  Gb  TW2835_Control.o [2]
tbl_pg2_mse_box         0x200063a4    0x50  Data  Gb  TW2835_Control.o [2]
temp1024                0x20004e4c   0x400  Data  Gb  M25PXX.o [2]
temp3                   0x20004e44     0x8  Data  Gb  M25PXX.o [2]
temp_crc                0x20004e42     0x2  Data  Gb  M25PXX.o [2]
tmpBuf                  0x2000900c     0x8  Data  Gb  CAN_Control.o [2]
tmpMcuInfoData          0x20009204    0x50  Data  Gb  CAN_Control.o [2]
tp_cm_bam               0x20009044     0x4  Data  Gb  CAN_Control.o [2]
tp_cm_bam_TotPacketNum  0x20009022     0x1  Data  Gb  CAN_Control.o [2]


[1] = C:\Tools\WL9F\WL_F_Monitor_APP_DMA\Platform\COMMON\SRC
[2] = C:\Tools\WL9F\WL_F_Monitor_APP_DMA\Project\Debug\Obj
[3] = command line
[4] = dl7M_tlf.a
[5] = m7M_tlv.a
[6] = rt7M_tl.a
[7] = shb_l.a

  34 786 bytes of readonly  code memory
   3 463 bytes of readonly  data memory
  39 982 bytes of readwrite data memory

Errors: none
Warnings: none
