###############################################################################
#                                                                             #
# IAR ELF Linker V6.50.1.4415/W32 for ARM               19/May/2016  15:14:17 #
# Copyright 2007-2012 IAR Systems AB.                                         #
#                                                                             #
#    Output file  =  C:\Tools\WL9F\WLF Monitor -                              #
#                    STM32_APP\Project\Debug\Exe\WL9F_Monitor_APP.out         #
#    Map file     =  C:\Tools\WL9F\WLF Monitor -                              #
#                    STM32_APP\Project\Debug\List\WL9F_Monitor_APP.map        #
#    Command line =  "C:\Tools\WL9F\WLF Monitor -                             #
#                    STM32_APP\Platform\COMMON\SRC\endecoder.o"               #
#                    "C:\Tools\WL9F\WLF Monitor -                             #
#                    STM32_APP\Project\Debug\Obj\Buzzer.o"                    #
#                    "C:\Tools\WL9F\WLF Monitor -                             #
#                    STM32_APP\Project\Debug\Obj\CAN_Control.o"               #
#                    "C:\Tools\WL9F\WLF Monitor -                             #
#                    STM32_APP\Project\Debug\Obj\DPRAM_Control.o"             #
#                    "C:\Tools\WL9F\WLF Monitor -                             #
#                    STM32_APP\Project\Debug\Obj\FM31X4.o"                    #
#                    "C:\Tools\WL9F\WLF Monitor -                             #
#                    STM32_APP\Project\Debug\Obj\GPIO_Control.o"              #
#                    "C:\Tools\WL9F\WLF Monitor -                             #
#                    STM32_APP\Project\Debug\Obj\Hardware_Version.o"          #
#                    "C:\Tools\WL9F\WLF Monitor -                             #
#                    STM32_APP\Project\Debug\Obj\KeySwitch.o"                 #
#                    "C:\Tools\WL9F\WLF Monitor -                             #
#                    STM32_APP\Project\Debug\Obj\LAMP_Control.o"              #
#                    "C:\Tools\WL9F\WLF Monitor -                             #
#                    STM32_APP\Project\Debug\Obj\LCD_Control.o"               #
#                    "C:\Tools\WL9F\WLF Monitor -                             #
#                    STM32_APP\Project\Debug\Obj\M25PXX.o"                    #
#                    "C:\Tools\WL9F\WLF Monitor -                             #
#                    STM32_APP\Project\Debug\Obj\RTC.o" "C:\Tools\WL9F\WLF    #
#                    Monitor - STM32_APP\Project\Debug\Obj\System_Debug.o"    #
#                    "C:\Tools\WL9F\WLF Monitor -                             #
#                    STM32_APP\Project\Debug\Obj\System_Init.o"               #
#                    "C:\Tools\WL9F\WLF Monitor -                             #
#                    STM32_APP\Project\Debug\Obj\TW2835_Control.o"            #
#                    "C:\Tools\WL9F\WLF Monitor -                             #
#                    STM32_APP\Project\Debug\Obj\TW2835_OSD.o"                #
#                    "C:\Tools\WL9F\WLF Monitor -                             #
#                    STM32_APP\Project\Debug\Obj\TW8816_Control.o"            #
#                    "C:\Tools\WL9F\WLF Monitor -                             #
#                    STM32_APP\Project\Debug\Obj\TW8816_OSD.o"                #
#                    "C:\Tools\WL9F\WLF Monitor -                             #
#                    STM32_APP\Project\Debug\Obj\TW8832_Control.o"            #
#                    "C:\Tools\WL9F\WLF Monitor -                             #
#                    STM32_APP\Project\Debug\Obj\TW8832_OSD.o"                #
#                    "C:\Tools\WL9F\WLF Monitor -                             #
#                    STM32_APP\Project\Debug\Obj\TimeDelay.o"                 #
#                    "C:\Tools\WL9F\WLF Monitor -                             #
#                    STM32_APP\Project\Debug\Obj\UART_Control.o"              #
#                    "C:\Tools\WL9F\WLF Monitor -                             #
#                    STM32_APP\Project\Debug\Obj\WL9F_Monitor_APP.o"          #
#                    "C:\Tools\WL9F\WLF Monitor -                             #
#                    STM32_APP\Project\Debug\Obj\main.o" "C:\Tools\WL9F\WLF   #
#                    Monitor - STM32_APP\Project\Debug\Obj\misc.o"            #
#                    "C:\Tools\WL9F\WLF Monitor -                             #
#                    STM32_APP\Project\Debug\Obj\startup_stm32f4xx.o"         #
#                    "C:\Tools\WL9F\WLF Monitor -                             #
#                    STM32_APP\Project\Debug\Obj\stm324xg_eval.o"             #
#                    "C:\Tools\WL9F\WLF Monitor -                             #
#                    STM32_APP\Project\Debug\Obj\stm32f4xx_adc.o"             #
#                    "C:\Tools\WL9F\WLF Monitor -                             #
#                    STM32_APP\Project\Debug\Obj\stm32f4xx_can.o"             #
#                    "C:\Tools\WL9F\WLF Monitor -                             #
#                    STM32_APP\Project\Debug\Obj\stm32f4xx_crc.o"             #
#                    "C:\Tools\WL9F\WLF Monitor -                             #
#                    STM32_APP\Project\Debug\Obj\stm32f4xx_cryp.o"            #
#                    "C:\Tools\WL9F\WLF Monitor -                             #
#                    STM32_APP\Project\Debug\Obj\stm32f4xx_cryp_aes.o"        #
#                    "C:\Tools\WL9F\WLF Monitor -                             #
#                    STM32_APP\Project\Debug\Obj\stm32f4xx_cryp_des.o"        #
#                    "C:\Tools\WL9F\WLF Monitor -                             #
#                    STM32_APP\Project\Debug\Obj\stm32f4xx_cryp_tdes.o"       #
#                    "C:\Tools\WL9F\WLF Monitor -                             #
#                    STM32_APP\Project\Debug\Obj\stm32f4xx_dac.o"             #
#                    "C:\Tools\WL9F\WLF Monitor -                             #
#                    STM32_APP\Project\Debug\Obj\stm32f4xx_dbgmcu.o"          #
#                    "C:\Tools\WL9F\WLF Monitor -                             #
#                    STM32_APP\Project\Debug\Obj\stm32f4xx_dcmi.o"            #
#                    "C:\Tools\WL9F\WLF Monitor -                             #
#                    STM32_APP\Project\Debug\Obj\stm32f4xx_dma.o"             #
#                    "C:\Tools\WL9F\WLF Monitor -                             #
#                    STM32_APP\Project\Debug\Obj\stm32f4xx_exti.o"            #
#                    "C:\Tools\WL9F\WLF Monitor -                             #
#                    STM32_APP\Project\Debug\Obj\stm32f4xx_flash.o"           #
#                    "C:\Tools\WL9F\WLF Monitor -                             #
#                    STM32_APP\Project\Debug\Obj\stm32f4xx_fsmc.o"            #
#                    "C:\Tools\WL9F\WLF Monitor -                             #
#                    STM32_APP\Project\Debug\Obj\stm32f4xx_gpio.o"            #
#                    "C:\Tools\WL9F\WLF Monitor -                             #
#                    STM32_APP\Project\Debug\Obj\stm32f4xx_hash.o"            #
#                    "C:\Tools\WL9F\WLF Monitor -                             #
#                    STM32_APP\Project\Debug\Obj\stm32f4xx_hash_md5.o"        #
#                    "C:\Tools\WL9F\WLF Monitor -                             #
#                    STM32_APP\Project\Debug\Obj\stm32f4xx_hash_sha1.o"       #
#                    "C:\Tools\WL9F\WLF Monitor -                             #
#                    STM32_APP\Project\Debug\Obj\stm32f4xx_i2c.o"             #
#                    "C:\Tools\WL9F\WLF Monitor -                             #
#                    STM32_APP\Project\Debug\Obj\stm32f4xx_it.o"              #
#                    "C:\Tools\WL9F\WLF Monitor -                             #
#                    STM32_APP\Project\Debug\Obj\stm32f4xx_iwdg.o"            #
#                    "C:\Tools\WL9F\WLF Monitor -                             #
#                    STM32_APP\Project\Debug\Obj\stm32f4xx_pwr.o"             #
#                    "C:\Tools\WL9F\WLF Monitor -                             #
#                    STM32_APP\Project\Debug\Obj\stm32f4xx_rcc.o"             #
#                    "C:\Tools\WL9F\WLF Monitor -                             #
#                    STM32_APP\Project\Debug\Obj\stm32f4xx_rng.o"             #
#                    "C:\Tools\WL9F\WLF Monitor -                             #
#                    STM32_APP\Project\Debug\Obj\stm32f4xx_rtc.o"             #
#                    "C:\Tools\WL9F\WLF Monitor -                             #
#                    STM32_APP\Project\Debug\Obj\stm32f4xx_sdio.o"            #
#                    "C:\Tools\WL9F\WLF Monitor -                             #
#                    STM32_APP\Project\Debug\Obj\stm32f4xx_spi.o"             #
#                    "C:\Tools\WL9F\WLF Monitor -                             #
#                    STM32_APP\Project\Debug\Obj\stm32f4xx_syscfg.o"          #
#                    "C:\Tools\WL9F\WLF Monitor -                             #
#                    STM32_APP\Project\Debug\Obj\stm32f4xx_tim.o"             #
#                    "C:\Tools\WL9F\WLF Monitor -                             #
#                    STM32_APP\Project\Debug\Obj\stm32f4xx_usart.o"           #
#                    "C:\Tools\WL9F\WLF Monitor -                             #
#                    STM32_APP\Project\Debug\Obj\stm32f4xx_wwdg.o"            #
#                    "C:\Tools\WL9F\WLF Monitor -                             #
#                    STM32_APP\Project\Debug\Obj\system_stm32f4xx.o"          #
#                    --redirect _Printf=_PrintfFull --redirect                #
#                    _Scanf=_ScanfFull -o "C:\Tools\WL9F\WLF Monitor -        #
#                    STM32_APP\Project\Debug\Exe\WL9F_Monitor_APP.out" --map  #
#                    "C:\Tools\WL9F\WLF Monitor -                             #
#                    STM32_APP\Project\Debug\List\WL9F_Monitor_APP.map"       #
#                    --config "C:\Tools\WL9F\WLF Monitor -                    #
#                    STM32_APP\Project\LinkerConfiguration\stm32f4xx_flash.ic #
#                    f" --semihosting --entry __iar_program_start --vfe       #
#                                                                             #
#                                                                             #
###############################################################################

*******************************************************************************
*** RUNTIME MODEL ATTRIBUTES
***

CppFlavor                     = *
__Heap_Handler                = Basic
__SystemLibrary               = DLib
__dlib_dynamic_initialization = normal


*******************************************************************************
*** PLACEMENT SUMMARY
***

"A1":  place at 0x08004000 { ro section .intvec };
"P1":  place in [from 0x08004000 to 0x080fffff] { ro };
"P2":  place in [from 0x20000000 to 0x2001ffff] { rw, block CSTACK, block HEAP };

  Section             Kind        Address    Size  Object
  -------             ----        -------    ----  ------
"A1":                                       0x188
  .intvec             ro code  0x08004000   0x188  startup_stm32f4xx.o [2]
                             - 0x08004188   0x188

"P1":                                      0xb648
  .text               ro code  0x08004188  0x189c  TW2835_Control.o [2]
  .text               ro code  0x08005a24   0x460  TW2835_OSD.o [2]
  .text               ro code  0x08005e84   0x5f4  stm32f4xx_gpio.o [2]
  .text               ro code  0x08006478    0x34  main.o [2]
  .text               ro code  0x080064ac   0xb98  WL9F_Monitor_APP.o [2]
  .text               ro code  0x08007044    0xe2  stm324xg_eval.o [2]
  .text               ro code  0x08007126    0x22  zero_init3.o [6]
  .text               ro code  0x08007148   0x5e8  RTC.o [2]
  .text               ro code  0x08007730   0x388  FM31X4.o [2]
  .text               ro code  0x08007ab8    0x7a  TimeDelay.o [2]
  .text               ro code  0x08007b34   0x1fc  UART_Control.o [2]
  .text               ro code  0x08007d30   0x6ec  M25PXX.o [2]
  .text               ro code  0x0800841c    0xb8  GPIO_Control.o [2]
  .text               ro code  0x080084d4    0x9c  Buzzer.o [2]
  .text               ro code  0x08008570   0x2c0  KeySwitch.o [2]
  .text               ro code  0x08008830   0x590  stm32f4xx_usart.o [2]
  .text               ro code  0x08008dc0   0x640  stm32f4xx_can.o [2]
  .text               ro code  0x08009400   0x1f0  LAMP_Control.o [2]
  .text               ro code  0x080095f0   0x1dc  LCD_Control.o [2]
  .text               ro code  0x080097cc    0xe0  rand.o [4]
  .text               ro code  0x080098ac   0x1e0  endecoder.o [1]
  .text               ro code  0x08009a8c   0x764  CAN_Control.o [2]
  .text               ro code  0x0800a1f0   0x4b0  TW8816_Control.o [2]
  .text               ro code  0x0800a6a0    0xc4  Hardware_Version.o [2]
  .text               ro code  0x0800a764   0xb88  System_Init.o [2]
  .text               ro code  0x0800b2ec   0x3e6  TW8816_OSD.o [2]
  .text               ro code  0x0800b6d4   0x7b8  stm32f4xx_it.o [2]
  .text               ro code  0x0800be8c   0x2dc  stm32f4xx_rcc.o [2]
  .text               ro code  0x0800c168   0x138  misc.o [2]
  .text               ro code  0x0800c2a0   0x7cc  stm32f4xx_dma.o [2]
  .text               ro code  0x0800ca6c    0x76  ABImemcpy.o [6]
  .text               ro code  0x0800cae4    0x3a  ABImemset48.o [6]
  .text               ro code  0x0800cb20    0x62  memcmp.o [6]
  .text               ro code  0x0800cb84   0x60c  stm32f4xx_tim.o [2]
  .text               ro code  0x0800d190     0x6  ABImemclr4.o [6]
  .text               ro code  0x0800d196     0x2  xtls.o [4]
  .text               ro code  0x0800d198    0x14  CAN_Control.o [2]
  .text               ro code  0x0800d1ac    0x66  ABImemset.o [6]
  .text               ro code  0x0800d214   0x188  TW8832_Control.o [2]
  .text               ro code  0x0800d39c   0x56c  stm32f4xx_adc.o [2]
  .text               ro code  0x0800d908     0x6  ABImemclr.o [6]
  .text               ro code  0x0800d90e   0x1a4  lz77_init.o [6]
  .text               ro code  0x0800dab2     0x6  abort.o [4]
  .text               ro code  0x0800dab8    0x14  exit.o [7]
  .text               ro code  0x0800dacc    0xf0  system_stm32f4xx.o [2]
  .rodata             const    0x0800dbbc    0x40  endecoder.o [1]
  .text               ro code  0x0800dbfc    0x28  data_init.o [6]
  .iar.init_table     const    0x0800dc24    0x2c  - Linker created -
  .text               ro code  0x0800dc50    0x1a  fpinit_M.o [5]
  .text               ro code  0x0800dc6c    0x16  cmain.o [6]
  .text               ro code  0x0800dc82     0x4  low_level_init.o [4]
  .text               ro code  0x0800dc86     0x4  exit.o [4]
  .text               ro code  0x0800dc8c     0xa  cexit.o [6]
  .rodata             const    0x0800dc98    0x10  endecoder.o [1]
  .text               ro code  0x0800dca8    0x10  startup_stm32f4xx.o [2]
  .text               ro code  0x0800dcb8     0xc  cstartup_M.o [6]
  .text               ro code  0x0800dcc4     0x4  startup_stm32f4xx.o [2]
  .text               ro code  0x0800dcc8     0x4  startup_stm32f4xx.o [2]
  .text               ro code  0x0800dccc     0x4  startup_stm32f4xx.o [2]
  .text               ro code  0x0800dcd0     0x4  startup_stm32f4xx.o [2]
  .text               ro code  0x0800dcd4     0x4  startup_stm32f4xx.o [2]
  .text               ro code  0x0800dcd8     0x4  startup_stm32f4xx.o [2]
  .text               ro code  0x0800dcdc     0x4  startup_stm32f4xx.o [2]
  .text               ro code  0x0800dce0     0x4  startup_stm32f4xx.o [2]
  .text               ro code  0x0800dce4     0x4  startup_stm32f4xx.o [2]
  .text               ro code  0x0800dce8     0x4  startup_stm32f4xx.o [2]
  .text               ro code  0x0800dcec     0x4  startup_stm32f4xx.o [2]
  .text               ro code  0x0800dcf0     0x4  startup_stm32f4xx.o [2]
  .text               ro code  0x0800dcf4     0x4  startup_stm32f4xx.o [2]
  .text               ro code  0x0800dcf8     0x4  startup_stm32f4xx.o [2]
  .text               ro code  0x0800dcfc     0x4  startup_stm32f4xx.o [2]
  .text               ro code  0x0800dd00     0x4  startup_stm32f4xx.o [2]
  .text               ro code  0x0800dd04     0x4  startup_stm32f4xx.o [2]
  .text               ro code  0x0800dd08     0x4  startup_stm32f4xx.o [2]
  .text               ro code  0x0800dd0c     0x4  startup_stm32f4xx.o [2]
  .text               ro code  0x0800dd10     0x4  startup_stm32f4xx.o [2]
  .text               ro code  0x0800dd14     0x4  startup_stm32f4xx.o [2]
  .text               ro code  0x0800dd18     0x4  startup_stm32f4xx.o [2]
  .text               ro code  0x0800dd1c     0x4  startup_stm32f4xx.o [2]
  .text               ro code  0x0800dd20     0x4  startup_stm32f4xx.o [2]
  .text               ro code  0x0800dd24     0x4  startup_stm32f4xx.o [2]
  .text               ro code  0x0800dd28     0x4  startup_stm32f4xx.o [2]
  .text               ro code  0x0800dd2c     0x4  startup_stm32f4xx.o [2]
  .text               ro code  0x0800dd30     0x4  startup_stm32f4xx.o [2]
  .text               ro code  0x0800dd34     0x4  startup_stm32f4xx.o [2]
  .text               ro code  0x0800dd38     0x4  startup_stm32f4xx.o [2]
  .text               ro code  0x0800dd3c     0x4  startup_stm32f4xx.o [2]
  .text               ro code  0x0800dd40     0x4  startup_stm32f4xx.o [2]
  .text               ro code  0x0800dd44     0x4  startup_stm32f4xx.o [2]
  .text               ro code  0x0800dd48     0x4  startup_stm32f4xx.o [2]
  .text               ro code  0x0800dd4c     0x4  startup_stm32f4xx.o [2]
  .text               ro code  0x0800dd50     0x4  startup_stm32f4xx.o [2]
  .text               ro code  0x0800dd54     0x4  startup_stm32f4xx.o [2]
  .text               ro code  0x0800dd58     0x4  startup_stm32f4xx.o [2]
  .text               ro code  0x0800dd5c     0x4  startup_stm32f4xx.o [2]
  .text               ro code  0x0800dd60     0x4  startup_stm32f4xx.o [2]
  .text               ro code  0x0800dd64     0x4  startup_stm32f4xx.o [2]
  .text               ro code  0x0800dd68     0x4  startup_stm32f4xx.o [2]
  .text               ro code  0x0800dd6c     0x4  startup_stm32f4xx.o [2]
  .text               ro code  0x0800dd70     0x4  startup_stm32f4xx.o [2]
  .text               ro code  0x0800dd74     0x4  startup_stm32f4xx.o [2]
  .text               ro code  0x0800dd78     0x4  startup_stm32f4xx.o [2]
  .text               ro code  0x0800dd7c     0x4  startup_stm32f4xx.o [2]
  .text               ro code  0x0800dd80     0x4  startup_stm32f4xx.o [2]
  .text               ro code  0x0800dd84     0x4  startup_stm32f4xx.o [2]
  .text               ro code  0x0800dd88     0x4  startup_stm32f4xx.o [2]
  .text               ro code  0x0800dd8c     0x4  startup_stm32f4xx.o [2]
  .text               ro code  0x0800dd90     0x4  startup_stm32f4xx.o [2]
  .text               ro code  0x0800dd94     0x4  startup_stm32f4xx.o [2]
  .text               ro code  0x0800dd98     0x4  startup_stm32f4xx.o [2]
  .text               ro code  0x0800dd9c     0x4  startup_stm32f4xx.o [2]
  .text               ro code  0x0800dda0     0x4  startup_stm32f4xx.o [2]
  .text               ro code  0x0800dda4     0x4  startup_stm32f4xx.o [2]
  .text               ro code  0x0800dda8     0x4  startup_stm32f4xx.o [2]
  .text               ro code  0x0800ddac     0x4  startup_stm32f4xx.o [2]
  .text               ro code  0x0800ddb0     0x4  startup_stm32f4xx.o [2]
  .text               ro code  0x0800ddb4     0x4  startup_stm32f4xx.o [2]
  .text               ro code  0x0800ddb8     0x4  startup_stm32f4xx.o [2]
  .text               ro code  0x0800ddbc     0x4  startup_stm32f4xx.o [2]
  .text               ro code  0x0800ddc0     0x4  startup_stm32f4xx.o [2]
  .text               ro code  0x0800ddc4     0x4  startup_stm32f4xx.o [2]
  .text               ro code  0x0800ddc8     0x4  startup_stm32f4xx.o [2]
  .text               ro code  0x0800ddcc     0x4  startup_stm32f4xx.o [2]
  .text               ro code  0x0800ddd0     0x4  startup_stm32f4xx.o [2]
  .text               ro code  0x0800ddd4     0x4  startup_stm32f4xx.o [2]
  .text               ro code  0x0800ddd8     0x4  startup_stm32f4xx.o [2]
  .text               ro code  0x0800dddc     0x4  startup_stm32f4xx.o [2]
  .text               ro code  0x0800dde0     0x4  startup_stm32f4xx.o [2]
  .text               ro code  0x0800dde4     0x4  startup_stm32f4xx.o [2]
  .text               ro code  0x0800dde8     0x4  startup_stm32f4xx.o [2]
  .text               ro code  0x0800ddec     0x4  startup_stm32f4xx.o [2]
  .text               ro code  0x0800ddf0     0x4  startup_stm32f4xx.o [2]
  .text               ro code  0x0800ddf4     0x4  startup_stm32f4xx.o [2]
  .text               ro code  0x0800ddf8     0x4  startup_stm32f4xx.o [2]
  .text               ro code  0x0800ddfc     0x4  startup_stm32f4xx.o [2]
  .text               ro code  0x0800de00     0x4  startup_stm32f4xx.o [2]
  .text               ro code  0x0800de04     0x4  startup_stm32f4xx.o [2]
  .text               ro code  0x0800de08     0x4  startup_stm32f4xx.o [2]
  .text               ro code  0x0800de0c     0x4  startup_stm32f4xx.o [2]
  .text               ro code  0x0800de10     0x4  startup_stm32f4xx.o [2]
  .text               ro code  0x0800de14     0x4  startup_stm32f4xx.o [2]
  .text               ro code  0x0800de18     0x4  startup_stm32f4xx.o [2]
  .text               ro code  0x0800de1c     0x4  startup_stm32f4xx.o [2]
  .text               ro code  0x0800de20     0x4  startup_stm32f4xx.o [2]
  .text               ro code  0x0800de24     0x4  startup_stm32f4xx.o [2]
  .text               ro code  0x0800de28     0x4  startup_stm32f4xx.o [2]
  .text               ro code  0x0800de2c     0x4  startup_stm32f4xx.o [2]
  .rodata             const    0x0800de30     0x0  zero_init3.o [6]
  .rodata             const    0x0800de30     0x0  lz77_init.o [6]
  Initializer bytes   ro data  0x0800de30  0x199d  <for P2 s0>
                             - 0x0800f7cd  0xb645

"P2", part 1 of 3:                         0xc8c8
  P2 s0                        0x20000000  0xc8c6  <Init block>
    .data             inited   0x20000000  0x5eec  TW8816_Control.o [2]
    .data             inited   0x20005eec  0x2718  TW2835_OSD.o [2]
    .data             inited   0x20008604  0x2718  TW2835_OSD.o [2]
    .data             inited   0x2000ad1c   0x41c  M25PXX.o [2]
    .data             inited   0x2000b138   0x404  TW8816_Control.o [2]
    .data             inited   0x2000b53c   0x378  TW2835_OSD.o [2]
    .data             inited   0x2000b8b4   0x378  TW2835_OSD.o [2]
    .data             inited   0x2000bc2c   0x378  TW2835_OSD.o [2]
    .data             inited   0x2000bfa4   0x378  TW2835_OSD.o [2]
    .data             inited   0x2000c31c   0x200  TW2835_Control.o [2]
    .data             inited   0x2000c51c   0x170  TW8832_Control.o [2]
    .data             inited   0x2000c68c    0xd8  TW2835_Control.o [2]
    __DLIB_PERTHREAD  inited   0x2000c764    0x8c  rand.o [4]
    .data             inited   0x2000c7f0    0x50  TW2835_OSD.o [2]
    .data             inited   0x2000c840    0x3c  KeySwitch.o [2]
    .data             inited   0x2000c87c    0x14  UART_Control.o [2]
    .data             inited   0x2000c890    0x14  system_stm32f4xx.o [2]
    .data             inited   0x2000c8a4    0x10  stm32f4xx_rcc.o [2]
    .data             inited   0x2000c8b4     0xc  stm324xg_eval.o [2]
    .data             inited   0x2000c8c0     0x4  endecoder.o [1]
    .data             inited   0x2000c8c4     0x1  LCD_Control.o [2]
    .data             inited   0x2000c8c5     0x1  LCD_Control.o [2]
                             - 0x2000c8c6  0xc8c6

"P2", part 2 of 3:                         0x2d98
  .bss                zero     0x2000c8c8  0x10f4  CAN_Control.o [2]
  .bss                zero     0x2000d9bc   0xc00  CAN_Control.o [2]
  .bss                zero     0x2000e5bc   0x408  WL9F_Monitor_APP.o [2]
  .bss                zero     0x2000e9c4   0x408  WL9F_Monitor_APP.o [2]
  .bss                zero     0x2000edcc   0x330  stm32f4xx_it.o [2]
  .bss                zero     0x2000f0fc   0x214  WL9F_Monitor_APP.o [2]
  .bss                zero     0x2000f310   0x158  CAN_Control.o [2]
  .bss                zero     0x2000f468    0x6a  CAN_Control.o [2]
  .bss                zero     0x2000f4d2     0x2  Buzzer.o [2]
  .bss                zero     0x2000f4d4    0x5c  LAMP_Control.o [2]
  .bss                zero     0x2000f530    0x40  WL9F_Monitor_APP.o [2]
  .bss                zero     0x2000f570    0x3a  WL9F_Monitor_APP.o [2]
  .bss                zero     0x2000f5aa     0x2  CAN_Control.o [2]
  .bss                zero     0x2000f5ac    0x18  WL9F_Monitor_APP.o [2]
  .bss                zero     0x2000f5c4    0x15  stm32f4xx_it.o [2]
  .bss                zero     0x2000f5da     0x2  stm32f4xx_it.o [2]
  .bss                zero     0x2000f5dc    0x11  stm32f4xx_it.o [2]
  .bss                zero     0x2000f5ed     0x1  LAMP_Control.o [2]
  .bss                zero     0x2000f5ee     0x1  LAMP_Control.o [2]
  .bss                zero     0x2000f5ef     0x1  LCD_Control.o [2]
  .bss                zero     0x2000f5f0    0x10  WL9F_Monitor_APP.o [2]
  .bss                zero     0x2000f600    0x10  WL9F_Monitor_APP.o [2]
  .bss                zero     0x2000f610     0xc  LAMP_Control.o [2]
  .bss                zero     0x2000f61c     0x8  WL9F_Monitor_APP.o [2]
  .bss                zero     0x2000f624     0x8  WL9F_Monitor_APP.o [2]
  .bss                zero     0x2000f62c     0x8  WL9F_Monitor_APP.o [2]
  .bss                zero     0x2000f634     0x8  WL9F_Monitor_APP.o [2]
  .bss                zero     0x2000f63c     0x4  Hardware_Version.o [2]
  .bss                zero     0x2000f640     0x8  stm32f4xx_it.o [2]
  .bss                zero     0x2000f648     0x4  TimeDelay.o [2]
  .bss                zero     0x2000f64c     0x4  WL9F_Monitor_APP.o [2]
  .bss                zero     0x2000f650     0x4  WL9F_Monitor_APP.o [2]
  .bss                zero     0x2000f654     0x4  WL9F_Monitor_APP.o [2]
  .bss                zero     0x2000f658     0x1  stm32f4xx_it.o [2]
  .bss                zero     0x2000f659     0x1  stm32f4xx_it.o [2]
  .bss                zero     0x2000f65a     0x1  stm32f4xx_it.o [2]
  .bss                zero     0x2000f65b     0x1  stm32f4xx_it.o [2]
                             - 0x2000f65c  0x2d94

"P2", part 3 of 3:                          0x800
  CSTACK                       0x2000f660   0x800  <Block>
    CSTACK            uninit   0x2000f660   0x800  <Block tail>
                             - 0x2000fe60   0x800


*******************************************************************************
*** INIT TABLE
***

          Address     Size
          -------     ----
Zero (__iar_zero_init3)
    1 destination range, total size 0x2d94:
          0x2000c8c8  0x2d94

Copy/lz77 (__iar_lz77_init3)
    1 source range, total size 0x199d (12% of destination):
          0x0800de30  0x199d
    1 destination range, total size 0xc8c6:
          0x20000000  0xc8c6



*******************************************************************************
*** MODULE SUMMARY
***

    Module               ro code  ro data  rw data
    ------               -------  -------  -------
C:\Tools\WL9F\WLF Monitor - STM32_APP\Platform\COMMON\SRC: [1]
    endecoder.o              480       80        4
    ----------------------------------------------
    Total:                   480       80        4

C:\Tools\WL9F\WLF Monitor - STM32_APP\Project\Debug\Obj: [2]
    Buzzer.o                 156                 2
    CAN_Control.o          1 912             7 864
    FM31X4.o                 904
    GPIO_Control.o           184
    Hardware_Version.o       196                 4
    KeySwitch.o              704        8       60
    LAMP_Control.o           496               106
    LCD_Control.o            476        1        3
    M25PXX.o               1 772      134    1 052
    RTC.o                  1 512
    System_Init.o          2 952
    TW2835_Control.o       6 300       92      728
    TW2835_OSD.o           1 120    3 017   23 648
    TW8816_Control.o       1 200    3 231   25 328
    TW8816_OSD.o             998
    TW8832_Control.o         392       47      368
    TimeDelay.o              122                 4
    UART_Control.o           508        3       20
    WL9F_Monitor_APP.o     2 968             2 818
    main.o                    52
    misc.o                   312
    startup_stm32f4xx.o      772
    stm324xg_eval.o          226        2       12
    stm32f4xx_adc.o        1 388
    stm32f4xx_can.o        1 600
    stm32f4xx_dma.o        1 996
    stm32f4xx_gpio.o       1 524
    stm32f4xx_it.o         1 976               868
    stm32f4xx_rcc.o          732        2       16
    stm32f4xx_tim.o        1 548
    stm32f4xx_usart.o      1 424
    system_stm32f4xx.o       240        2       20
    ----------------------------------------------
    Total:                38 662    6 539   62 921

command line: [3]
    ----------------------------------------------
    Total:

dl7M_tlf.a: [4]
    abort.o                    6
    exit.o                     4
    low_level_init.o           4
    rand.o                   224       18      140
    xtls.o                     2
    ----------------------------------------------
    Total:                   240       18      140

m7M_tlv.a: [5]
    fpinit_M.o                26
    ----------------------------------------------
    Total:                    26

rt7M_tl.a: [6]
    ABImemclr.o                6
    ABImemclr4.o               6
    ABImemcpy.o              118
    ABImemset.o              102
    ABImemset48.o             58
    cexit.o                   10
    cmain.o                   22
    cstartup_M.o              12
    data_init.o               40
    lz77_init.o              420
    memcmp.o                  98
    zero_init3.o              34
    ----------------------------------------------
    Total:                   926

shb_l.a: [7]
    exit.o                    20
    ----------------------------------------------
    Total:                    20

    Gaps                      16        2        1
    Linker created                     44    2 048
--------------------------------------------------
    Grand Total:          40 370    6 683   65 114


*******************************************************************************
*** ENTRY LIST
***

Entry                      Address    Size  Type      Object
-----                      -------    ----  ----      ------
?main                   0x0800dc6d          Code  Gb  cmain.o [6]
ACK_NACK_SendToExynos   0x080080f9    0x1e  Code  Gb  M25PXX.o [2]
ADC3ConvertedValue      0x2000f63e     0x2  Data  Gb  Hardware_Version.o [2]
ADC_Cmd                 0x0800d637    0x4c  Code  Gb  stm32f4xx_adc.o [2]
ADC_CommonInit          0x0800d51f   0x118  Code  Gb  stm32f4xx_adc.o [2]
ADC_Configuration       0x0800a6a1    0x68  Code  Gb  Hardware_Version.o [2]
ADC_DeInit              0x0800d39d    0x1a  Code  Gb  stm32f4xx_adc.o [2]
ADC_GetConversionValue  0x0800d7fb    0x2c  Code  Gb  stm32f4xx_adc.o [2]
ADC_GetFlagStatus       0x0800d83d    0x54  Code  Gb  stm32f4xx_adc.o [2]
ADC_IRQHandler          0x0800dd31          Code  Wk  startup_stm32f4xx.o [2]
ADC_Init                0x0800d3b7   0x168  Code  Gb  stm32f4xx_adc.o [2]
ADC_RegularChannelConfig
                        0x0800d683   0x148  Code  Gb  stm32f4xx_adc.o [2]
ADC_SoftwareStartConv   0x0800d7cb    0x30  Code  Gb  stm32f4xx_adc.o [2]
AHBPrescTable           0x2000c890    0x10  Data  Gb  system_stm32f4xx.o [2]
APBAHBPrescTable        0x2000c8a4    0x10  Data  Lc  stm32f4xx_rcc.o [2]
Attachment_Lock_flag    0x2000f61b     0x1  Data  Gb  LAMP_Control.o [2]
Attachment_Unlock_flag  0x2000f61a     0x1  Data  Gb  LAMP_Control.o [2]
AuthResult              0x2000f537     0x1  Data  Gb  WL9F_Monitor_APP.o [2]
AutoRide_Control_flag   0x2000f619     0x1  Data  Gb  LAMP_Control.o [2]
BusFault_Handler        0x0800b76f     0x2  Code  Gb  stm32f4xx_it.o [2]
Buz1                    0x2000f65a     0x1  Data  Gb  stm32f4xx_it.o [2]
Buzzer_Init             0x080084d5    0x68  Code  Gb  Buzzer.o [2]
Buzzer_Off              0x0800854f     0xa  Code  Gb  Buzzer.o [2]
Buzzer_On               0x0800853d     0xa  Code  Gb  Buzzer.o [2]
Buzzer_SendCnt          0x2000f4d2     0x1  Data  Gb  Buzzer.o [2]
Buzzer_SendFlag         0x2000f4d3     0x1  Data  Gb  Buzzer.o [2]
Buzzer_UnLimitOff       0x08008559     0x8  Code  Gb  Buzzer.o [2]
Buzzer_UnLimitOn        0x08008547     0x8  Code  Gb  Buzzer.o [2]
CAN1_RX0_IRQHandler     0x0800b80d   0x132  Code  Gb  stm32f4xx_it.o [2]
CAN1_RX1_IRQHandler     0x0800dd3d          Code  Wk  startup_stm32f4xx.o [2]
CAN1_SCE_IRQHandler     0x0800dd41          Code  Wk  startup_stm32f4xx.o [2]
CAN1_TX_IRQHandler      0x0800dd35          Code  Wk  startup_stm32f4xx.o [2]
CAN2_RX0_IRQHandler     0x0800dde9          Code  Wk  startup_stm32f4xx.o [2]
CAN2_RX1_IRQHandler     0x0800dded          Code  Wk  startup_stm32f4xx.o [2]
CAN2_SCE_IRQHandler     0x0800ddf1          Code  Wk  startup_stm32f4xx.o [2]
CAN2_TX_IRQHandler      0x0800dde5          Code  Wk  startup_stm32f4xx.o [2]
CANUpdateFlag           0x2000edeb     0x1  Data  Gb  stm32f4xx_it.o [2]
CANUpdateSA             0x2000edec     0x1  Data  Gb  stm32f4xx_it.o [2]
CAN_COMInit             0x08009a8d    0xb4  Code  Gb  CAN_Control.o [2]
CAN_DeInit              0x08008dc1    0x46  Code  Gb  stm32f4xx_can.o [2]
CAN_FilterInit          0x08008fd1   0x11a  Code  Gb  stm32f4xx_can.o [2]
CAN_ITConfig            0x080092f5    0x94  Code  Gb  stm32f4xx_can.o [2]
CAN_Init                0x08008e07   0x1ca  Code  Gb  stm32f4xx_can.o [2]
CAN_Message_Ring_Buffer_Rx_Single
                        0x2000c8c8  0x10f4  Data  Gb  CAN_Control.o [2]
CAN_Message_Ring_Buffer_Tx_Single
                        0x2000d9bc   0xbf8  Data  Gb  CAN_Control.o [2]
CAN_RX                  0x08009e87    0xd4  Code  Gb  CAN_Control.o [2]
CAN_Receive             0x08009243    0xb2  Code  Gb  stm32f4xx_can.o [2]
CAN_StructInit          0x080090eb    0x20  Code  Gb  stm32f4xx_can.o [2]
CAN_TX                  0x08009deb    0x9c  Code  Gb  CAN_Control.o [2]
CAN_TX_Key_Status       0x0800a071    0x76  Code  Gb  CAN_Control.o [2]
CAN_Transmit            0x0800910b   0x138  Code  Gb  stm32f4xx_can.o [2]
CMD_ACK_SendToExynos    0x08008117    0x16  Code  Gb  M25PXX.o [2]
COM_RX_AF               0x08007124     0x2  Data  Gb  stm324xg_eval.o [2]
COM_RX_PIN              0x08007114     0x2  Data  Gb  stm324xg_eval.o [2]
COM_RX_PIN_SOURCE       0x0800711c     0x2  Data  Gb  stm324xg_eval.o [2]
COM_RX_PORT             0x2000c8bc     0x4  Data  Gb  stm324xg_eval.o [2]
COM_RX_PORT_CLK         0x0800710c     0x4  Data  Gb  stm324xg_eval.o [2]
COM_TX_AF               0x08007120     0x2  Data  Gb  stm324xg_eval.o [2]
COM_TX_PIN              0x08007110     0x2  Data  Gb  stm324xg_eval.o [2]
COM_TX_PIN_SOURCE       0x08007118     0x2  Data  Gb  stm324xg_eval.o [2]
COM_TX_PORT             0x2000c8b8     0x4  Data  Gb  stm324xg_eval.o [2]
COM_TX_PORT_CLK         0x08007108     0x4  Data  Gb  stm324xg_eval.o [2]
COM_USART               0x2000c8b4     0x4  Data  Gb  stm324xg_eval.o [2]
CPU_OK                  0x0800b6ff    0x1c  Code  Gb  stm32f4xx_it.o [2]
CRYP_IRQHandler         0x0800de25          Code  Wk  startup_stm32f4xx.o [2]
CSTACK$$Base            0x2000f660           --   Gb  - Linker created -
CSTACK$$Limit           0x2000fe60           --   Gb  - Linker created -
CameraCommFlag          0x2000f546     0x1  Data  Gb  WL9F_Monitor_APP.o [2]
CameraMode              0x08006e2f    0x10  Code  Gb  WL9F_Monitor_APP.o [2]
Camera_CheckCnt         0x2000f5ef     0x1  Data  Gb  LCD_Control.o [2]
Camera_CheckFlag        0x2000c8c5     0x1  Data  Gb  LCD_Control.o [2]
Camera_IO_Init          0x0800b1bf    0xe6  Code  Gb  System_Init.o [2]
Camera_Mode             0x2000c8c4     0x1  Data  Gb  LCD_Control.o [2]
CanRecvCnt              0x2000f658     0x1  Data  Gb  stm32f4xx_it.o [2]
Change_UART4_for_Download
                        0x2000ad2c     0x1  Data  Gb  M25PXX.o [2]
CheckCamera_Input       0x08006e3f    0x10  Code  Gb  WL9F_Monitor_APP.o [2]
CheckResponseAuthentication
                        0x08006ad9    0x58  Code  Gb  WL9F_Monitor_APP.o [2]
CheckResponseMsgComm    0x08006b31    0xa8  Code  Gb  WL9F_Monitor_APP.o [2]
Check_Hardware_Revision
                        0x0800a709    0x46  Code  Gb  Hardware_Version.o [2]
ClearCheckCamera        0x08004aa5    0x84  Code  Gb  TW2835_Control.o [2]
CommErrCnt              0x2000edf4     0x2  Data  Gb  stm32f4xx_it.o [2]
CompareAsterisk         0x2000f324     0x1  Data  Gb  CAN_Control.o [2]
Crc16Table              0x0800821c   0x200  Data  Gb  M25PXX.o [2]
DCMI_IRQHandler         0x0800de21          Code  Wk  startup_stm32f4xx.o [2]
DMA1_Stream0_IRQHandler
                        0x0800dd15          Code  Wk  startup_stm32f4xx.o [2]
DMA1_Stream1_IRQHandler
                        0x0800dd19          Code  Wk  startup_stm32f4xx.o [2]
DMA1_Stream2_IRQHandler
                        0x0800dd1d          Code  Wk  startup_stm32f4xx.o [2]
DMA1_Stream3_IRQHandler
                        0x0800dd21          Code  Wk  startup_stm32f4xx.o [2]
DMA1_Stream4_IRQHandler
                        0x0800dd25          Code  Wk  startup_stm32f4xx.o [2]
DMA1_Stream5_IRQHandler
                        0x0800dd29          Code  Wk  startup_stm32f4xx.o [2]
DMA1_Stream6_IRQHandler
                        0x0800dd2d          Code  Wk  startup_stm32f4xx.o [2]
DMA1_Stream7_IRQHandler
                        0x0800dda5          Code  Wk  startup_stm32f4xx.o [2]
DMA2_Stream0_IRQHandler
                        0x0800ddc9          Code  Wk  startup_stm32f4xx.o [2]
DMA2_Stream1_IRQHandler
                        0x0800ddcd          Code  Wk  startup_stm32f4xx.o [2]
DMA2_Stream2_IRQHandler
                        0x0800ddd1          Code  Wk  startup_stm32f4xx.o [2]
DMA2_Stream3_IRQHandler
                        0x0800ddd5          Code  Wk  startup_stm32f4xx.o [2]
DMA2_Stream4_IRQHandler
                        0x0800ddd9          Code  Wk  startup_stm32f4xx.o [2]
DMA2_Stream5_IRQHandler
                        0x0800ddf9          Code  Wk  startup_stm32f4xx.o [2]
DMA2_Stream6_IRQHandler
                        0x0800ddfd          Code  Wk  startup_stm32f4xx.o [2]
DMA2_Stream7_IRQHandler
                        0x0800de01          Code  Wk  startup_stm32f4xx.o [2]
DMA_ClearFlag           0x0800c82d    0xb8  Code  Gb  stm32f4xx_dma.o [2]
DMA_Cmd                 0x0800c6af    0xb6  Code  Gb  stm32f4xx_dma.o [2]
DMA_DeInit              0x0800c2a1   0x1ba  Code  Gb  stm32f4xx_dma.o [2]
DMA_GetCurrDataCounter  0x0800c765    0x74  Code  Gb  stm32f4xx_dma.o [2]
DMA_ITConfig            0x0800c8e9    0xca  Code  Gb  stm32f4xx_dma.o [2]
DMA_Init                0x0800c45b   0x254  Code  Gb  stm32f4xx_dma.o [2]
DMA_UART_SendFrame      0x08007c7b    0x3c  Code  Gb  UART_Control.o [2]
DebugMon_Handler        0x0800b775     0x2  Code  Gb  stm32f4xx_it.o [2]
DebugUART_Init          0x08006483    0x28  Code  Gb  main.o [2]
DownloadUDFont          0x0800a5f9    0x7c  Code  Gb  TW8816_Control.o [2]
E2PROM_Save             0x2000f53f     0x1  Data  Gb  WL9F_Monitor_APP.o [2]
EEPROM_ByteRead         0x080077cd    0x50  Code  Gb  FM31X4.o [2]
EEPROM_ByteWrite        0x08007771    0x5c  Code  Gb  FM31X4.o [2]
EEPROM_PortChange       0x08007733    0x3e  Code  Gb  FM31X4.o [2]
EEPROM_Read             0x08007887    0x7e  Code  Gb  FM31X4.o [2]
EEPROM_Write            0x0800782b    0x5c  Code  Gb  FM31X4.o [2]
ESL_ACK_received        0x2000f535     0x1  Data  Gb  WL9F_Monitor_APP.o [2]
ESL_CTS_received        0x2000f534     0x1  Data  Gb  WL9F_Monitor_APP.o [2]
ESL_System              0x08006d11    0x42  Code  Gb  WL9F_Monitor_APP.o [2]
ETH_IRQHandler          0x0800dddd          Code  Wk  startup_stm32f4xx.o [2]
ETH_WKUP_IRQHandler     0x0800dde1          Code  Wk  startup_stm32f4xx.o [2]
EXTI0_IRQHandler        0x0800dd01          Code  Wk  startup_stm32f4xx.o [2]
EXTI15_10_IRQHandler    0x0800dd89          Code  Wk  startup_stm32f4xx.o [2]
EXTI1_IRQHandler        0x0800dd05          Code  Wk  startup_stm32f4xx.o [2]
EXTI2_IRQHandler        0x0800dd09          Code  Wk  startup_stm32f4xx.o [2]
EXTI3_IRQHandler        0x0800dd0d          Code  Wk  startup_stm32f4xx.o [2]
EXTI4_IRQHandler        0x0800dd11          Code  Wk  startup_stm32f4xx.o [2]
EXTI9_5_IRQHandler      0x0800dd45          Code  Wk  startup_stm32f4xx.o [2]
FLASH_IRQHandler        0x0800dcf9          Code  Wk  startup_stm32f4xx.o [2]
FM3164_Watchdog_Init    0x08007905    0x6c  Code  Gb  FM31X4.o [2]
FPU_IRQHandler          0x0800de2d          Code  Wk  startup_stm32f4xx.o [2]
FSMC_IRQHandler         0x0800dda9          Code  Wk  startup_stm32f4xx.o [2]
FatoryInit_Flag         0x2000edea     0x1  Data  Gb  stm32f4xx_it.o [2]
FeistelFun              0x080098f9    0x3a  Code  Gb  endecoder.o [1]
File_Write_to_SFLAH     0x0800813d    0x72  Code  Gb  M25PXX.o [2]
Flag_ESL                0x2000f531     0x1  Data  Gb  WL9F_Monitor_APP.o [2]
Flag_SerialRxMsg        0x2000f32c     0x4  Data  Gb  CAN_Control.o [2]
Flag_St_Update          0x2000ad2d     0x1  Data  Gb  M25PXX.o [2]
Flag_TxE2pRomData       0x2000f659     0x1  Data  Gb  stm32f4xx_it.o [2]
Flag_UartTxStart        0x2000f53b     0x1  Data  Gb  WL9F_Monitor_APP.o [2]
GPIO_Configuration      0x0800a861   0x456  Code  Gb  System_Init.o [2]
GPIO_Configuration_NotUsed
                        0x0800acb7   0x436  Code  Gb  System_Init.o [2]
GPIO_Init               0x08005e85   0x142  Code  Gb  stm32f4xx_gpio.o [2]
GPIO_PinAFConfig        0x080062f9    0xfc  Code  Gb  stm32f4xx_gpio.o [2]
GPIO_ReadInputData      0x08006089    0x5c  Code  Gb  stm32f4xx_gpio.o [2]
GPIO_ReadInputDataBit   0x08005fc7    0xc2  Code  Gb  stm32f4xx_gpio.o [2]
GPIO_ReadOutputData     0x080060e5    0x5c  Code  Gb  stm32f4xx_gpio.o [2]
GPIO_ResetBits          0x08006199    0x58  Code  Gb  stm32f4xx_gpio.o [2]
GPIO_SetBits            0x08006141    0x58  Code  Gb  stm32f4xx_gpio.o [2]
GPIO_Write              0x080062af    0x4a  Code  Gb  stm32f4xx_gpio.o [2]
GPIO_WriteBit           0x080061f1    0xbe  Code  Gb  stm32f4xx_gpio.o [2]
GetRandValue            0x08006901    0x5c  Code  Gb  WL9F_Monitor_APP.o [2]
HASH_RNG_IRQHandler     0x0800de29          Code  Wk  startup_stm32f4xx.o [2]
HardFault_Handler       0x0800b76b     0x2  Code  Gb  stm32f4xx_it.o [2]
Hardware_Revision       0x2000f63c     0x1  Data  Gb  Hardware_Version.o [2]
Hardware_Version_Init   0x0800a759     0xc  Code  Gb  Hardware_Version.o [2]
I2C1_ER_IRQHandler      0x0800dd69          Code  Wk  startup_stm32f4xx.o [2]
I2C1_EV_IRQHandler      0x0800dd65          Code  Wk  startup_stm32f4xx.o [2]
I2C2DeviceInitialize    0x0800d361    0x22  Code  Gb  TW8832_Control.o [2]
I2C2DeviceInitialize_8816
                        0x0800a4c5    0x20  Code  Gb  TW8816_Control.o [2]
I2C2_ByteRead_8816      0x0800a3bb   0x106  Code  Gb  TW8816_Control.o [2]
I2C2_ByteWrite          0x0800d2d3    0x8e  Code  Gb  TW8832_Control.o [2]
I2C2_ByteWrite_8816     0x0800a2af    0x8e  Code  Gb  TW8816_Control.o [2]
I2C2_ER_IRQHandler      0x0800dd71          Code  Wk  startup_stm32f4xx.o [2]
I2C2_EV_IRQHandler      0x0800dd6d          Code  Wk  startup_stm32f4xx.o [2]
I2C2_Read_8816          0x0800a33d    0x7e  Code  Gb  TW8816_Control.o [2]
I2C2_Write              0x0800d253    0x80  Code  Gb  TW8832_Control.o [2]
I2C2_Write_8816         0x0800a22f    0x80  Code  Gb  TW8816_Control.o [2]
I2C3_ER_IRQHandler      0x0800de0d          Code  Wk  startup_stm32f4xx.o [2]
I2C3_EV_IRQHandler      0x0800de09          Code  Wk  startup_stm32f4xx.o [2]
Iden                    0x2000ede0     0x8  Data  Gb  stm32f4xx_it.o [2]
Identifier              0x2000f310     0x8  Data  Gb  CAN_Control.o [2]
Illumination_Sig        0x2000f4dc     0x1  Data  Gb  LAMP_Control.o [2]
InStream_Read           0x0800d90f    0x22  Code  Lc  lz77_init.o [6]
InitCVBSAll             0x2000c51c   0x170  Data  Gb  TW8832_Control.o [2]
InitCVBSAll_8816        0x2000b138   0x404  Data  Gb  TW8816_Control.o [2]
InitE2PROM              0x08006507   0x1ca  Code  Gb  WL9F_Monitor_APP.o [2]
InitOSDCol              0x08005e7d     0x4  Code  Gb  TW2835_OSD.o [2]
InitPg2                 0x08004189   0x142  Code  Gb  TW2835_Control.o [2]
Init_RTC                0x080064d5    0x32  Code  Gb  WL9F_Monitor_APP.o [2]
Init_Smart_Key_valuable
                        0x080066d1    0x22  Code  Gb  WL9F_Monitor_APP.o [2]
Input_Key_Value         0x2000c841     0x1  Data  Gb  KeySwitch.o [2]
JumpAddress_Cluster_App
                        0x2000f638     0x4  Data  Gb  WL9F_Monitor_APP.o [2]
JumpAddress_Cluster_Iap
                        0x2000f56c     0x4  Data  Gb  WL9F_Monitor_APP.o [2]
Jump_To_Application_Cluster_App
                        0x2000f634     0x4  Data  Gb  WL9F_Monitor_APP.o [2]
Jump_To_Application_Cluster_Iap
                        0x2000f568     0x4  Data  Gb  WL9F_Monitor_APP.o [2]
KEYSWITCH_INPUT         0x08008824     0xc  Data  Gb  KeySwitch.o [2]
KEYSWITCH_INPUTPORT     0x2000c850    0x18  Data  Gb  KeySwitch.o [2]
KEYSWITCH_SCANPORT      0x2000c844     0xc  Data  Gb  KeySwitch.o [2]
KeySwitchScan           0x2000c840     0x1  Data  Gb  KeySwitch.o [2]
KeySwitchSendCount      0x2000c874     0x4  Data  Gb  KeySwitch.o [2]
KeySwitch_Init          0x080087b7    0x5c  Code  Gb  KeySwitch.o [2]
KeySwitch_Process       0x0800863b   0x17c  Code  Gb  KeySwitch.o [2]
KeySwitch_SendToEXYNOS  0x08008571    0x3e  Code  Gb  KeySwitch.o [2]
KeySwitch_Value         0x2000f650     0x4  Data  Gb  WL9F_Monitor_APP.o [2]
Key_Status              0x2000c842     0x1  Data  Gb  KeySwitch.o [2]
LAMP_Control_Init       0x080095af    0x30  Code  Gb  LAMP_Control.o [2]
LAMP_Update_Data        0x2000f560     0x4  Data  Gb  WL9F_Monitor_APP.o [2]
LCDBL_Init              0x0800967b    0x92  Code  Gb  LCD_Control.o [2]
LCDBL_ONOFF             0x08009607    0x14  Code  Gb  LCD_Control.o [2]
LCDBL_PWMLEVEL          0x080097b8    0x14  Data  Gb  LCD_Control.o [2]
LCDBL_PWM_CONTROL       0x0800962b    0x50  Code  Gb  LCD_Control.o [2]
LCDBL_PWM_LEVEL         0x0800961b    0x10  Code  Gb  LCD_Control.o [2]
LCDOffCount             0x2000f544     0x1  Data  Gb  WL9F_Monitor_APP.o [2]
LCD_Control_Init        0x08009775    0x26  Code  Gb  LCD_Control.o [2]
LCD_Display_Change      0x0800970d    0x48  Code  Gb  LCD_Control.o [2]
LCD_POWER_ONOFF         0x080095fd     0xa  Code  Gb  LCD_Control.o [2]
LED_POWER_ONOFF         0x080095f1     0xc  Code  Gb  LCD_Control.o [2]
Lamp_Update_State       0x08009495   0x11a  Code  Gb  LAMP_Control.o [2]
Lamp_Update_System      0x08009401    0x94  Code  Gb  LAMP_Control.o [2]
Lamp_Value              0x2000f5ee     0x1  Data  Gb  LAMP_Control.o [2]
Lamp_name               0x2000f5ed     0x1  Data  Gb  LAMP_Control.o [2]
Led_BL_TEMP             0x2000f508    0x28  Data  Gb  LAMP_Control.o [2]
Led_SIG_TEMP            0x2000f4e0    0x28  Data  Gb  LAMP_Control.o [2]
LoadTestToEEPROM        0x0800676d     0x6  Code  Gb  WL9F_Monitor_APP.o [2]
M25P32_Init             0x08007f6d    0x2a  Code  Gb  M25PXX.o [2]
MakeCrc16               0x08007f47    0x26  Code  Gb  M25PXX.o [2]
Make_Key_Status         0x080085af    0x52  Code  Gb  KeySwitch.o [2]
MemManage_Handler       0x0800b76d     0x2  Code  Gb  stm32f4xx_it.o [2]
MoniInfoData            0x2000f590    0x18  Data  Gb  WL9F_Monitor_APP.o [2]
MonitorStatus_CAN_TX    0x08009f5b    0x48  Code  Gb  CAN_Control.o [2]
NMI_Handler             0x0800b769     0x2  Code  Gb  stm32f4xx_it.o [2]
NOP                     0x08007731     0x2  Code  Gb  FM31X4.o [2]
NVIC_Init               0x0800c169    0x8c  Code  Gb  misc.o [2]
NVIC_SetVectorTable     0x0800c1f5    0x38  Code  Gb  misc.o [2]
OSUpdateCount           0x2000f55c     0x2  Data  Gb  WL9F_Monitor_APP.o [2]
OTG_FS_IRQHandler       0x0800ddf5          Code  Wk  startup_stm32f4xx.o [2]
OTG_FS_WKUP_IRQHandler  0x0800dd91          Code  Wk  startup_stm32f4xx.o [2]
OTG_HS_EP1_IN_IRQHandler
                        0x0800de15          Code  Wk  startup_stm32f4xx.o [2]
OTG_HS_EP1_OUT_IRQHandler
                        0x0800de11          Code  Wk  startup_stm32f4xx.o [2]
OTG_HS_IRQHandler       0x0800de1d          Code  Wk  startup_stm32f4xx.o [2]
OTG_HS_WKUP_IRQHandler  0x0800de19          Code  Wk  startup_stm32f4xx.o [2]
Old_LAMP_Update_Data    0x2000f654     0x4  Data  Gb  WL9F_Monitor_APP.o [2]
OutStream_Write         0x0800d931    0x40  Code  Lc  lz77_init.o [6]
PCA2119_BIT_READ        0x08007611    0x3e  Code  Gb  RTC.o [2]
PCA2119_BIT_WRITE       0x080075cb    0x46  Code  Gb  RTC.o [2]
PCA2119_BYTE_READ       0x08007685    0x52  Code  Gb  RTC.o [2]
PCA2119_BYTE_WRITE      0x08007659    0x2c  Code  Gb  RTC.o [2]
PCA2119_START           0x0800753f    0x52  Code  Gb  RTC.o [2]
PCA2119_STOP            0x08007591    0x3a  Code  Gb  RTC.o [2]
PVD_IRQHandler          0x0800dced          Code  Wk  startup_stm32f4xx.o [2]
Password_Certification_Result
                        0x2000f536     0x1  Data  Gb  WL9F_Monitor_APP.o [2]
PendSV_Handler          0x0800b777     0x2  Code  Gb  stm32f4xx_it.o [2]
Port_Change             0x08004a6b    0x3a  Code  Gb  TW2835_Control.o [2]
PwrOffCnt               0x2000f540     0x1  Data  Gb  WL9F_Monitor_APP.o [2]
RCC_AHB1PeriphClockCmd  0x0800bf39    0x44  Code  Gb  stm32f4xx_rcc.o [2]
RCC_AHB3PeriphClockCmd  0x0800bf7d    0x42  Code  Gb  stm32f4xx_rcc.o [2]
RCC_APB1PeriphClockCmd  0x0800bfbf    0x44  Code  Gb  stm32f4xx_rcc.o [2]
RCC_APB1PeriphResetCmd  0x0800c047    0x44  Code  Gb  stm32f4xx_rcc.o [2]
RCC_APB2PeriphClockCmd  0x0800c003    0x44  Code  Gb  stm32f4xx_rcc.o [2]
RCC_APB2PeriphResetCmd  0x0800c08b    0x42  Code  Gb  stm32f4xx_rcc.o [2]
RCC_ClockSecuritySystemCmd
                        0x0800be8d    0x1e  Code  Gb  stm32f4xx_rcc.o [2]
RCC_Configuration       0x0800a765    0xfc  Code  Gb  System_Init.o [2]
RCC_GetClocksFreq       0x0800beab    0x8e  Code  Gb  stm32f4xx_rcc.o [2]
RCC_IRQHandler          0x0800dcfd          Code  Wk  startup_stm32f4xx.o [2]
READ_FM31xx_RTC_Companion
                        0x080079f5    0x7a  Code  Gb  FM31X4.o [2]
READ_RTC                0x080074c9    0x76  Code  Gb  RTC.o [2]
READ_RTC_Date           0x08007297    0x1c  Code  Gb  RTC.o [2]
READ_RTC_Day            0x080072e9    0x1e  Code  Gb  RTC.o [2]
READ_RTC_Hour           0x08007345    0x18  Code  Gb  RTC.o [2]
READ_RTC_Minute         0x080073af    0x1e  Code  Gb  RTC.o [2]
READ_RTC_Month          0x08007231    0x20  Code  Gb  RTC.o [2]
READ_RTC_Second         0x0800740b    0x1e  Code  Gb  RTC.o [2]
READ_RTC_Year           0x080071bd    0x1e  Code  Gb  RTC.o [2]
ROMFONTDATA             0x20000000  0x5eec  Data  Gb  TW8816_Control.o [2]
RTC_Alarm_IRQHandler    0x0800dd8d          Code  Wk  startup_stm32f4xx.o [2]
RTC_PortChange          0x08007149    0x34  Code  Gb  RTC.o [2]
RTC_WKUP_IRQHandler     0x0800dcf5          Code  Wk  startup_stm32f4xx.o [2]
ReadAsicByte            0x08004849   0x120  Code  Gb  TW2835_Control.o [2]
ReadAsicOSDMemWr        0x08004969   0x102  Code  Gb  TW2835_Control.o [2]
Read_File_From_SFLAH    0x080081af    0x5e  Code  Gb  M25PXX.o [2]
Rear_wiper_Key_Status   0x2000c878     0x4  Data  Gb  KeySwitch.o [2]
RecvMachInfo            0x2000f322     0x1  Data  Gb  CAN_Control.o [2]
Region$$Table$$Base     0x0800dc24           --   Gb  - Linker created -
Region$$Table$$Limit    0x0800dc50           --   Gb  - Linker created -
Register_Table_Page0    0x2000c31c   0x100  Data  Gb  TW2835_Control.o [2]
Register_Table_Page1    0x2000c41c   0x100  Data  Gb  TW2835_Control.o [2]
RequestFirstAuthentication
                        0x0800695d    0x88  Code  Gb  WL9F_Monitor_APP.o [2]
RequestSMKElimination   0x08006a67    0x28  Code  Gb  WL9F_Monitor_APP.o [2]
RequestSMKRegistration  0x08006a3d    0x2a  Code  Gb  WL9F_Monitor_APP.o [2]
RequestSecondAuthentication
                        0x080069e5    0x58  Code  Gb  WL9F_Monitor_APP.o [2]
Reset_Handler           0x0800dca9          Code  Wk  startup_stm32f4xx.o [2]
Ride_Control_flag       0x2000f618     0x1  Data  Gb  LAMP_Control.o [2]
RxMsg                   0x2000edcc    0x14  Data  Gb  stm32f4xx_it.o [2]
SDIO_IRQHandler         0x0800ddad          Code  Wk  startup_stm32f4xx.o [2]
SMKSuccess              0x2000f538     0x1  Data  Gb  WL9F_Monitor_APP.o [2]
SMK_Msg_Send            0x2000f539     0x1  Data  Gb  WL9F_Monitor_APP.o [2]
SMK_SendToExynos        0x08008601    0x2c  Code  Gb  KeySwitch.o [2]
SMK_Tag_Count           0x2000f53a     0x1  Data  Gb  WL9F_Monitor_APP.o [2]
SPI1_IRQHandler         0x0800dd75          Code  Wk  startup_stm32f4xx.o [2]
SPI2_IRQHandler         0x0800dd79          Code  Wk  startup_stm32f4xx.o [2]
SPI3_IRQHandler         0x0800ddb5          Code  Wk  startup_stm32f4xx.o [2]
SPI_FLASH_BufferRead    0x08007e79    0x4a  Code  Gb  M25PXX.o [2]
SPI_FLASH_BulkErase     0x08007d89    0x40  Code  Gb  M25PXX.o [2]
SPI_FLASH_PageWrite     0x08007dc9    0xb0  Code  Gb  M25PXX.o [2]
SPI_FLASH_SectorErase   0x08007d31    0x58  Code  Gb  M25PXX.o [2]
SPI_FLASH_WaitForWriteEnd
                        0x08007f1b    0x1e  Code  Gb  M25PXX.o [2]
SPI_Transfer            0x08007ec3    0x58  Code  Gb  M25PXX.o [2]
STM32_Update            0x08007f97   0x162  Code  Gb  M25PXX.o [2]
STM_EVAL_COMInit        0x08007045    0xbe  Code  Gb  stm324xg_eval.o [2]
ST_Update               0x2000f542     0x1  Data  Gb  WL9F_Monitor_APP.o [2]
SVC_Handler             0x0800b773     0x2  Code  Gb  stm32f4xx_it.o [2]
SaveE2PROM1             0x2000f5f0     0x4  Data  Gb  WL9F_Monitor_APP.o [2]
SaveE2PROM2             0x2000f5f4     0x4  Data  Gb  WL9F_Monitor_APP.o [2]
SaveE2PROM3             0x2000f5f8     0x4  Data  Gb  WL9F_Monitor_APP.o [2]
SaveE2PROMoniInfo       0x2000f5fc     0x4  Data  Gb  WL9F_Monitor_APP.o [2]
SaveSMKUseToEEPROM      0x08006745     0x8  Code  Gb  WL9F_Monitor_APP.o [2]
SaveSMKUseToFlash       0x0800674d    0x18  Code  Gb  WL9F_Monitor_APP.o [2]
SaveTestToEEPROM        0x08006765     0x8  Code  Gb  WL9F_Monitor_APP.o [2]
Seed_Request_CAN_TX     0x08009fa9    0x50  Code  Gb  CAN_Control.o [2]
Seed_received           0x2000f533     0x1  Data  Gb  WL9F_Monitor_APP.o [2]
Seed_request            0x2000f532     0x1  Data  Gb  WL9F_Monitor_APP.o [2]
SendEEPROMDataCnt       0x2000f5d8     0x1  Data  Gb  stm32f4xx_it.o [2]
SendMultiPacketData_ESL
                        0x0800a0e7    0xaa  Code  Gb  CAN_Control.o [2]
SendMultiPacketRTS_ESL  0x08009ff9    0x78  Code  Gb  CAN_Control.o [2]
SendRTCnt               0x2000f53d     0x1  Data  Gb  WL9F_Monitor_APP.o [2]
SendSMKAuthResult       0x0800688d    0x12  Code  Gb  WL9F_Monitor_APP.o [2]
SendSMKMsgResult        0x080068a5    0x1c  Code  Gb  WL9F_Monitor_APP.o [2]
SendTime_E2PROM         0x2000f53c     0x1  Data  Gb  WL9F_Monitor_APP.o [2]
SendTo_E2PROM           0x0800b71b    0x3c  Code  Gb  stm32f4xx_it.o [2]
SerialMsgRTC            0x2000f600    0x10  Data  Gb  WL9F_Monitor_APP.o [2]
SerialTXIndex           0x2000f640     0x8  Data  Gb  stm32f4xx_it.o [2]
Serial_BaudRate         0x08007d10    0x14  Data  Gb  UART_Control.o [2]
Serial_IRQ_Channel      0x08007d24     0xc  Data  Gb  UART_Control.o [2]
Serial_USART            0x2000c87c    0x14  Data  Gb  UART_Control.o [2]
SetDisplayCH1           0x0800b30f    0x5e  Code  Gb  TW8816_OSD.o [2]
SetDisplayCH2           0x0800b36d    0x5e  Code  Gb  TW8816_OSD.o [2]
SetDisplayCH3           0x0800b3cb    0x5e  Code  Gb  TW8816_OSD.o [2]
SetDisplayCH4           0x0800b429    0x5e  Code  Gb  TW8816_OSD.o [2]
SetDisplayNosignal      0x0800b487   0x11e  Code  Gb  TW8816_OSD.o [2]
SetDisplayNosignalBlank
                        0x0800b5a5   0x114  Code  Gb  TW8816_OSD.o [2]
SetFontOSDWindow        0x0800b2ed    0x22  Code  Gb  TW8816_OSD.o [2]
SetOSDCol               0x08005e35    0x48  Code  Gb  TW2835_OSD.o [2]
SetTagCmd               0x080068e5    0x1c  Code  Gb  WL9F_Monitor_APP.o [2]
SetTagLevel             0x080068c1    0x24  Code  Gb  WL9F_Monitor_APP.o [2]
SmartKeyAuthentication  0x08006bd9   0x132  Code  Gb  WL9F_Monitor_APP.o [2]
SmartKeyUse             0x2000f545     0x1  Data  Gb  WL9F_Monitor_APP.o [2]
Software_Reset_Application
                        0x080064ad    0x10  Code  Gb  WL9F_Monitor_APP.o [2]
Software_Reset_BootLoader
                        0x080064bd     0xe  Code  Gb  WL9F_Monitor_APP.o [2]
Stm32_Update_CMD        0x2000ede9     0x1  Data  Gb  stm32f4xx_it.o [2]
SysTick_Handler         0x0800b779    0x94  Code  Gb  stm32f4xx_it.o [2]
SystemCoreClock         0x2000c8a0     0x4  Data  Gb  system_stm32f4xx.o [2]
SystemInit              0x0800dacd    0xcc  Code  Gb  system_stm32f4xx.o [2]
SystemReset             0x2000f53e     0x1  Data  Gb  WL9F_Monitor_APP.o [2]
System_CheckPowerIG     0x08006773   0x11a  Code  Gb  WL9F_Monitor_APP.o [2]
System_Configuration    0x0800b0ed    0x1a  Code  Gb  System_Init.o [2]
System_Initialize       0x0800b107    0x70  Code  Gb  System_Init.o [2]
System_Variable_Init    0x0800b177    0x48  Code  Gb  System_Init.o [2]
TAMP_STAMP_IRQHandler   0x0800dcf1          Code  Wk  startup_stm32f4xx.o [2]
TIM1_BRK_TIM9_IRQHandler
                        0x0800dd49          Code  Wk  startup_stm32f4xx.o [2]
TIM1_CC_IRQHandler      0x0800dd55          Code  Wk  startup_stm32f4xx.o [2]
TIM1_TRG_COM_TIM11_IRQHandler
                        0x0800dd51          Code  Wk  startup_stm32f4xx.o [2]
TIM1_UP_TIM10_IRQHandler
                        0x0800dd4d          Code  Wk  startup_stm32f4xx.o [2]
TIM2_IRQHandler         0x0800dd59          Code  Wk  startup_stm32f4xx.o [2]
TIM3_IRQHandler         0x0800dd5d          Code  Wk  startup_stm32f4xx.o [2]
TIM4_IRQHandler         0x0800b93f    0x56  Code  Gb  stm32f4xx_it.o [2]
TIM5_IRQHandler         0x0800b995    0x14  Code  Gb  stm32f4xx_it.o [2]
TIM6_DAC_IRQHandler     0x0800ddc1          Code  Wk  startup_stm32f4xx.o [2]
TIM7_IRQHandler         0x0800ddc5          Code  Wk  startup_stm32f4xx.o [2]
TIM8_BRK_TIM12_IRQHandler
                        0x0800dd95          Code  Wk  startup_stm32f4xx.o [2]
TIM8_CC_IRQHandler      0x0800dda1          Code  Wk  startup_stm32f4xx.o [2]
TIM8_TRG_COM_TIM14_IRQHandler
                        0x0800dd9d          Code  Wk  startup_stm32f4xx.o [2]
TIM8_UP_TIM13_IRQHandler
                        0x0800dd99          Code  Wk  startup_stm32f4xx.o [2]
TIM_ClearITPendingBit   0x0800d071    0x7e  Code  Gb  stm32f4xx_tim.o [2]
TIM_Cmd                 0x0800cce5    0xa6  Code  Gb  stm32f4xx_tim.o [2]
TIM_CtrlPWMOutputs      0x0800cf59    0x42  Code  Gb  stm32f4xx_tim.o [2]
TIM_ITConfig            0x0800cfa1    0xa2  Code  Gb  stm32f4xx_tim.o [2]
TIM_OC1Init             0x0800cd91   0x18a  Code  Gb  stm32f4xx_tim.o [2]
TIM_TimeBaseInit        0x0800cb85   0x12a  Code  Gb  stm32f4xx_tim.o [2]
TW2835_CameraMode       0x08004cdd   0xcfe  Code  Gb  TW2835_Control.o [2]
TW2835_CheckCamera_Input
                        0x08004b29   0x1a4  Code  Gb  TW2835_Control.o [2]
TW2835_Control_Init     0x080059db    0x30  Code  Gb  TW2835_Control.o [2]
TW8816_CameraMode       0x0800a509    0xe0  Code  Gb  TW8816_Control.o [2]
TW8816_CheckCamera_Input
                        0x0800a4e5    0x24  Code  Gb  TW8816_Control.o [2]
TW8816_PortChange       0x0800a1f1    0x3e  Code  Gb  TW8816_Control.o [2]
TW8832_Control_Init     0x0800d38b     0x2  Code  Gb  TW8832_Control.o [2]
TW8832_PortChange       0x0800d215    0x3e  Code  Gb  TW8832_Control.o [2]
Temp                    0x2000c68e     0x1  Data  Gb  TW2835_Control.o [2]
Temp_Cnt                0x2000c870     0x4  Data  Gb  KeySwitch.o [2]
Temp_Value1             0x2000c868     0x4  Data  Gb  KeySwitch.o [2]
Temp_Value3             0x2000c86c     0x4  Data  Gb  KeySwitch.o [2]
TimeDelay               0x08007ac7     0x2  Code  Gb  TimeDelay.o [2]
TimeDelay_Decrement     0x08007ab9     0xe  Code  Gb  TimeDelay.o [2]
TimeDelay_msec          0x08007b07    0x2c  Code  Gb  TimeDelay.o [2]
TimeDelay_usec          0x08007ae1    0x26  Code  Gb  TimeDelay.o [2]
TimingDelay             0x2000f648     0x4  Data  Lc  TimeDelay.o [2]
TotMsgSize              0x2000f5da     0x2  Data  Gb  stm32f4xx_it.o [2]
TotPacketNum            0x2000edf2     0x2  Data  Gb  stm32f4xx_it.o [2]
TotalRequestCnt         0x2000f323     0x1  Data  Gb  CAN_Control.o [2]
UART4_IRQHandler        0x0800ba07    0x3c  Code  Gb  stm32f4xx_it.o [2]
UART4_Receive_CMD       0x0800ba45   0x2e0  Code  Gb  stm32f4xx_it.o [2]
UART4_Receive_File      0x0800bd25    0x72  Code  Gb  stm32f4xx_it.o [2]
UART4_transmit_CMD      0x0800bd97    0x6e  Code  Gb  stm32f4xx_it.o [2]
UART5_IRQHandler        0x0800ddbd          Code  Wk  startup_stm32f4xx.o [2]
USART1_IRQHandler       0x0800dd7d          Code  Wk  startup_stm32f4xx.o [2]
USART2_IRQHandler       0x0800b9a9    0x5e  Code  Gb  stm32f4xx_it.o [2]
USART3_IRQHandler       0x0800dd85          Code  Wk  startup_stm32f4xx.o [2]
USART6_IRQHandler       0x0800de05          Code  Wk  startup_stm32f4xx.o [2]
USART_COMInit           0x08007b35    0x7a  Code  Gb  UART_Control.o [2]
USART_COMInit_DMA       0x08007baf    0xcc  Code  Gb  UART_Control.o [2]
USART_Cmd               0x080089bf    0x68  Code  Gb  stm32f4xx_usart.o [2]
USART_DMACmd            0x08008ae5    0x7a  Code  Gb  stm32f4xx_usart.o [2]
USART_GetITStatus       0x08008c61    0xe2  Code  Gb  stm32f4xx_usart.o [2]
USART_ITConfig          0x08008b69    0xf8  Code  Gb  stm32f4xx_usart.o [2]
USART_Init              0x08008831   0x18e  Code  Gb  stm32f4xx_usart.o [2]
USART_ReceiveData       0x08008a83    0x48  Code  Gb  stm32f4xx_usart.o [2]
USART_SendData          0x08008a27    0x5c  Code  Gb  stm32f4xx_usart.o [2]
USARTx_EXYNOS           0x08007cb7    0x3a  Code  Gb  UART_Control.o [2]
Uart2_RxMsg_AS_Phone_Data
                        0x2000f348     0x8  Data  Gb  CAN_Control.o [2]
Uart2_RxMsg_Multi_145   0x2000f448    0x18  Data  Gb  CAN_Control.o [2]
Uart2_RxMsg_Multi_161   0x2000f388    0x10  Data  Gb  CAN_Control.o [2]
Uart2_RxMsg_Multi_23    0x2000f3e8    0x10  Data  Gb  CAN_Control.o [2]
Uart2_RxMsg_Multi_69    0x2000f368    0x18  Data  Gb  CAN_Control.o [2]
Uart2_RxMsg_Save_Data1  0x2000f338     0x8  Data  Gb  CAN_Control.o [2]
Uart2_RxMsg_Save_Data2  0x2000f340     0x8  Data  Gb  CAN_Control.o [2]
Uart2_RxMsg_Single_101  0x2000f408     0x8  Data  Gb  CAN_Control.o [2]
Uart2_RxMsg_Single_104  0x2000f410     0x8  Data  Gb  CAN_Control.o [2]
Uart2_RxMsg_Single_105  0x2000f418     0x8  Data  Gb  CAN_Control.o [2]
Uart2_RxMsg_Single_109  0x2000f420     0x8  Data  Gb  CAN_Control.o [2]
Uart2_RxMsg_Single_11   0x2000f3d0     0x8  Data  Gb  CAN_Control.o [2]
Uart2_RxMsg_Single_12   0x2000f3d8     0x8  Data  Gb  CAN_Control.o [2]
Uart2_RxMsg_Single_121  0x2000f428     0x8  Data  Gb  CAN_Control.o [2]
Uart2_RxMsg_Single_123  0x2000f430     0x8  Data  Gb  CAN_Control.o [2]
Uart2_RxMsg_Single_160  0x2000f380     0x8  Data  Gb  CAN_Control.o [2]
Uart2_RxMsg_Single_162  0x2000f318     0x8  Data  Gb  CAN_Control.o [2]
Uart2_RxMsg_Single_163  0x2000f398     0x8  Data  Gb  CAN_Control.o [2]
Uart2_RxMsg_Single_174  0x2000f3a0     0x8  Data  Gb  CAN_Control.o [2]
Uart2_RxMsg_Single_201  0x2000f438     0x8  Data  Gb  CAN_Control.o [2]
Uart2_RxMsg_Single_203  0x2000f440     0x8  Data  Gb  CAN_Control.o [2]
Uart2_RxMsg_Single_21   0x2000f3e0     0x8  Data  Gb  CAN_Control.o [2]
Uart2_RxMsg_Single_239  0x2000f3c0     0x8  Data  Gb  CAN_Control.o [2]
Uart2_RxMsg_Single_239_121
                        0x2000f3c8     0x8  Data  Gb  CAN_Control.o [2]
Uart2_RxMsg_Single_247  0x2000f460     0x8  Data  Gb  CAN_Control.o [2]
Uart2_RxMsg_Single_251  0x2000f3a8     0x8  Data  Gb  CAN_Control.o [2]
Uart2_RxMsg_Single_252  0x2000f3b0     0x8  Data  Gb  CAN_Control.o [2]
Uart2_RxMsg_Single_253  0x2000f3b8     0x8  Data  Gb  CAN_Control.o [2]
Uart2_RxMsg_Single_46   0x2000f358     0x8  Data  Gb  CAN_Control.o [2]
Uart2_RxMsg_Single_47   0x2000e5b4     0x8  Data  Gb  CAN_Control.o [2]
Uart2_RxMsg_Single_61   0x2000f3f8     0x8  Data  Gb  CAN_Control.o [2]
Uart2_RxMsg_Single_62   0x2000f400     0x8  Data  Gb  CAN_Control.o [2]
Uart2_RxMsg_Single_69   0x2000f360     0x8  Data  Gb  CAN_Control.o [2]
Uart2_RxMsg_Smk_Reg_Eli
                        0x2000f350     0x8  Data  Gb  CAN_Control.o [2]
Uart2_SerialRxCnt       0x2000f5ec     0x1  Data  Gb  stm32f4xx_it.o [2]
Uart2_SerialRxMsg       0x2000f5dc    0x10  Data  Gb  stm32f4xx_it.o [2]
Uart2_SerialTxCnt       0x2000ede8     0x1  Data  Gb  stm32f4xx_it.o [2]
Uart2_SerialTxMsg       0x2000f5c4    0x14  Data  Gb  stm32f4xx_it.o [2]
UpdateMode              0x2000f543     0x1  Data  Gb  WL9F_Monitor_APP.o [2]
UsageFault_Handler      0x0800b771     0x2  Code  Gb  stm32f4xx_it.o [2]
WL9FM_100mSecOperationFunc
                        0x08006d65    0xca  Code  Gb  WL9F_Monitor_APP.o [2]
WL9FM_BUZZER            0x2000f624     0x8  Data  Gb  WL9F_Monitor_APP.o [2]
WL9FM_CAMERA_nRESET     0x0800848f    0x26  Code  Gb  GPIO_Control.o [2]
WL9FM_EXYNOS_PMIC_PWROFF
                        0x08008449    0x36  Code  Gb  GPIO_Control.o [2]
WL9FM_EXYNOS_PMIC_PWRON
                        0x08008425    0x24  Code  Gb  GPIO_Control.o [2]
WL9FM_EXYNOS_POWER_ONOFF
                        0x0800841d     0x8  Code  Gb  GPIO_Control.o [2]
WL9FM_GetPowerIG        0x080084bf     0x8  Code  Gb  GPIO_Control.o [2]
WL9FM_LCDBL             0x2000f64c     0x4  Data  Gb  WL9F_Monitor_APP.o [2]
WL9FM_Monitor_APP       0x08006eff    0xf6  Code  Gb  WL9F_Monitor_APP.o [2]
WL9FM_PowerIG           0x080084b5     0xa  Code  Gb  GPIO_Control.o [2]
WL9FM_RTC               0x2000f61c     0x8  Data  Gb  WL9F_Monitor_APP.o [2]
WL9FM_System_Init_Start
                        0x08006e4f    0xae  Code  Gb  WL9F_Monitor_APP.o [2]
WL9FM_TIME              0x2000f548    0x14  Data  Gb  WL9F_Monitor_APP.o [2]
WL9FM_USART_DATA        0x2000f0fc   0x214  Data  Gb  WL9F_Monitor_APP.o [2]
WL9FM_USART_FILE_DATA   0x2000e9c4   0x408  Data  Gb  WL9F_Monitor_APP.o [2]
WL9FM_USART_INDEX       0x2000f62c     0x8  Data  Gb  WL9F_Monitor_APP.o [2]
WL9FM_USART_RX_FILE_DATA
                        0x2000e5bc   0x408  Data  Gb  WL9F_Monitor_APP.o [2]
WL9F_CAMERA_Init        0x0800a675    0x1c  Code  Gb  TW8816_Control.o [2]
WL9F_CAN_Buffer_Init    0x0800b6d5    0x2a  Code  Gb  stm32f4xx_it.o [2]
WL9F_CAN_Variables_Init
                        0x08009b41   0x208  Code  Gb  CAN_Control.o [2]
WRITE_FM31xx_RTC_Companion
                        0x08007979    0x50  Code  Gb  FM31X4.o [2]
WRITE_RTC               0x08007429    0xa0  Code  Gb  RTC.o [2]
WRITE_RTC_Date          0x08007251    0x46  Code  Gb  RTC.o [2]
WRITE_RTC_Day           0x080072b3    0x36  Code  Gb  RTC.o [2]
WRITE_RTC_Hour          0x08007307    0x3e  Code  Gb  RTC.o [2]
WRITE_RTC_Minute        0x08007371    0x3e  Code  Gb  RTC.o [2]
WRITE_RTC_Month         0x080071db    0x46  Code  Gb  RTC.o [2]
WRITE_RTC_Second        0x080073cd    0x3e  Code  Gb  RTC.o [2]
WRITE_RTC_Year          0x0800717d    0x40  Code  Gb  RTC.o [2]
WWDG_IRQHandler         0x0800dce9          Code  Wk  startup_stm32f4xx.o [2]
WriteAsicByte           0x080045b5   0x142  Code  Gb  TW2835_Control.o [2]
WriteAsicByteOSD        0x080042cb   0x114  Code  Gb  TW2835_Control.o [2]
WriteAsicTable          0x080046f7   0x146  Code  Gb  TW2835_Control.o [2]
WriteAsicTableOSD       0x080043df   0x1d6  Code  Gb  TW2835_Control.o [2]
WriteOSDBmpX            0x08005a25     0x2  Code  Gb  TW2835_OSD.o [2]
WriteOSDClrX            0x08005c49    0xfe  Code  Gb  TW2835_OSD.o [2]
WriteOSDClrY            0x08005d47    0xee  Code  Gb  TW2835_OSD.o [2]
WriteTW8816             0x0800a4c1     0x4  Code  Gb  TW8816_Control.o [2]
Write_CAN_Single        0x08009d49    0x40  Code  Gb  CAN_Control.o [2]
Write_UART_Single       0x08009d89    0x62  Code  Gb  CAN_Control.o [2]
_Rand_idx               0x2000c76c     0x4  Data  Lc  rand.o [4]
_Rand_rv                0x2000c770    0x80  Data  Lc  rand.o [4]
_Randinit               0x2000c764     0x1  Data  Gb  rand.o [4]
_Randseed               0x2000c768     0x4  Data  Gb  rand.o [4]
__aeabi_memclr          0x0800d909          Code  Gb  ABImemclr.o [6]
__aeabi_memclr4         0x0800d191          Code  Gb  ABImemclr4.o [6]
__aeabi_memcpy          0x0800ca6d          Code  Gb  ABImemcpy.o [6]
__aeabi_memcpy4         0x0800ca8d          Code  Gb  ABImemcpy.o [6]
__aeabi_memcpy8         0x0800ca8d          Code  Gb  ABImemcpy.o [6]
__aeabi_memset          0x0800d1ad          Code  Gb  ABImemset.o [6]
__aeabi_memset4         0x0800cae5          Code  Gb  ABImemset48.o [6]
__aeabi_memset8         0x0800cae5          Code  Gb  ABImemset48.o [6]
__cmain                 0x0800dc6d          Code  Gb  cmain.o [6]
__exit                  0x0800dab9    0x14  Code  Gb  exit.o [7]
__iar_Memset            0x0800d1ad          Code  Gb  ABImemset.o [6]
__iar_Memset4_word      0x0800caed          Code  Gb  ABImemset48.o [6]
__iar_Memset8_word      0x0800caed          Code  Gb  ABImemset48.o [6]
__iar_Memset_word       0x0800d1b5          Code  Gb  ABImemset.o [6]
__iar_data_init3        0x0800dbfd    0x28  Code  Gb  data_init.o [6]
__iar_dlib_perthread_access
                        0x0800d197     0x2  Code  Gb  xtls.o [4]
__iar_init_vfp          0x0800dc51          Code  Gb  fpinit_M.o [5]
__iar_lz77_init3        0x0800d971   0x142  Code  Gb  lz77_init.o [6]
__iar_program_start     0x0800dcb9          Code  Gb  cstartup_M.o [6]
__iar_zero_init3        0x08007127    0x22  Code  Gb  zero_init3.o [6]
__low_level_init        0x0800dc83     0x4  Code  Gb  low_level_init.o [4]
__vector_table          0x08004000          Data  Gb  startup_stm32f4xx.o [2]
_call_main              0x0800dc79          Code  Gb  cmain.o [6]
_cipherKey              0x2000c8c0     0x4  Data  Lc  endecoder.o [1]
_decodeFeistel          0x080099a9    0x4a  Code  Gb  endecoder.o [1]
_encodeFeistel          0x08009963    0x46  Code  Gb  endecoder.o [1]
_exit                   0x0800dc8d          Code  Gb  cexit.o [6]
_main                   0x0800dc7f          Code  Gb  cmain.o [6]
abort                   0x0800dab3     0x6  Code  Gb  abort.o [4]
adc_value               0x2000f5a8     0x2  Data  Gb  WL9F_Monitor_APP.o [2]
assert_failed           0x080064ab     0x2  Code  Gb  main.o [2]
cam_mode_change         0x0800975d    0x18  Code  Gb  LCD_Control.o [2]
cam_mode_check          0x08009755     0x8  Code  Gb  LCD_Control.o [2]
can_status              0x2000f468     0x1  Data  Gb  CAN_Control.o [2]
can_status_buf          0x2000f46c    0x64  Data  Gb  CAN_Control.o [2]
can_tx_error_count      0x2000f469     0x1  Data  Gb  CAN_Control.o [2]
check_as_data_len       0x2000f320     0x1  Data  Gb  CAN_Control.o [2]
cmn_bot                 0x2000c68c     0x1  Data  Gb  TW2835_Control.o [2]
cmn_cnt_vs_sub          0x2000c68d     0x1  Data  Gb  TW2835_Control.o [2]
cmn_flg                 0x2000c690     0x4  Data  Gb  TW2835_Control.o [2]
ct_CHANNEL              0x2000c7f0    0x50  Data  Gb  TW2835_OSD.o [2]
decode                  0x08009a53    0x2c  Code  Gb  endecoder.o [1]
download_enable_code    0x2000ad1c     0x8  Data  Gb  M25PXX.o [2]
eepRomReadData1         0x2000f570    0x20  Data  Gb  WL9F_Monitor_APP.o [2]
encode                  0x080099fd    0x56  Code  Gb  endecoder.o [1]
exit                    0x0800dc87     0x4  Code  Gb  exit.o [4]
expand                  0x080098ad    0x4c  Code  Gb  endecoder.o [1]
expand_tb               0x0800dc98    0x10  Data  Gb  endecoder.o [1]
fatoryinit_enable_code  0x2000ad24     0x8  Data  Gb  M25PXX.o [2]
flag_skip_multi_packet  0x2000f321     0x1  Data  Gb  CAN_Control.o [2]
gAuthentication_Cnt     0x2000f530     0x1  Data  Gb  WL9F_Monitor_APP.o [2]
gRebootCmd              0x2000f541     0x1  Data  Gb  WL9F_Monitor_APP.o [2]
getKey                  0x08009933    0x30  Code  Gb  endecoder.o [1]
gt_CHANNEL_CH1_O        0x2000b53c   0x378  Data  Gb  TW2835_OSD.o [2]
gt_CHANNEL_CH2_O        0x2000b8b4   0x378  Data  Gb  TW2835_OSD.o [2]
gt_CHANNEL_CH3_O        0x2000bc2c   0x378  Data  Gb  TW2835_OSD.o [2]
gt_CHANNEL_CH4_O        0x2000bfa4   0x378  Data  Gb  TW2835_OSD.o [2]
gt_CHANNEL_blank        0x20005eec  0x2718  Data  Gb  TW2835_OSD.o [2]
gt_CHANNEL_x            0x20008604  0x2718  Data  Gb  TW2835_OSD.o [2]
main                    0x08006479     0xa  Code  Gb  main.o [2]
memcmp                  0x0800cb21          Code  Gb  memcmp.o [6]
memset                  0x0800d199    0x14  Code  Gb  CAN_Control.o [2]
pReadBufPos             0x2000edf0     0x2  Data  Gb  stm32f4xx_it.o [2]
pWriteBufPos            0x2000edee     0x2  Data  Gb  stm32f4xx_it.o [2]
pgn                     0x2000edf8     0x4  Data  Gb  stm32f4xx_it.o [2]
rand                    0x080097cd    0xe0  Code  Gb  rand.o [4]
rand_value              0x2000f5bc     0x8  Data  Gb  WL9F_Monitor_APP.o [2]
read_RTC_Companion      0x080076fb    0x28  Code  Gb  RTC.o [2]
read_clock              0x080066f3    0x52  Code  Gb  WL9F_Monitor_APP.o [2]
recv_smartkey           0x2000f5ac     0x8  Data  Gb  WL9F_Monitor_APP.o [2]
ring_buf                0x2000edfc   0x300  Data  Gb  stm32f4xx_it.o [2]
rx_CMD_LAMP             0x2000f4d4     0x8  Data  Gb  LAMP_Control.o [2]
rx_Realy_Control        0x2000f610     0x8  Data  Gb  LAMP_Control.o [2]
s_boxA                  0x0800dbbc    0x40  Data  Gb  endecoder.o [1]
send_smartkey           0x2000f5b4     0x8  Data  Gb  WL9F_Monitor_APP.o [2]
setCipherParam          0x080099f3     0xa  Code  Gb  endecoder.o [1]
smk_flag_data           0x2000f564     0x4  Data  Gb  WL9F_Monitor_APP.o [2]
tbl_ntsc_pg2_2dbox      0x2000c6e4    0x20  Data  Gb  TW2835_Control.o [2]
tbl_ntsc_pg2_mtn        0x2000c704    0x20  Data  Gb  TW2835_Control.o [2]
tbl_pal_pg2_2dbox       0x2000c724    0x20  Data  Gb  TW2835_Control.o [2]
tbl_pal_pg2_mtn         0x2000c744    0x20  Data  Gb  TW2835_Control.o [2]
tbl_pg2_mse_box         0x2000c694    0x50  Data  Gb  TW2835_Control.o [2]
temp1024                0x2000ad38   0x400  Data  Gb  M25PXX.o [2]
temp3                   0x2000ad30     0x8  Data  Gb  M25PXX.o [2]
temp_crc                0x2000ad2e     0x2  Data  Gb  M25PXX.o [2]
tmpBuf                  0x2000f330     0x8  Data  Gb  CAN_Control.o [2]
tp_cm_bam               0x2000f328     0x4  Data  Gb  CAN_Control.o [2]
write_RTC_Companion     0x080076d7    0x1a  Code  Gb  RTC.o [2]


[1] = C:\Tools\WL9F\WLF Monitor - STM32_APP\Platform\COMMON\SRC
[2] = C:\Tools\WL9F\WLF Monitor - STM32_APP\Project\Debug\Obj
[3] = command line
[4] = dl7M_tlf.a
[5] = m7M_tlv.a
[6] = rt7M_tl.a
[7] = shb_l.a

  40 370 bytes of readonly  code memory
   6 683 bytes of readonly  data memory
  65 114 bytes of readwrite data memory

Errors: none
Warnings: none
