###############################################################################
#                                                                             #
# IAR ELF Linker V6.50.1.4415/W32 for ARM               21/Oct/2016  14:30:38 #
# Copyright 2007-2012 IAR Systems AB.                                         #
#                                                                             #
#    Output file  =  D:\Project\[SVN] ECS-RD12-16 - WL9F Monitor -            #
#                    STM32_APP\[MASS]\Project\Debug\Exe\WL9F_Monitor_APP.out  #
#    Map file     =  D:\Project\[SVN] ECS-RD12-16 - WL9F Monitor -            #
#                    STM32_APP\[MASS]\Project\Debug\List\WL9F_Monitor_APP.map #
#    Command line =  "D:\Project\[SVN] ECS-RD12-16 - WL9F Monitor -           #
#                    STM32_APP\[MASS]\Platform\COMMON\SRC\endecoder.o"        #
#                    "D:\Project\[SVN] ECS-RD12-16 - WL9F Monitor -           #
#                    STM32_APP\[MASS]\Project\Debug\Obj\Buzzer.o"             #
#                    "D:\Project\[SVN] ECS-RD12-16 - WL9F Monitor -           #
#                    STM32_APP\[MASS]\Project\Debug\Obj\CAN_Control.o"        #
#                    "D:\Project\[SVN] ECS-RD12-16 - WL9F Monitor -           #
#                    STM32_APP\[MASS]\Project\Debug\Obj\DPRAM_Control.o"      #
#                    "D:\Project\[SVN] ECS-RD12-16 - WL9F Monitor -           #
#                    STM32_APP\[MASS]\Project\Debug\Obj\FM31X4.o"             #
#                    "D:\Project\[SVN] ECS-RD12-16 - WL9F Monitor -           #
#                    STM32_APP\[MASS]\Project\Debug\Obj\GPIO_Control.o"       #
#                    "D:\Project\[SVN] ECS-RD12-16 - WL9F Monitor -           #
#                    STM32_APP\[MASS]\Project\Debug\Obj\Hardware_Version.o"   #
#                    "D:\Project\[SVN] ECS-RD12-16 - WL9F Monitor -           #
#                    STM32_APP\[MASS]\Project\Debug\Obj\KeySwitch.o"          #
#                    "D:\Project\[SVN] ECS-RD12-16 - WL9F Monitor -           #
#                    STM32_APP\[MASS]\Project\Debug\Obj\LAMP_Control.o"       #
#                    "D:\Project\[SVN] ECS-RD12-16 - WL9F Monitor -           #
#                    STM32_APP\[MASS]\Project\Debug\Obj\LCD_Control.o"        #
#                    "D:\Project\[SVN] ECS-RD12-16 - WL9F Monitor -           #
#                    STM32_APP\[MASS]\Project\Debug\Obj\M25PXX.o"             #
#                    "D:\Project\[SVN] ECS-RD12-16 - WL9F Monitor -           #
#                    STM32_APP\[MASS]\Project\Debug\Obj\RTC.o"                #
#                    "D:\Project\[SVN] ECS-RD12-16 - WL9F Monitor -           #
#                    STM32_APP\[MASS]\Project\Debug\Obj\System_Debug.o"       #
#                    "D:\Project\[SVN] ECS-RD12-16 - WL9F Monitor -           #
#                    STM32_APP\[MASS]\Project\Debug\Obj\System_Init.o"        #
#                    "D:\Project\[SVN] ECS-RD12-16 - WL9F Monitor -           #
#                    STM32_APP\[MASS]\Project\Debug\Obj\TW2835_Control.o"     #
#                    "D:\Project\[SVN] ECS-RD12-16 - WL9F Monitor -           #
#                    STM32_APP\[MASS]\Project\Debug\Obj\TW2835_OSD.o"         #
#                    "D:\Project\[SVN] ECS-RD12-16 - WL9F Monitor -           #
#                    STM32_APP\[MASS]\Project\Debug\Obj\TW8816_Control.o"     #
#                    "D:\Project\[SVN] ECS-RD12-16 - WL9F Monitor -           #
#                    STM32_APP\[MASS]\Project\Debug\Obj\TW8816_OSD.o"         #
#                    "D:\Project\[SVN] ECS-RD12-16 - WL9F Monitor -           #
#                    STM32_APP\[MASS]\Project\Debug\Obj\TW8832_Control.o"     #
#                    "D:\Project\[SVN] ECS-RD12-16 - WL9F Monitor -           #
#                    STM32_APP\[MASS]\Project\Debug\Obj\TW8832_OSD.o"         #
#                    "D:\Project\[SVN] ECS-RD12-16 - WL9F Monitor -           #
#                    STM32_APP\[MASS]\Project\Debug\Obj\TimeDelay.o"          #
#                    "D:\Project\[SVN] ECS-RD12-16 - WL9F Monitor -           #
#                    STM32_APP\[MASS]\Project\Debug\Obj\UART_Control.o"       #
#                    "D:\Project\[SVN] ECS-RD12-16 - WL9F Monitor -           #
#                    STM32_APP\[MASS]\Project\Debug\Obj\WL9F_Monitor_APP.o"   #
#                    "D:\Project\[SVN] ECS-RD12-16 - WL9F Monitor -           #
#                    STM32_APP\[MASS]\Project\Debug\Obj\flash_if.o"           #
#                    "D:\Project\[SVN] ECS-RD12-16 - WL9F Monitor -           #
#                    STM32_APP\[MASS]\Project\Debug\Obj\main.o"               #
#                    "D:\Project\[SVN] ECS-RD12-16 - WL9F Monitor -           #
#                    STM32_APP\[MASS]\Project\Debug\Obj\misc.o"               #
#                    "D:\Project\[SVN] ECS-RD12-16 - WL9F Monitor -           #
#                    STM32_APP\[MASS]\Project\Debug\Obj\startup_stm32f4xx.o"  #
#                    "D:\Project\[SVN] ECS-RD12-16 - WL9F Monitor -           #
#                    STM32_APP\[MASS]\Project\Debug\Obj\stm324xg_eval.o"      #
#                    "D:\Project\[SVN] ECS-RD12-16 - WL9F Monitor -           #
#                    STM32_APP\[MASS]\Project\Debug\Obj\stm32f4xx_adc.o"      #
#                    "D:\Project\[SVN] ECS-RD12-16 - WL9F Monitor -           #
#                    STM32_APP\[MASS]\Project\Debug\Obj\stm32f4xx_can.o"      #
#                    "D:\Project\[SVN] ECS-RD12-16 - WL9F Monitor -           #
#                    STM32_APP\[MASS]\Project\Debug\Obj\stm32f4xx_crc.o"      #
#                    "D:\Project\[SVN] ECS-RD12-16 - WL9F Monitor -           #
#                    STM32_APP\[MASS]\Project\Debug\Obj\stm32f4xx_cryp.o"     #
#                    "D:\Project\[SVN] ECS-RD12-16 - WL9F Monitor -           #
#                    STM32_APP\[MASS]\Project\Debug\Obj\stm32f4xx_cryp_aes.o" #
#                     "D:\Project\[SVN] ECS-RD12-16 - WL9F Monitor -          #
#                    STM32_APP\[MASS]\Project\Debug\Obj\stm32f4xx_cryp_des.o" #
#                     "D:\Project\[SVN] ECS-RD12-16 - WL9F Monitor -          #
#                    STM32_APP\[MASS]\Project\Debug\Obj\stm32f4xx_cryp_tdes.o #
#                    " "D:\Project\[SVN] ECS-RD12-16 - WL9F Monitor -         #
#                    STM32_APP\[MASS]\Project\Debug\Obj\stm32f4xx_dac.o"      #
#                    "D:\Project\[SVN] ECS-RD12-16 - WL9F Monitor -           #
#                    STM32_APP\[MASS]\Project\Debug\Obj\stm32f4xx_dbgmcu.o"   #
#                    "D:\Project\[SVN] ECS-RD12-16 - WL9F Monitor -           #
#                    STM32_APP\[MASS]\Project\Debug\Obj\stm32f4xx_dcmi.o"     #
#                    "D:\Project\[SVN] ECS-RD12-16 - WL9F Monitor -           #
#                    STM32_APP\[MASS]\Project\Debug\Obj\stm32f4xx_dma.o"      #
#                    "D:\Project\[SVN] ECS-RD12-16 - WL9F Monitor -           #
#                    STM32_APP\[MASS]\Project\Debug\Obj\stm32f4xx_exti.o"     #
#                    "D:\Project\[SVN] ECS-RD12-16 - WL9F Monitor -           #
#                    STM32_APP\[MASS]\Project\Debug\Obj\stm32f4xx_flash.o"    #
#                    "D:\Project\[SVN] ECS-RD12-16 - WL9F Monitor -           #
#                    STM32_APP\[MASS]\Project\Debug\Obj\stm32f4xx_fsmc.o"     #
#                    "D:\Project\[SVN] ECS-RD12-16 - WL9F Monitor -           #
#                    STM32_APP\[MASS]\Project\Debug\Obj\stm32f4xx_gpio.o"     #
#                    "D:\Project\[SVN] ECS-RD12-16 - WL9F Monitor -           #
#                    STM32_APP\[MASS]\Project\Debug\Obj\stm32f4xx_hash.o"     #
#                    "D:\Project\[SVN] ECS-RD12-16 - WL9F Monitor -           #
#                    STM32_APP\[MASS]\Project\Debug\Obj\stm32f4xx_hash_md5.o" #
#                     "D:\Project\[SVN] ECS-RD12-16 - WL9F Monitor -          #
#                    STM32_APP\[MASS]\Project\Debug\Obj\stm32f4xx_hash_sha1.o #
#                    " "D:\Project\[SVN] ECS-RD12-16 - WL9F Monitor -         #
#                    STM32_APP\[MASS]\Project\Debug\Obj\stm32f4xx_i2c.o"      #
#                    "D:\Project\[SVN] ECS-RD12-16 - WL9F Monitor -           #
#                    STM32_APP\[MASS]\Project\Debug\Obj\stm32f4xx_it.o"       #
#                    "D:\Project\[SVN] ECS-RD12-16 - WL9F Monitor -           #
#                    STM32_APP\[MASS]\Project\Debug\Obj\stm32f4xx_iwdg.o"     #
#                    "D:\Project\[SVN] ECS-RD12-16 - WL9F Monitor -           #
#                    STM32_APP\[MASS]\Project\Debug\Obj\stm32f4xx_pwr.o"      #
#                    "D:\Project\[SVN] ECS-RD12-16 - WL9F Monitor -           #
#                    STM32_APP\[MASS]\Project\Debug\Obj\stm32f4xx_rcc.o"      #
#                    "D:\Project\[SVN] ECS-RD12-16 - WL9F Monitor -           #
#                    STM32_APP\[MASS]\Project\Debug\Obj\stm32f4xx_rng.o"      #
#                    "D:\Project\[SVN] ECS-RD12-16 - WL9F Monitor -           #
#                    STM32_APP\[MASS]\Project\Debug\Obj\stm32f4xx_rtc.o"      #
#                    "D:\Project\[SVN] ECS-RD12-16 - WL9F Monitor -           #
#                    STM32_APP\[MASS]\Project\Debug\Obj\stm32f4xx_sdio.o"     #
#                    "D:\Project\[SVN] ECS-RD12-16 - WL9F Monitor -           #
#                    STM32_APP\[MASS]\Project\Debug\Obj\stm32f4xx_spi.o"      #
#                    "D:\Project\[SVN] ECS-RD12-16 - WL9F Monitor -           #
#                    STM32_APP\[MASS]\Project\Debug\Obj\stm32f4xx_syscfg.o"   #
#                    "D:\Project\[SVN] ECS-RD12-16 - WL9F Monitor -           #
#                    STM32_APP\[MASS]\Project\Debug\Obj\stm32f4xx_tim.o"      #
#                    "D:\Project\[SVN] ECS-RD12-16 - WL9F Monitor -           #
#                    STM32_APP\[MASS]\Project\Debug\Obj\stm32f4xx_usart.o"    #
#                    "D:\Project\[SVN] ECS-RD12-16 - WL9F Monitor -           #
#                    STM32_APP\[MASS]\Project\Debug\Obj\stm32f4xx_wwdg.o"     #
#                    "D:\Project\[SVN] ECS-RD12-16 - WL9F Monitor -           #
#                    STM32_APP\[MASS]\Project\Debug\Obj\system_stm32f4xx.o"   #
#                    --redirect _Printf=_PrintfFull --redirect                #
#                    _Scanf=_ScanfFull -o "D:\Project\[SVN] ECS-RD12-16 -     #
#                    WL9F Monitor - STM32_APP\[MASS]\Project\Debug\Exe\WL9F_M #
#                    onitor_APP.out" --map "D:\Project\[SVN] ECS-RD12-16 -    #
#                    WL9F Monitor - STM32_APP\[MASS]\Project\Debug\List\WL9F_ #
#                    Monitor_APP.map" --config "D:\Project\[SVN] ECS-RD12-16  #
#                    - WL9F Monitor - STM32_APP\[MASS]\Project\LinkerConfigur #
#                    ation\stm32f4xx_flash.icf" --semihosting --entry         #
#                    __iar_program_start --vfe                                #
#                                                                             #
#                                                                             #
###############################################################################

*******************************************************************************
*** RUNTIME MODEL ATTRIBUTES
***

CppFlavor                     = *
__Heap_Handler                = Basic
__SystemLibrary               = DLib
__dlib_dynamic_initialization = normal


*******************************************************************************
*** PLACEMENT SUMMARY
***

"A1":  place at 0x08004000 { ro section .intvec };
"P1":  place in [from 0x08004000 to 0x080fffff] { ro };
"P2":  place in [from 0x20000000 to 0x2001ffff] { rw, block CSTACK, block HEAP };

  Section             Kind        Address    Size  Object
  -------             ----        -------    ----  ------
"A1":                                       0x188
  .intvec             ro code  0x08004000   0x188  startup_stm32f4xx.o [2]
                             - 0x08004188   0x188

"P1":                                      0xbb28
  .text               ro code  0x08004188  0x189c  TW2835_Control.o [2]
  .text               ro code  0x08005a24   0x460  TW2835_OSD.o [2]
  .text               ro code  0x08005e84   0x610  stm32f4xx_gpio.o [2]
  .text               ro code  0x08006494    0x34  main.o [2]
  .text               ro code  0x080064c8   0xc00  WL9F_Monitor_APP.o [2]
  .text               ro code  0x080070c8    0xe2  stm324xg_eval.o [2]
  .text               ro code  0x080071aa    0x22  zero_init3.o [6]
  .text               ro code  0x080071cc   0x5e8  RTC.o [2]
  .text               ro code  0x080077b4   0x388  FM31X4.o [2]
  .text               ro code  0x08007b3c    0x7a  TimeDelay.o [2]
  .text               ro code  0x08007bb8    0xe0  rand.o [4]
  .text               ro code  0x08007c98   0x1fc  UART_Control.o [2]
  .text               ro code  0x08007e94    0xb8  GPIO_Control.o [2]
  .text               ro code  0x08007f4c    0xf0  flash_if.o [2]
  .text               ro code  0x0800803c   0x2cc  stm32f4xx_flash.o [2]
  .text               ro code  0x08008308    0x9c  Buzzer.o [2]
  .text               ro code  0x080083a4   0x2c0  KeySwitch.o [2]
  .text               ro code  0x08008664   0x5a8  stm32f4xx_usart.o [2]
  .text               ro code  0x08008c0c   0x658  stm32f4xx_can.o [2]
  .text               ro code  0x08009264   0x1f0  LAMP_Control.o [2]
  .text               ro code  0x08009454   0x1dc  LCD_Control.o [2]
  .text               ro code  0x08009630   0x1e0  endecoder.o [1]
  .text               ro code  0x08009810   0x764  CAN_Control.o [2]
  .text               ro code  0x08009f74   0x6ec  M25PXX.o [2]
  .text               ro code  0x0800a660   0x4b0  TW8816_Control.o [2]
  .text               ro code  0x0800ab10    0xc4  Hardware_Version.o [2]
  .text               ro code  0x0800abd4   0xb88  System_Init.o [2]
  .text               ro code  0x0800b75c   0x3e6  TW8816_OSD.o [2]
  .text               ro code  0x0800bb44   0x7ac  stm32f4xx_it.o [2]
  .text               ro code  0x0800c2f0   0x2f4  stm32f4xx_rcc.o [2]
  .text               ro code  0x0800c5e4     0x2  xtls.o [4]
  .text               ro code  0x0800c5e8   0x150  misc.o [2]
  .text               ro code  0x0800c738   0x7e4  stm32f4xx_dma.o [2]
  .text               ro code  0x0800cf1c    0x76  ABImemcpy.o [6]
  .text               ro code  0x0800cf94   0x624  stm32f4xx_tim.o [2]
  .text               ro code  0x0800d5b8     0x6  ABImemclr4.o [6]
  .text               ro code  0x0800d5be    0x14  CAN_Control.o [2]
  .text               ro code  0x0800d5d4    0x3a  ABImemset48.o [6]
  .text               ro code  0x0800d610    0x66  ABImemset.o [6]
  .text               ro code  0x0800d678    0x62  memcmp.o [6]
  .text               ro code  0x0800d6dc   0x188  TW8832_Control.o [2]
  .text               ro code  0x0800d864   0x584  stm32f4xx_adc.o [2]
  .text               ro code  0x0800dde8     0x6  ABImemclr.o [6]
  .text               ro code  0x0800ddee   0x1a4  lz77_init.o [6]
  .text               ro code  0x0800df92     0x6  abort.o [4]
  .text               ro code  0x0800df98    0x14  exit.o [7]
  .text               ro code  0x0800dfac    0xf0  system_stm32f4xx.o [2]
  .rodata             const    0x0800e09c    0x40  endecoder.o [1]
  .text               ro code  0x0800e0dc    0x28  data_init.o [6]
  .iar.init_table     const    0x0800e104    0x2c  - Linker created -
  .text               ro code  0x0800e130    0x1a  fpinit_M.o [5]
  .text               ro code  0x0800e14c    0x16  cmain.o [6]
  .text               ro code  0x0800e162     0x4  low_level_init.o [4]
  .text               ro code  0x0800e166     0x4  exit.o [4]
  .text               ro code  0x0800e16c     0xa  cexit.o [6]
  .rodata             const    0x0800e178    0x10  endecoder.o [1]
  .text               ro code  0x0800e188    0x10  startup_stm32f4xx.o [2]
  .text               ro code  0x0800e198     0xc  cstartup_M.o [6]
  .text               ro code  0x0800e1a4     0x4  startup_stm32f4xx.o [2]
  .text               ro code  0x0800e1a8     0x4  startup_stm32f4xx.o [2]
  .text               ro code  0x0800e1ac     0x4  startup_stm32f4xx.o [2]
  .text               ro code  0x0800e1b0     0x4  startup_stm32f4xx.o [2]
  .text               ro code  0x0800e1b4     0x4  startup_stm32f4xx.o [2]
  .text               ro code  0x0800e1b8     0x4  startup_stm32f4xx.o [2]
  .text               ro code  0x0800e1bc     0x4  startup_stm32f4xx.o [2]
  .text               ro code  0x0800e1c0     0x4  startup_stm32f4xx.o [2]
  .text               ro code  0x0800e1c4     0x4  startup_stm32f4xx.o [2]
  .text               ro code  0x0800e1c8     0x4  startup_stm32f4xx.o [2]
  .text               ro code  0x0800e1cc     0x4  startup_stm32f4xx.o [2]
  .text               ro code  0x0800e1d0     0x4  startup_stm32f4xx.o [2]
  .text               ro code  0x0800e1d4     0x4  startup_stm32f4xx.o [2]
  .text               ro code  0x0800e1d8     0x4  startup_stm32f4xx.o [2]
  .text               ro code  0x0800e1dc     0x4  startup_stm32f4xx.o [2]
  .text               ro code  0x0800e1e0     0x4  startup_stm32f4xx.o [2]
  .text               ro code  0x0800e1e4     0x4  startup_stm32f4xx.o [2]
  .text               ro code  0x0800e1e8     0x4  startup_stm32f4xx.o [2]
  .text               ro code  0x0800e1ec     0x4  startup_stm32f4xx.o [2]
  .text               ro code  0x0800e1f0     0x4  startup_stm32f4xx.o [2]
  .text               ro code  0x0800e1f4     0x4  startup_stm32f4xx.o [2]
  .text               ro code  0x0800e1f8     0x4  startup_stm32f4xx.o [2]
  .text               ro code  0x0800e1fc     0x4  startup_stm32f4xx.o [2]
  .text               ro code  0x0800e200     0x4  startup_stm32f4xx.o [2]
  .text               ro code  0x0800e204     0x4  startup_stm32f4xx.o [2]
  .text               ro code  0x0800e208     0x4  startup_stm32f4xx.o [2]
  .text               ro code  0x0800e20c     0x4  startup_stm32f4xx.o [2]
  .text               ro code  0x0800e210     0x4  startup_stm32f4xx.o [2]
  .text               ro code  0x0800e214     0x4  startup_stm32f4xx.o [2]
  .text               ro code  0x0800e218     0x4  startup_stm32f4xx.o [2]
  .text               ro code  0x0800e21c     0x4  startup_stm32f4xx.o [2]
  .text               ro code  0x0800e220     0x4  startup_stm32f4xx.o [2]
  .text               ro code  0x0800e224     0x4  startup_stm32f4xx.o [2]
  .text               ro code  0x0800e228     0x4  startup_stm32f4xx.o [2]
  .text               ro code  0x0800e22c     0x4  startup_stm32f4xx.o [2]
  .text               ro code  0x0800e230     0x4  startup_stm32f4xx.o [2]
  .text               ro code  0x0800e234     0x4  startup_stm32f4xx.o [2]
  .text               ro code  0x0800e238     0x4  startup_stm32f4xx.o [2]
  .text               ro code  0x0800e23c     0x4  startup_stm32f4xx.o [2]
  .text               ro code  0x0800e240     0x4  startup_stm32f4xx.o [2]
  .text               ro code  0x0800e244     0x4  startup_stm32f4xx.o [2]
  .text               ro code  0x0800e248     0x4  startup_stm32f4xx.o [2]
  .text               ro code  0x0800e24c     0x4  startup_stm32f4xx.o [2]
  .text               ro code  0x0800e250     0x4  startup_stm32f4xx.o [2]
  .text               ro code  0x0800e254     0x4  startup_stm32f4xx.o [2]
  .text               ro code  0x0800e258     0x4  startup_stm32f4xx.o [2]
  .text               ro code  0x0800e25c     0x4  startup_stm32f4xx.o [2]
  .text               ro code  0x0800e260     0x4  startup_stm32f4xx.o [2]
  .text               ro code  0x0800e264     0x4  startup_stm32f4xx.o [2]
  .text               ro code  0x0800e268     0x4  startup_stm32f4xx.o [2]
  .text               ro code  0x0800e26c     0x4  startup_stm32f4xx.o [2]
  .text               ro code  0x0800e270     0x4  startup_stm32f4xx.o [2]
  .text               ro code  0x0800e274     0x4  startup_stm32f4xx.o [2]
  .text               ro code  0x0800e278     0x4  startup_stm32f4xx.o [2]
  .text               ro code  0x0800e27c     0x4  startup_stm32f4xx.o [2]
  .text               ro code  0x0800e280     0x4  startup_stm32f4xx.o [2]
  .text               ro code  0x0800e284     0x4  startup_stm32f4xx.o [2]
  .text               ro code  0x0800e288     0x4  startup_stm32f4xx.o [2]
  .text               ro code  0x0800e28c     0x4  startup_stm32f4xx.o [2]
  .text               ro code  0x0800e290     0x4  startup_stm32f4xx.o [2]
  .text               ro code  0x0800e294     0x4  startup_stm32f4xx.o [2]
  .text               ro code  0x0800e298     0x4  startup_stm32f4xx.o [2]
  .text               ro code  0x0800e29c     0x4  startup_stm32f4xx.o [2]
  .text               ro code  0x0800e2a0     0x4  startup_stm32f4xx.o [2]
  .text               ro code  0x0800e2a4     0x4  startup_stm32f4xx.o [2]
  .text               ro code  0x0800e2a8     0x4  startup_stm32f4xx.o [2]
  .text               ro code  0x0800e2ac     0x4  startup_stm32f4xx.o [2]
  .text               ro code  0x0800e2b0     0x4  startup_stm32f4xx.o [2]
  .text               ro code  0x0800e2b4     0x4  startup_stm32f4xx.o [2]
  .text               ro code  0x0800e2b8     0x4  startup_stm32f4xx.o [2]
  .text               ro code  0x0800e2bc     0x4  startup_stm32f4xx.o [2]
  .text               ro code  0x0800e2c0     0x4  startup_stm32f4xx.o [2]
  .text               ro code  0x0800e2c4     0x4  startup_stm32f4xx.o [2]
  .text               ro code  0x0800e2c8     0x4  startup_stm32f4xx.o [2]
  .text               ro code  0x0800e2cc     0x4  startup_stm32f4xx.o [2]
  .text               ro code  0x0800e2d0     0x4  startup_stm32f4xx.o [2]
  .text               ro code  0x0800e2d4     0x4  startup_stm32f4xx.o [2]
  .text               ro code  0x0800e2d8     0x4  startup_stm32f4xx.o [2]
  .text               ro code  0x0800e2dc     0x4  startup_stm32f4xx.o [2]
  .text               ro code  0x0800e2e0     0x4  startup_stm32f4xx.o [2]
  .text               ro code  0x0800e2e4     0x4  startup_stm32f4xx.o [2]
  .text               ro code  0x0800e2e8     0x4  startup_stm32f4xx.o [2]
  .text               ro code  0x0800e2ec     0x4  startup_stm32f4xx.o [2]
  .text               ro code  0x0800e2f0     0x4  startup_stm32f4xx.o [2]
  .text               ro code  0x0800e2f4     0x4  startup_stm32f4xx.o [2]
  .text               ro code  0x0800e2f8     0x4  startup_stm32f4xx.o [2]
  .text               ro code  0x0800e2fc     0x4  startup_stm32f4xx.o [2]
  .text               ro code  0x0800e300     0x4  startup_stm32f4xx.o [2]
  .text               ro code  0x0800e304     0x4  startup_stm32f4xx.o [2]
  .text               ro code  0x0800e308     0x4  startup_stm32f4xx.o [2]
  .text               ro code  0x0800e30c     0x4  startup_stm32f4xx.o [2]
  .rodata             const    0x0800e310     0x0  zero_init3.o [6]
  .rodata             const    0x0800e310     0x0  lz77_init.o [6]
  Initializer bytes   ro data  0x0800e310  0x199d  <for P2 s0>
                             - 0x0800fcad  0xbb25

"P2", part 1 of 3:                         0xc8c8
  P2 s0                        0x20000000  0xc8c6  <Init block>
    .data             inited   0x20000000  0x5eec  TW8816_Control.o [2]
    .data             inited   0x20005eec  0x2718  TW2835_OSD.o [2]
    .data             inited   0x20008604  0x2718  TW2835_OSD.o [2]
    .data             inited   0x2000ad1c   0x41c  M25PXX.o [2]
    .data             inited   0x2000b138   0x404  TW8816_Control.o [2]
    .data             inited   0x2000b53c   0x378  TW2835_OSD.o [2]
    .data             inited   0x2000b8b4   0x378  TW2835_OSD.o [2]
    .data             inited   0x2000bc2c   0x378  TW2835_OSD.o [2]
    .data             inited   0x2000bfa4   0x378  TW2835_OSD.o [2]
    .data             inited   0x2000c31c   0x200  TW2835_Control.o [2]
    .data             inited   0x2000c51c   0x170  TW8832_Control.o [2]
    .data             inited   0x2000c68c    0xd8  TW2835_Control.o [2]
    __DLIB_PERTHREAD  inited   0x2000c764    0x8c  rand.o [4]
    .data             inited   0x2000c7f0    0x50  TW2835_OSD.o [2]
    .data             inited   0x2000c840    0x3c  KeySwitch.o [2]
    .data             inited   0x2000c87c    0x14  UART_Control.o [2]
    .data             inited   0x2000c890    0x14  system_stm32f4xx.o [2]
    .data             inited   0x2000c8a4    0x10  stm32f4xx_rcc.o [2]
    .data             inited   0x2000c8b4     0xc  stm324xg_eval.o [2]
    .data             inited   0x2000c8c0     0x4  endecoder.o [1]
    .data             inited   0x2000c8c4     0x1  LCD_Control.o [2]
    .data             inited   0x2000c8c5     0x1  LCD_Control.o [2]
                             - 0x2000c8c6  0xc8c6

"P2", part 2 of 3:                         0x2d98
  .bss                zero     0x2000c8c8  0x10f4  CAN_Control.o [2]
  .bss                zero     0x2000d9bc   0xc00  CAN_Control.o [2]
  .bss                zero     0x2000e5bc   0x408  WL9F_Monitor_APP.o [2]
  .bss                zero     0x2000e9c4   0x408  WL9F_Monitor_APP.o [2]
  .bss                zero     0x2000edcc   0x330  stm32f4xx_it.o [2]
  .bss                zero     0x2000f0fc   0x214  WL9F_Monitor_APP.o [2]
  .bss                zero     0x2000f310   0x158  CAN_Control.o [2]
  .bss                zero     0x2000f468    0x6a  CAN_Control.o [2]
  .bss                zero     0x2000f4d2     0x2  Buzzer.o [2]
  .bss                zero     0x2000f4d4    0x5c  LAMP_Control.o [2]
  .bss                zero     0x2000f530    0x44  WL9F_Monitor_APP.o [2]
  .bss                zero     0x2000f574    0x3a  WL9F_Monitor_APP.o [2]
  .bss                zero     0x2000f5ae     0x2  CAN_Control.o [2]
  .bss                zero     0x2000f5b0    0x18  WL9F_Monitor_APP.o [2]
  .bss                zero     0x2000f5c8    0x15  stm32f4xx_it.o [2]
  .bss                zero     0x2000f5de     0x2  stm32f4xx_it.o [2]
  .bss                zero     0x2000f5e0    0x11  stm32f4xx_it.o [2]
  .bss                zero     0x2000f5f1     0x1  LAMP_Control.o [2]
  .bss                zero     0x2000f5f2     0x1  LAMP_Control.o [2]
  .bss                zero     0x2000f5f3     0x1  LCD_Control.o [2]
  .bss                zero     0x2000f5f4    0x10  WL9F_Monitor_APP.o [2]
  .bss                zero     0x2000f604    0x10  WL9F_Monitor_APP.o [2]
  .bss                zero     0x2000f614     0xc  LAMP_Control.o [2]
  .bss                zero     0x2000f620     0x8  WL9F_Monitor_APP.o [2]
  .bss                zero     0x2000f628     0x8  WL9F_Monitor_APP.o [2]
  .bss                zero     0x2000f630     0x8  WL9F_Monitor_APP.o [2]
  .bss                zero     0x2000f638     0x8  WL9F_Monitor_APP.o [2]
  .bss                zero     0x2000f640     0x8  stm32f4xx_it.o [2]
  .bss                zero     0x2000f648     0x4  Hardware_Version.o [2]
  .bss                zero     0x2000f64c     0x4  TimeDelay.o [2]
  .bss                zero     0x2000f650     0x4  WL9F_Monitor_APP.o [2]
  .bss                zero     0x2000f654     0x4  WL9F_Monitor_APP.o [2]
  .bss                zero     0x2000f658     0x4  WL9F_Monitor_APP.o [2]
  .bss                zero     0x2000f65c     0x1  stm32f4xx_it.o [2]
  .bss                zero     0x2000f65d     0x1  stm32f4xx_it.o [2]
  .bss                zero     0x2000f65e     0x1  stm32f4xx_it.o [2]
  .bss                zero     0x2000f65f     0x1  stm32f4xx_it.o [2]
                             - 0x2000f660  0x2d98

"P2", part 3 of 3:                          0x800
  CSTACK                       0x2000f660   0x800  <Block>
    CSTACK            uninit   0x2000f660   0x800  <Block tail>
                             - 0x2000fe60   0x800


*******************************************************************************
*** INIT TABLE
***

          Address     Size
          -------     ----
Zero (__iar_zero_init3)
    1 destination range, total size 0x2d98:
          0x2000c8c8  0x2d98

Copy/lz77 (__iar_lz77_init3)
    1 source range, total size 0x199d (12% of destination):
          0x0800e310  0x199d
    1 destination range, total size 0xc8c6:
          0x20000000  0xc8c6



*******************************************************************************
*** MODULE SUMMARY
***

    Module               ro code  ro data  rw data
    ------               -------  -------  -------
D:\Project\[SVN] ECS-RD12-16 - WL9F Monitor - STM32_APP\[MASS]\Platform\COMMON\SRC: [1]
    endecoder.o              480       80        4
    ----------------------------------------------
    Total:                   480       80        4

D:\Project\[SVN] ECS-RD12-16 - WL9F Monitor - STM32_APP\[MASS]\Project\Debug\Obj: [2]
    Buzzer.o                 156                 2
    CAN_Control.o          1 912             7 864
    FM31X4.o                 904
    GPIO_Control.o           184
    Hardware_Version.o       196                 4
    KeySwitch.o              704        8       60
    LAMP_Control.o           496               106
    LCD_Control.o            476        1        3
    M25PXX.o               1 772      134    1 052
    RTC.o                  1 512
    System_Init.o          2 952
    TW2835_Control.o       6 300       92      728
    TW2835_OSD.o           1 120    3 017   23 648
    TW8816_Control.o       1 200    3 231   25 328
    TW8816_OSD.o             998
    TW8832_Control.o         392       47      368
    TimeDelay.o              122                 4
    UART_Control.o           508        3       20
    WL9F_Monitor_APP.o     3 072             2 822
    flash_if.o               240
    main.o                    52
    misc.o                   336
    startup_stm32f4xx.o      772
    stm324xg_eval.o          226        2       12
    stm32f4xx_adc.o        1 412
    stm32f4xx_can.o        1 624
    stm32f4xx_dma.o        2 020
    stm32f4xx_flash.o        716
    stm32f4xx_gpio.o       1 552
    stm32f4xx_it.o         1 964               868
    stm32f4xx_rcc.o          756        2       16
    stm32f4xx_tim.o        1 572
    stm32f4xx_usart.o      1 448
    system_stm32f4xx.o       240        2       20
    ----------------------------------------------
    Total:                39 906    6 539   62 925

command line: [3]
    ----------------------------------------------
    Total:

dl7M_tlf.a: [4]
    abort.o                    6
    exit.o                     4
    low_level_init.o           4
    rand.o                   224       18      140
    xtls.o                     2
    ----------------------------------------------
    Total:                   240       18      140

m7M_tlv.a: [5]
    fpinit_M.o                26
    ----------------------------------------------
    Total:                    26

rt7M_tl.a: [6]
    ABImemclr.o                6
    ABImemclr4.o               6
    ABImemcpy.o              118
    ABImemset.o              102
    ABImemset48.o             58
    cexit.o                   10
    cmain.o                   22
    cstartup_M.o              12
    data_init.o               40
    lz77_init.o              420
    memcmp.o                  98
    zero_init3.o              34
    ----------------------------------------------
    Total:                   926

shb_l.a: [7]
    exit.o                    20
    ----------------------------------------------
    Total:                    20

    Gaps                      20        2        1
    Linker created                     44    2 048
--------------------------------------------------
    Grand Total:          41 618    6 683   65 118


*******************************************************************************
*** ENTRY LIST
***

Entry                      Address    Size  Type      Object
-----                      -------    ----  ----      ------
?main                   0x0800e14d          Code  Gb  cmain.o [6]
ACK_NACK_SendToExynos   0x0800a33d    0x1e  Code  Gb  M25PXX.o [2]
ADC3ConvertedValue      0x2000f64a     0x2  Data  Gb  Hardware_Version.o [2]
ADC_Cmd                 0x0800daff    0x4c  Code  Gb  stm32f4xx_adc.o [2]
ADC_CommonInit          0x0800d9e7   0x118  Code  Gb  stm32f4xx_adc.o [2]
ADC_Configuration       0x0800ab11    0x68  Code  Gb  Hardware_Version.o [2]
ADC_DeInit              0x0800d865    0x1a  Code  Gb  stm32f4xx_adc.o [2]
ADC_GetConversionValue  0x0800dcc3    0x2c  Code  Gb  stm32f4xx_adc.o [2]
ADC_GetFlagStatus       0x0800dd05    0x54  Code  Gb  stm32f4xx_adc.o [2]
ADC_IRQHandler          0x0800e211          Code  Wk  startup_stm32f4xx.o [2]
ADC_Init                0x0800d87f   0x168  Code  Gb  stm32f4xx_adc.o [2]
ADC_RegularChannelConfig
                        0x0800db4b   0x148  Code  Gb  stm32f4xx_adc.o [2]
ADC_SoftwareStartConv   0x0800dc93    0x30  Code  Gb  stm32f4xx_adc.o [2]
AHBPrescTable           0x2000c890    0x10  Data  Gb  system_stm32f4xx.o [2]
APBAHBPrescTable        0x2000c8a4    0x10  Data  Lc  stm32f4xx_rcc.o [2]
Attachment_Lock_flag    0x2000f61f     0x1  Data  Gb  LAMP_Control.o [2]
Attachment_Unlock_flag  0x2000f61e     0x1  Data  Gb  LAMP_Control.o [2]
AuthResult              0x2000f540     0x1  Data  Gb  WL9F_Monitor_APP.o [2]
AutoRide_Control_flag   0x2000f61d     0x1  Data  Gb  LAMP_Control.o [2]
BusFault_Handler        0x0800bbdf     0x2  Code  Gb  stm32f4xx_it.o [2]
Buz1                    0x2000f65e     0x1  Data  Gb  stm32f4xx_it.o [2]
Buzzer_Init             0x08008309    0x68  Code  Gb  Buzzer.o [2]
Buzzer_Off              0x08008383     0xa  Code  Gb  Buzzer.o [2]
Buzzer_On               0x08008371     0xa  Code  Gb  Buzzer.o [2]
Buzzer_SendCnt          0x2000f4d2     0x1  Data  Gb  Buzzer.o [2]
Buzzer_SendFlag         0x2000f4d3     0x1  Data  Gb  Buzzer.o [2]
Buzzer_UnLimitOff       0x0800838d     0x8  Code  Gb  Buzzer.o [2]
Buzzer_UnLimitOn        0x0800837b     0x8  Code  Gb  Buzzer.o [2]
CAN1_RX0_IRQHandler     0x0800bc7d   0x132  Code  Gb  stm32f4xx_it.o [2]
CAN1_RX1_IRQHandler     0x0800e21d          Code  Wk  startup_stm32f4xx.o [2]
CAN1_SCE_IRQHandler     0x0800e221          Code  Wk  startup_stm32f4xx.o [2]
CAN1_TX_IRQHandler      0x0800e215          Code  Wk  startup_stm32f4xx.o [2]
CAN2_RX0_IRQHandler     0x0800e2c9          Code  Wk  startup_stm32f4xx.o [2]
CAN2_RX1_IRQHandler     0x0800e2cd          Code  Wk  startup_stm32f4xx.o [2]
CAN2_SCE_IRQHandler     0x0800e2d1          Code  Wk  startup_stm32f4xx.o [2]
CAN2_TX_IRQHandler      0x0800e2c5          Code  Wk  startup_stm32f4xx.o [2]
CANUpdateFlag           0x2000edeb     0x1  Data  Gb  stm32f4xx_it.o [2]
CANUpdateSA             0x2000edec     0x1  Data  Gb  stm32f4xx_it.o [2]
CAN_COMInit             0x08009811    0xb4  Code  Gb  CAN_Control.o [2]
CAN_DeInit              0x08008c0d    0x46  Code  Gb  stm32f4xx_can.o [2]
CAN_FilterInit          0x08008e1d   0x11a  Code  Gb  stm32f4xx_can.o [2]
CAN_ITConfig            0x08009141    0x94  Code  Gb  stm32f4xx_can.o [2]
CAN_Init                0x08008c53   0x1ca  Code  Gb  stm32f4xx_can.o [2]
CAN_Message_Ring_Buffer_Rx_Single
                        0x2000c8c8  0x10f4  Data  Gb  CAN_Control.o [2]
CAN_Message_Ring_Buffer_Tx_Single
                        0x2000d9bc   0xbf8  Data  Gb  CAN_Control.o [2]
CAN_RX                  0x08009c0b    0xd4  Code  Gb  CAN_Control.o [2]
CAN_Receive             0x0800908f    0xb2  Code  Gb  stm32f4xx_can.o [2]
CAN_StructInit          0x08008f37    0x20  Code  Gb  stm32f4xx_can.o [2]
CAN_TX                  0x08009b6f    0x9c  Code  Gb  CAN_Control.o [2]
CAN_TX_Key_Status       0x08009df5    0x76  Code  Gb  CAN_Control.o [2]
CAN_Transmit            0x08008f57   0x138  Code  Gb  stm32f4xx_can.o [2]
CMD_ACK_SendToExynos    0x0800a35b    0x16  Code  Gb  M25PXX.o [2]
COM_RX_AF               0x080071a8     0x2  Data  Gb  stm324xg_eval.o [2]
COM_RX_PIN              0x08007198     0x2  Data  Gb  stm324xg_eval.o [2]
COM_RX_PIN_SOURCE       0x080071a0     0x2  Data  Gb  stm324xg_eval.o [2]
COM_RX_PORT             0x2000c8bc     0x4  Data  Gb  stm324xg_eval.o [2]
COM_RX_PORT_CLK         0x08007190     0x4  Data  Gb  stm324xg_eval.o [2]
COM_TX_AF               0x080071a4     0x2  Data  Gb  stm324xg_eval.o [2]
COM_TX_PIN              0x08007194     0x2  Data  Gb  stm324xg_eval.o [2]
COM_TX_PIN_SOURCE       0x0800719c     0x2  Data  Gb  stm324xg_eval.o [2]
COM_TX_PORT             0x2000c8b8     0x4  Data  Gb  stm324xg_eval.o [2]
COM_TX_PORT_CLK         0x0800718c     0x4  Data  Gb  stm324xg_eval.o [2]
COM_USART               0x2000c8b4     0x4  Data  Gb  stm324xg_eval.o [2]
CPU_OK                  0x0800bb6f    0x1c  Code  Gb  stm32f4xx_it.o [2]
CRYP_IRQHandler         0x0800e305          Code  Wk  startup_stm32f4xx.o [2]
CSTACK$$Base            0x2000f660           --   Gb  - Linker created -
CSTACK$$Limit           0x2000fe60           --   Gb  - Linker created -
CameraCommFlag          0x2000f54f     0x1  Data  Gb  WL9F_Monitor_APP.o [2]
CameraMode              0x08006eab    0x10  Code  Gb  WL9F_Monitor_APP.o [2]
Camera_CheckCnt         0x2000f5f3     0x1  Data  Gb  LCD_Control.o [2]
Camera_CheckFlag        0x2000c8c5     0x1  Data  Gb  LCD_Control.o [2]
Camera_IO_Init          0x0800b62f    0xe6  Code  Gb  System_Init.o [2]
Camera_Mode             0x2000c8c4     0x1  Data  Gb  LCD_Control.o [2]
CanRecvCnt              0x2000f65c     0x1  Data  Gb  stm32f4xx_it.o [2]
Change_UART4_for_Download
                        0x2000ad2c     0x1  Data  Gb  M25PXX.o [2]
CheckCamera_Input       0x08006ebb    0x10  Code  Gb  WL9F_Monitor_APP.o [2]
CheckResponseAuthentication
                        0x08006af1    0x5a  Code  Gb  WL9F_Monitor_APP.o [2]
CheckResponseMsgComm    0x08006b4b    0xaa  Code  Gb  WL9F_Monitor_APP.o [2]
Check_Hardware_Revision
                        0x0800ab79    0x46  Code  Gb  Hardware_Version.o [2]
ClearCheckCamera        0x08004aa5    0x84  Code  Gb  TW2835_Control.o [2]
CommErrCnt              0x2000edf4     0x2  Data  Gb  stm32f4xx_it.o [2]
CompareAsterisk         0x2000f324     0x1  Data  Gb  CAN_Control.o [2]
Crc16Table              0x0800a460   0x200  Data  Gb  M25PXX.o [2]
DCMI_IRQHandler         0x0800e301          Code  Wk  startup_stm32f4xx.o [2]
DMA1_Stream0_IRQHandler
                        0x0800e1f5          Code  Wk  startup_stm32f4xx.o [2]
DMA1_Stream1_IRQHandler
                        0x0800e1f9          Code  Wk  startup_stm32f4xx.o [2]
DMA1_Stream2_IRQHandler
                        0x0800e1fd          Code  Wk  startup_stm32f4xx.o [2]
DMA1_Stream3_IRQHandler
                        0x0800e201          Code  Wk  startup_stm32f4xx.o [2]
DMA1_Stream4_IRQHandler
                        0x0800e205          Code  Wk  startup_stm32f4xx.o [2]
DMA1_Stream5_IRQHandler
                        0x0800e209          Code  Wk  startup_stm32f4xx.o [2]
DMA1_Stream6_IRQHandler
                        0x0800e20d          Code  Wk  startup_stm32f4xx.o [2]
DMA1_Stream7_IRQHandler
                        0x0800e285          Code  Wk  startup_stm32f4xx.o [2]
DMA2_Stream0_IRQHandler
                        0x0800e2a9          Code  Wk  startup_stm32f4xx.o [2]
DMA2_Stream1_IRQHandler
                        0x0800e2ad          Code  Wk  startup_stm32f4xx.o [2]
DMA2_Stream2_IRQHandler
                        0x0800e2b1          Code  Wk  startup_stm32f4xx.o [2]
DMA2_Stream3_IRQHandler
                        0x0800e2b5          Code  Wk  startup_stm32f4xx.o [2]
DMA2_Stream4_IRQHandler
                        0x0800e2b9          Code  Wk  startup_stm32f4xx.o [2]
DMA2_Stream5_IRQHandler
                        0x0800e2d9          Code  Wk  startup_stm32f4xx.o [2]
DMA2_Stream6_IRQHandler
                        0x0800e2dd          Code  Wk  startup_stm32f4xx.o [2]
DMA2_Stream7_IRQHandler
                        0x0800e2e1          Code  Wk  startup_stm32f4xx.o [2]
DMA_ClearFlag           0x0800ccc5    0xb8  Code  Gb  stm32f4xx_dma.o [2]
DMA_Cmd                 0x0800cb47    0xb6  Code  Gb  stm32f4xx_dma.o [2]
DMA_DeInit              0x0800c739   0x1ba  Code  Gb  stm32f4xx_dma.o [2]
DMA_GetCurrDataCounter  0x0800cbfd    0x74  Code  Gb  stm32f4xx_dma.o [2]
DMA_ITConfig            0x0800cd81    0xca  Code  Gb  stm32f4xx_dma.o [2]
DMA_Init                0x0800c8f3   0x254  Code  Gb  stm32f4xx_dma.o [2]
DMA_UART_SendFrame      0x08007ddf    0x3c  Code  Gb  UART_Control.o [2]
DebugMon_Handler        0x0800bbe5     0x2  Code  Gb  stm32f4xx_it.o [2]
DebugUART_Init          0x0800649f    0x28  Code  Gb  main.o [2]
DownloadUDFont          0x0800aa69    0x7c  Code  Gb  TW8816_Control.o [2]
E2PROM_Save             0x2000f547     0x1  Data  Gb  WL9F_Monitor_APP.o [2]
EEPROM_ByteRead         0x08007851    0x50  Code  Gb  FM31X4.o [2]
EEPROM_ByteWrite        0x080077f5    0x5c  Code  Gb  FM31X4.o [2]
EEPROM_PortChange       0x080077b7    0x3e  Code  Gb  FM31X4.o [2]
EEPROM_Read             0x0800790b    0x7e  Code  Gb  FM31X4.o [2]
EEPROM_Write            0x080078af    0x5c  Code  Gb  FM31X4.o [2]
ESL_ACK_received        0x2000f53e     0x1  Data  Gb  WL9F_Monitor_APP.o [2]
ESL_CTS_received        0x2000f53d     0x1  Data  Gb  WL9F_Monitor_APP.o [2]
ESL_System              0x08006d91    0x42  Code  Gb  WL9F_Monitor_APP.o [2]
ETH_IRQHandler          0x0800e2bd          Code  Wk  startup_stm32f4xx.o [2]
ETH_WKUP_IRQHandler     0x0800e2c1          Code  Wk  startup_stm32f4xx.o [2]
EXTI0_IRQHandler        0x0800e1e1          Code  Wk  startup_stm32f4xx.o [2]
EXTI15_10_IRQHandler    0x0800e269          Code  Wk  startup_stm32f4xx.o [2]
EXTI1_IRQHandler        0x0800e1e5          Code  Wk  startup_stm32f4xx.o [2]
EXTI2_IRQHandler        0x0800e1e9          Code  Wk  startup_stm32f4xx.o [2]
EXTI3_IRQHandler        0x0800e1ed          Code  Wk  startup_stm32f4xx.o [2]
EXTI4_IRQHandler        0x0800e1f1          Code  Wk  startup_stm32f4xx.o [2]
EXTI9_5_IRQHandler      0x0800e225          Code  Wk  startup_stm32f4xx.o [2]
FLASH_ClearFlag         0x080081df    0x1e  Code  Gb  stm32f4xx_flash.o [2]
FLASH_EraseSector       0x08008063    0xb8  Code  Gb  stm32f4xx_flash.o [2]
FLASH_IRQHandler        0x0800e1d9          Code  Wk  startup_stm32f4xx.o [2]
FLASH_If_Init           0x08007f4d    0x10  Code  Gb  flash_if.o [2]
FLASH_If_SMK_Erase      0x08007f5d    0x18  Code  Gb  flash_if.o [2]
FLASH_Lock              0x08008055     0xe  Code  Gb  stm32f4xx_flash.o [2]
FLASH_ProgramByte       0x0800811b    0xc4  Code  Gb  stm32f4xx_flash.o [2]
FLASH_Unlock            0x0800803d    0x18  Code  Gb  stm32f4xx_flash.o [2]
FLASH_WaitForLastOperation
                        0x080081fd    0x74  Code  Gb  stm32f4xx_flash.o [2]
FM3164_Watchdog_Init    0x08007989    0x6c  Code  Gb  FM31X4.o [2]
FPU_IRQHandler          0x0800e30d          Code  Wk  startup_stm32f4xx.o [2]
FSMC_IRQHandler         0x0800e289          Code  Wk  startup_stm32f4xx.o [2]
FatoryInit_Flag         0x2000edea     0x1  Data  Gb  stm32f4xx_it.o [2]
FeistelFun              0x0800967d    0x3a  Code  Gb  endecoder.o [1]
File_Write_to_SFLAH     0x0800a381    0x72  Code  Gb  M25PXX.o [2]
Flag_ESL                0x2000f53a     0x1  Data  Gb  WL9F_Monitor_APP.o [2]
Flag_SerialRxMsg        0x2000f32c     0x4  Data  Gb  CAN_Control.o [2]
Flag_St_Update          0x2000ad2d     0x1  Data  Gb  M25PXX.o [2]
Flag_TxE2pRomData       0x2000f65d     0x1  Data  Gb  stm32f4xx_it.o [2]
Flag_UartTxStart        0x2000f544     0x1  Data  Gb  WL9F_Monitor_APP.o [2]
GPIO_Configuration      0x0800acd1   0x456  Code  Gb  System_Init.o [2]
GPIO_Configuration_NotUsed
                        0x0800b127   0x436  Code  Gb  System_Init.o [2]
GPIO_Init               0x08005e85   0x142  Code  Gb  stm32f4xx_gpio.o [2]
GPIO_PinAFConfig        0x080062f9    0xfc  Code  Gb  stm32f4xx_gpio.o [2]
GPIO_ReadInputData      0x08006089    0x5c  Code  Gb  stm32f4xx_gpio.o [2]
GPIO_ReadInputDataBit   0x08005fc7    0xc2  Code  Gb  stm32f4xx_gpio.o [2]
GPIO_ReadOutputData     0x080060e5    0x5c  Code  Gb  stm32f4xx_gpio.o [2]
GPIO_ResetBits          0x08006199    0x58  Code  Gb  stm32f4xx_gpio.o [2]
GPIO_SetBits            0x08006141    0x58  Code  Gb  stm32f4xx_gpio.o [2]
GPIO_Write              0x080062af    0x4a  Code  Gb  stm32f4xx_gpio.o [2]
GPIO_WriteBit           0x080061f1    0xbe  Code  Gb  stm32f4xx_gpio.o [2]
GetRandValue            0x08006957    0x26  Code  Gb  WL9F_Monitor_APP.o [2]
GetSector               0x08007f75    0x9c  Code  Lc  flash_if.o [2]
HASH_RNG_IRQHandler     0x0800e309          Code  Wk  startup_stm32f4xx.o [2]
HardFault_Handler       0x0800bbdb     0x2  Code  Gb  stm32f4xx_it.o [2]
Hardware_Revision       0x2000f648     0x1  Data  Gb  Hardware_Version.o [2]
Hardware_Version_Init   0x0800abc9     0xc  Code  Gb  Hardware_Version.o [2]
I2C1_ER_IRQHandler      0x0800e249          Code  Wk  startup_stm32f4xx.o [2]
I2C1_EV_IRQHandler      0x0800e245          Code  Wk  startup_stm32f4xx.o [2]
I2C2DeviceInitialize    0x0800d829    0x22  Code  Gb  TW8832_Control.o [2]
I2C2DeviceInitialize_8816
                        0x0800a935    0x20  Code  Gb  TW8816_Control.o [2]
I2C2_ByteRead_8816      0x0800a82b   0x106  Code  Gb  TW8816_Control.o [2]
I2C2_ByteWrite          0x0800d79b    0x8e  Code  Gb  TW8832_Control.o [2]
I2C2_ByteWrite_8816     0x0800a71f    0x8e  Code  Gb  TW8816_Control.o [2]
I2C2_ER_IRQHandler      0x0800e251          Code  Wk  startup_stm32f4xx.o [2]
I2C2_EV_IRQHandler      0x0800e24d          Code  Wk  startup_stm32f4xx.o [2]
I2C2_Read_8816          0x0800a7ad    0x7e  Code  Gb  TW8816_Control.o [2]
I2C2_Write              0x0800d71b    0x80  Code  Gb  TW8832_Control.o [2]
I2C2_Write_8816         0x0800a69f    0x80  Code  Gb  TW8816_Control.o [2]
I2C3_ER_IRQHandler      0x0800e2ed          Code  Wk  startup_stm32f4xx.o [2]
I2C3_EV_IRQHandler      0x0800e2e9          Code  Wk  startup_stm32f4xx.o [2]
Iden                    0x2000ede0     0x8  Data  Gb  stm32f4xx_it.o [2]
Identifier              0x2000f310     0x8  Data  Gb  CAN_Control.o [2]
Illumination_Sig        0x2000f4dc     0x1  Data  Gb  LAMP_Control.o [2]
InStream_Read           0x0800ddef    0x22  Code  Lc  lz77_init.o [6]
InitCVBSAll             0x2000c51c   0x170  Data  Gb  TW8832_Control.o [2]
InitCVBSAll_8816        0x2000b138   0x404  Data  Gb  TW8816_Control.o [2]
InitE2PROM              0x08006523   0x1ca  Code  Gb  WL9F_Monitor_APP.o [2]
InitOSDCol              0x08005e7d     0x4  Code  Gb  TW2835_OSD.o [2]
InitPg2                 0x08004189   0x142  Code  Gb  TW2835_Control.o [2]
Init_RTC                0x080064f1    0x32  Code  Gb  WL9F_Monitor_APP.o [2]
Init_Smart_Key_valuable
                        0x080066ed    0x32  Code  Gb  WL9F_Monitor_APP.o [2]
Input_Key_Value         0x2000c841     0x1  Data  Gb  KeySwitch.o [2]
JumpAddress_Cluster_App
                        0x2000f63c     0x4  Data  Gb  WL9F_Monitor_APP.o [2]
JumpAddress_Cluster_Iap
                        0x2000f570     0x4  Data  Gb  WL9F_Monitor_APP.o [2]
Jump_To_Application_Cluster_App
                        0x2000f638     0x4  Data  Gb  WL9F_Monitor_APP.o [2]
Jump_To_Application_Cluster_Iap
                        0x2000f56c     0x4  Data  Gb  WL9F_Monitor_APP.o [2]
KEYSWITCH_INPUT         0x08008658     0xc  Data  Gb  KeySwitch.o [2]
KEYSWITCH_INPUTPORT     0x2000c850    0x18  Data  Gb  KeySwitch.o [2]
KEYSWITCH_SCANPORT      0x2000c844     0xc  Data  Gb  KeySwitch.o [2]
KeySwitchScan           0x2000c840     0x1  Data  Gb  KeySwitch.o [2]
KeySwitchSendCount      0x2000c874     0x4  Data  Gb  KeySwitch.o [2]
KeySwitch_Init          0x080085eb    0x5c  Code  Gb  KeySwitch.o [2]
KeySwitch_Process       0x0800846f   0x17c  Code  Gb  KeySwitch.o [2]
KeySwitch_SendToEXYNOS  0x080083a5    0x3e  Code  Gb  KeySwitch.o [2]
KeySwitch_Value         0x2000f654     0x4  Data  Gb  WL9F_Monitor_APP.o [2]
Key_Status              0x2000c842     0x1  Data  Gb  KeySwitch.o [2]
LAMP_Control_Init       0x08009413    0x30  Code  Gb  LAMP_Control.o [2]
LAMP_Update_Data        0x2000f564     0x4  Data  Gb  WL9F_Monitor_APP.o [2]
LCDBL_Init              0x080094df    0x92  Code  Gb  LCD_Control.o [2]
LCDBL_ONOFF             0x0800946b    0x14  Code  Gb  LCD_Control.o [2]
LCDBL_PWMLEVEL          0x0800961c    0x14  Data  Gb  LCD_Control.o [2]
LCDBL_PWM_CONTROL       0x0800948f    0x50  Code  Gb  LCD_Control.o [2]
LCDBL_PWM_LEVEL         0x0800947f    0x10  Code  Gb  LCD_Control.o [2]
LCDOffCount             0x2000f54c     0x1  Data  Gb  WL9F_Monitor_APP.o [2]
LCD_Control_Init        0x080095d9    0x26  Code  Gb  LCD_Control.o [2]
LCD_Display_Change      0x08009571    0x48  Code  Gb  LCD_Control.o [2]
LCD_POWER_ONOFF         0x08009461     0xa  Code  Gb  LCD_Control.o [2]
LED_POWER_ONOFF         0x08009455     0xc  Code  Gb  LCD_Control.o [2]
Lamp_Update_State       0x080092f9   0x11a  Code  Gb  LAMP_Control.o [2]
Lamp_Update_System      0x08009265    0x94  Code  Gb  LAMP_Control.o [2]
Lamp_Value              0x2000f5f2     0x1  Data  Gb  LAMP_Control.o [2]
Lamp_name               0x2000f5f1     0x1  Data  Gb  LAMP_Control.o [2]
Led_BL_TEMP             0x2000f508    0x28  Data  Gb  LAMP_Control.o [2]
Led_SIG_TEMP            0x2000f4e0    0x28  Data  Gb  LAMP_Control.o [2]
LoadTestToEEPROM        0x08006781     0x6  Code  Gb  WL9F_Monitor_APP.o [2]
M25P32_Init             0x0800a1b1    0x2a  Code  Gb  M25PXX.o [2]
MakeCrc16               0x0800a18b    0x26  Code  Gb  M25PXX.o [2]
Make_Key_Status         0x080083e3    0x52  Code  Gb  KeySwitch.o [2]
MemManage_Handler       0x0800bbdd     0x2  Code  Gb  stm32f4xx_it.o [2]
MoniInfoData            0x2000f594    0x18  Data  Gb  WL9F_Monitor_APP.o [2]
MonitorStatus_CAN_TX    0x08009cdf    0x48  Code  Gb  CAN_Control.o [2]
NMI_Handler             0x0800bbd9     0x2  Code  Gb  stm32f4xx_it.o [2]
NOP                     0x080077b5     0x2  Code  Gb  FM31X4.o [2]
NVIC_Init               0x0800c5e9    0x8c  Code  Gb  misc.o [2]
NVIC_SetVectorTable     0x0800c675    0x38  Code  Gb  misc.o [2]
OSUpdateCount           0x2000f560     0x2  Data  Gb  WL9F_Monitor_APP.o [2]
OTG_FS_IRQHandler       0x0800e2d5          Code  Wk  startup_stm32f4xx.o [2]
OTG_FS_WKUP_IRQHandler  0x0800e271          Code  Wk  startup_stm32f4xx.o [2]
OTG_HS_EP1_IN_IRQHandler
                        0x0800e2f5          Code  Wk  startup_stm32f4xx.o [2]
OTG_HS_EP1_OUT_IRQHandler
                        0x0800e2f1          Code  Wk  startup_stm32f4xx.o [2]
OTG_HS_IRQHandler       0x0800e2fd          Code  Wk  startup_stm32f4xx.o [2]
OTG_HS_WKUP_IRQHandler  0x0800e2f9          Code  Wk  startup_stm32f4xx.o [2]
Old_LAMP_Update_Data    0x2000f658     0x4  Data  Gb  WL9F_Monitor_APP.o [2]
OutStream_Write         0x0800de11    0x40  Code  Lc  lz77_init.o [6]
PCA2119_BIT_READ        0x08007695    0x3e  Code  Gb  RTC.o [2]
PCA2119_BIT_WRITE       0x0800764f    0x46  Code  Gb  RTC.o [2]
PCA2119_BYTE_READ       0x08007709    0x52  Code  Gb  RTC.o [2]
PCA2119_BYTE_WRITE      0x080076dd    0x2c  Code  Gb  RTC.o [2]
PCA2119_START           0x080075c3    0x52  Code  Gb  RTC.o [2]
PCA2119_STOP            0x08007615    0x3a  Code  Gb  RTC.o [2]
PVD_IRQHandler          0x0800e1cd          Code  Wk  startup_stm32f4xx.o [2]
Password_Certification_Result
                        0x2000f53f     0x1  Data  Gb  WL9F_Monitor_APP.o [2]
PendSV_Handler          0x0800bbe7     0x2  Code  Gb  stm32f4xx_it.o [2]
Port_Change             0x08004a6b    0x3a  Code  Gb  TW2835_Control.o [2]
PwrOffCnt               0x2000f548     0x1  Data  Gb  WL9F_Monitor_APP.o [2]
RCC_AHB1PeriphClockCmd  0x0800c39d    0x44  Code  Gb  stm32f4xx_rcc.o [2]
RCC_AHB3PeriphClockCmd  0x0800c3e1    0x42  Code  Gb  stm32f4xx_rcc.o [2]
RCC_APB1PeriphClockCmd  0x0800c423    0x44  Code  Gb  stm32f4xx_rcc.o [2]
RCC_APB1PeriphResetCmd  0x0800c4ab    0x44  Code  Gb  stm32f4xx_rcc.o [2]
RCC_APB2PeriphClockCmd  0x0800c467    0x44  Code  Gb  stm32f4xx_rcc.o [2]
RCC_APB2PeriphResetCmd  0x0800c4ef    0x42  Code  Gb  stm32f4xx_rcc.o [2]
RCC_ClockSecuritySystemCmd
                        0x0800c2f1    0x1e  Code  Gb  stm32f4xx_rcc.o [2]
RCC_Configuration       0x0800abd5    0xfc  Code  Gb  System_Init.o [2]
RCC_GetClocksFreq       0x0800c30f    0x8e  Code  Gb  stm32f4xx_rcc.o [2]
RCC_IRQHandler          0x0800e1dd          Code  Wk  startup_stm32f4xx.o [2]
READ_FM31xx_RTC_Companion
                        0x08007a79    0x7a  Code  Gb  FM31X4.o [2]
READ_RTC                0x0800754d    0x76  Code  Gb  RTC.o [2]
READ_RTC_Date           0x0800731b    0x1c  Code  Gb  RTC.o [2]
READ_RTC_Day            0x0800736d    0x1e  Code  Gb  RTC.o [2]
READ_RTC_Hour           0x080073c9    0x18  Code  Gb  RTC.o [2]
READ_RTC_Minute         0x08007433    0x1e  Code  Gb  RTC.o [2]
READ_RTC_Month          0x080072b5    0x20  Code  Gb  RTC.o [2]
READ_RTC_Second         0x0800748f    0x1e  Code  Gb  RTC.o [2]
READ_RTC_Year           0x08007241    0x1e  Code  Gb  RTC.o [2]
ROMFONTDATA             0x20000000  0x5eec  Data  Gb  TW8816_Control.o [2]
RTC_Alarm_IRQHandler    0x0800e26d          Code  Wk  startup_stm32f4xx.o [2]
RTC_PortChange          0x080071cd    0x34  Code  Gb  RTC.o [2]
RTC_WKUP_IRQHandler     0x0800e1d5          Code  Wk  startup_stm32f4xx.o [2]
ReadAsicByte            0x08004849   0x120  Code  Gb  TW2835_Control.o [2]
ReadAsicOSDMemWr        0x08004969   0x102  Code  Gb  TW2835_Control.o [2]
Read_File_From_SFLAH    0x0800a3f3    0x5e  Code  Gb  M25PXX.o [2]
Rear_wiper_Key_Status   0x2000c878     0x4  Data  Gb  KeySwitch.o [2]
RecvMachInfo            0x2000f322     0x1  Data  Gb  CAN_Control.o [2]
Region$$Table$$Base     0x0800e104           --   Gb  - Linker created -
Region$$Table$$Limit    0x0800e130           --   Gb  - Linker created -
Register_Table_Page0    0x2000c31c   0x100  Data  Gb  TW2835_Control.o [2]
Register_Table_Page1    0x2000c41c   0x100  Data  Gb  TW2835_Control.o [2]
RequestFirstAuthentication
                        0x0800697d    0x80  Code  Gb  WL9F_Monitor_APP.o [2]
RequestSMKElimination   0x08006a81    0x26  Code  Gb  WL9F_Monitor_APP.o [2]
RequestSMKRegistration  0x08006a57    0x2a  Code  Gb  WL9F_Monitor_APP.o [2]
RequestSecondAuthentication
                        0x080069fd    0x5a  Code  Gb  WL9F_Monitor_APP.o [2]
Reset_Handler           0x0800e189          Code  Wk  startup_stm32f4xx.o [2]
Ride_Control_flag       0x2000f61c     0x1  Data  Gb  LAMP_Control.o [2]
RxMsg                   0x2000edcc    0x14  Data  Gb  stm32f4xx_it.o [2]
SDIO_IRQHandler         0x0800e28d          Code  Wk  startup_stm32f4xx.o [2]
SMKSuccess              0x2000f541     0x1  Data  Gb  WL9F_Monitor_APP.o [2]
SMK_Msg_Send            0x2000f542     0x1  Data  Gb  WL9F_Monitor_APP.o [2]
SMK_SendToExynos        0x08008435    0x2c  Code  Gb  KeySwitch.o [2]
SMK_Tag_Count           0x2000f543     0x1  Data  Gb  WL9F_Monitor_APP.o [2]
SPI1_IRQHandler         0x0800e255          Code  Wk  startup_stm32f4xx.o [2]
SPI2_IRQHandler         0x0800e259          Code  Wk  startup_stm32f4xx.o [2]
SPI3_IRQHandler         0x0800e295          Code  Wk  startup_stm32f4xx.o [2]
SPI_FLASH_BufferRead    0x0800a0bd    0x4a  Code  Gb  M25PXX.o [2]
SPI_FLASH_BulkErase     0x08009fcd    0x40  Code  Gb  M25PXX.o [2]
SPI_FLASH_PageWrite     0x0800a00d    0xb0  Code  Gb  M25PXX.o [2]
SPI_FLASH_SectorErase   0x08009f75    0x58  Code  Gb  M25PXX.o [2]
SPI_FLASH_WaitForWriteEnd
                        0x0800a15f    0x1e  Code  Gb  M25PXX.o [2]
SPI_Transfer            0x0800a107    0x58  Code  Gb  M25PXX.o [2]
STM32_Update            0x0800a1db   0x162  Code  Gb  M25PXX.o [2]
STM_EVAL_COMInit        0x080070c9    0xbe  Code  Gb  stm324xg_eval.o [2]
ST_Update               0x2000f54a     0x1  Data  Gb  WL9F_Monitor_APP.o [2]
SVC_Handler             0x0800bbe3     0x2  Code  Gb  stm32f4xx_it.o [2]
SaveE2PROM1             0x2000f5f4     0x4  Data  Gb  WL9F_Monitor_APP.o [2]
SaveE2PROM2             0x2000f5f8     0x4  Data  Gb  WL9F_Monitor_APP.o [2]
SaveE2PROM3             0x2000f5fc     0x4  Data  Gb  WL9F_Monitor_APP.o [2]
SaveE2PROMoniInfo       0x2000f600     0x4  Data  Gb  WL9F_Monitor_APP.o [2]
SaveSMKUseToEEPROM      0x08006771     0x8  Code  Gb  WL9F_Monitor_APP.o [2]
SaveSmartKeyUse         0x2000f54e     0x1  Data  Gb  WL9F_Monitor_APP.o [2]
SaveTestToEEPROM        0x08006779     0x8  Code  Gb  WL9F_Monitor_APP.o [2]
Seed_Request_CAN_TX     0x08009d2d    0x50  Code  Gb  CAN_Control.o [2]
Seed_received           0x2000f53c     0x1  Data  Gb  WL9F_Monitor_APP.o [2]
Seed_request            0x2000f53b     0x1  Data  Gb  WL9F_Monitor_APP.o [2]
SendEEPROMDataCnt       0x2000f5dc     0x1  Data  Gb  stm32f4xx_it.o [2]
SendMultiPacketData_ESL
                        0x08009e6b    0xaa  Code  Gb  CAN_Control.o [2]
SendMultiPacketRTS_ESL  0x08009d7d    0x78  Code  Gb  CAN_Control.o [2]
SendRTCnt               0x2000f545     0x1  Data  Gb  WL9F_Monitor_APP.o [2]
SendSMKAuthResult       0x080068c3    0x12  Code  Gb  WL9F_Monitor_APP.o [2]
SendSMKMsgResult        0x080068db    0x1c  Code  Gb  WL9F_Monitor_APP.o [2]
SendTime_E2PROM         0x2000f5b0     0x1  Data  Gb  WL9F_Monitor_APP.o [2]
SendTo_E2PROM           0x0800bb8b    0x3c  Code  Gb  stm32f4xx_it.o [2]
SerialMsgRTC            0x2000f604    0x10  Data  Gb  WL9F_Monitor_APP.o [2]
SerialTXIndex           0x2000f640     0x8  Data  Gb  stm32f4xx_it.o [2]
Serial_BaudRate         0x08007e74    0x14  Data  Gb  UART_Control.o [2]
Serial_IRQ_Channel      0x08007e88     0xc  Data  Gb  UART_Control.o [2]
Serial_USART            0x2000c87c    0x14  Data  Gb  UART_Control.o [2]
SetDisplayCH1           0x0800b77f    0x5e  Code  Gb  TW8816_OSD.o [2]
SetDisplayCH2           0x0800b7dd    0x5e  Code  Gb  TW8816_OSD.o [2]
SetDisplayCH3           0x0800b83b    0x5e  Code  Gb  TW8816_OSD.o [2]
SetDisplayCH4           0x0800b899    0x5e  Code  Gb  TW8816_OSD.o [2]
SetDisplayNosignal      0x0800b8f7   0x11e  Code  Gb  TW8816_OSD.o [2]
SetDisplayNosignalBlank
                        0x0800ba15   0x114  Code  Gb  TW8816_OSD.o [2]
SetFontOSDWindow        0x0800b75d    0x22  Code  Gb  TW8816_OSD.o [2]
SetOSDCol               0x08005e35    0x48  Code  Gb  TW2835_OSD.o [2]
SetTagCmd               0x0800691b    0x1c  Code  Gb  WL9F_Monitor_APP.o [2]
SetTagLevel             0x080068f7    0x24  Code  Gb  WL9F_Monitor_APP.o [2]
SetVMC                  0x08006943    0x14  Code  Gb  WL9F_Monitor_APP.o [2]
SmartKeyAuthentication  0x08006c01   0x190  Code  Gb  WL9F_Monitor_APP.o [2]
SmartKeyUse             0x2000f54d     0x1  Data  Gb  WL9F_Monitor_APP.o [2]
Software_Reset_Application
                        0x080064c9    0x10  Code  Gb  WL9F_Monitor_APP.o [2]
Software_Reset_BootLoader
                        0x080064d9     0xe  Code  Gb  WL9F_Monitor_APP.o [2]
Stm32_Update_CMD        0x2000ede9     0x1  Data  Gb  stm32f4xx_it.o [2]
SysTick_Handler         0x0800bbe9    0x94  Code  Gb  stm32f4xx_it.o [2]
SystemCoreClock         0x2000c8a0     0x4  Data  Gb  system_stm32f4xx.o [2]
SystemInit              0x0800dfad    0xcc  Code  Gb  system_stm32f4xx.o [2]
SystemReset             0x2000f546     0x1  Data  Gb  WL9F_Monitor_APP.o [2]
System_CheckPowerIG     0x08006787   0x13c  Code  Gb  WL9F_Monitor_APP.o [2]
System_Configuration    0x0800b55d    0x1a  Code  Gb  System_Init.o [2]
System_Initialize       0x0800b577    0x70  Code  Gb  System_Init.o [2]
System_Variable_Init    0x0800b5e7    0x48  Code  Gb  System_Init.o [2]
TAMP_STAMP_IRQHandler   0x0800e1d1          Code  Wk  startup_stm32f4xx.o [2]
TIM1_BRK_TIM9_IRQHandler
                        0x0800e229          Code  Wk  startup_stm32f4xx.o [2]
TIM1_CC_IRQHandler      0x0800e235          Code  Wk  startup_stm32f4xx.o [2]
TIM1_TRG_COM_TIM11_IRQHandler
                        0x0800e231          Code  Wk  startup_stm32f4xx.o [2]
TIM1_UP_TIM10_IRQHandler
                        0x0800e22d          Code  Wk  startup_stm32f4xx.o [2]
TIM2_IRQHandler         0x0800e239          Code  Wk  startup_stm32f4xx.o [2]
TIM3_IRQHandler         0x0800e23d          Code  Wk  startup_stm32f4xx.o [2]
TIM4_IRQHandler         0x0800bdaf    0x56  Code  Gb  stm32f4xx_it.o [2]
TIM5_IRQHandler         0x0800be05    0x14  Code  Gb  stm32f4xx_it.o [2]
TIM6_DAC_IRQHandler     0x0800e2a1          Code  Wk  startup_stm32f4xx.o [2]
TIM7_IRQHandler         0x0800e2a5          Code  Wk  startup_stm32f4xx.o [2]
TIM8_BRK_TIM12_IRQHandler
                        0x0800e275          Code  Wk  startup_stm32f4xx.o [2]
TIM8_CC_IRQHandler      0x0800e281          Code  Wk  startup_stm32f4xx.o [2]
TIM8_TRG_COM_TIM14_IRQHandler
                        0x0800e27d          Code  Wk  startup_stm32f4xx.o [2]
TIM8_UP_TIM13_IRQHandler
                        0x0800e279          Code  Wk  startup_stm32f4xx.o [2]
TIM_ClearITPendingBit   0x0800d481    0x7e  Code  Gb  stm32f4xx_tim.o [2]
TIM_Cmd                 0x0800d0f5    0xa6  Code  Gb  stm32f4xx_tim.o [2]
TIM_CtrlPWMOutputs      0x0800d369    0x42  Code  Gb  stm32f4xx_tim.o [2]
TIM_ITConfig            0x0800d3b1    0xa2  Code  Gb  stm32f4xx_tim.o [2]
TIM_OC1Init             0x0800d1a1   0x18a  Code  Gb  stm32f4xx_tim.o [2]
TIM_TimeBaseInit        0x0800cf95   0x12a  Code  Gb  stm32f4xx_tim.o [2]
TW2835_CameraMode       0x08004cdd   0xcfe  Code  Gb  TW2835_Control.o [2]
TW2835_CheckCamera_Input
                        0x08004b29   0x1a4  Code  Gb  TW2835_Control.o [2]
TW2835_Control_Init     0x080059db    0x30  Code  Gb  TW2835_Control.o [2]
TW8816_CameraMode       0x0800a979    0xe0  Code  Gb  TW8816_Control.o [2]
TW8816_CheckCamera_Input
                        0x0800a955    0x24  Code  Gb  TW8816_Control.o [2]
TW8816_PortChange       0x0800a661    0x3e  Code  Gb  TW8816_Control.o [2]
TW8832_Control_Init     0x0800d853     0x2  Code  Gb  TW8832_Control.o [2]
TW8832_PortChange       0x0800d6dd    0x3e  Code  Gb  TW8832_Control.o [2]
Temp                    0x2000c68e     0x1  Data  Gb  TW2835_Control.o [2]
Temp_Cnt                0x2000c870     0x4  Data  Gb  KeySwitch.o [2]
Temp_Value1             0x2000c868     0x4  Data  Gb  KeySwitch.o [2]
Temp_Value3             0x2000c86c     0x4  Data  Gb  KeySwitch.o [2]
TimeDelay               0x08007b4b     0x2  Code  Gb  TimeDelay.o [2]
TimeDelay_Decrement     0x08007b3d     0xe  Code  Gb  TimeDelay.o [2]
TimeDelay_msec          0x08007b8b    0x2c  Code  Gb  TimeDelay.o [2]
TimeDelay_usec          0x08007b65    0x26  Code  Gb  TimeDelay.o [2]
TimingDelay             0x2000f64c     0x4  Data  Lc  TimeDelay.o [2]
TotMsgSize              0x2000f5de     0x2  Data  Gb  stm32f4xx_it.o [2]
TotPacketNum            0x2000edf2     0x2  Data  Gb  stm32f4xx_it.o [2]
TotalRequestCnt         0x2000f323     0x1  Data  Gb  CAN_Control.o [2]
UART4_IRQHandler        0x0800be77    0x3c  Code  Gb  stm32f4xx_it.o [2]
UART4_Receive_CMD       0x0800beb5   0x2d0  Code  Gb  stm32f4xx_it.o [2]
UART4_Receive_File      0x0800c185    0x72  Code  Gb  stm32f4xx_it.o [2]
UART4_transmit_CMD      0x0800c1f7    0x6e  Code  Gb  stm32f4xx_it.o [2]
UART5_IRQHandler        0x0800e29d          Code  Wk  startup_stm32f4xx.o [2]
USART1_IRQHandler       0x0800e25d          Code  Wk  startup_stm32f4xx.o [2]
USART2_IRQHandler       0x0800be19    0x5e  Code  Gb  stm32f4xx_it.o [2]
USART3_IRQHandler       0x0800e265          Code  Wk  startup_stm32f4xx.o [2]
USART6_IRQHandler       0x0800e2e5          Code  Wk  startup_stm32f4xx.o [2]
USART_COMInit           0x08007c99    0x7a  Code  Gb  UART_Control.o [2]
USART_COMInit_DMA       0x08007d13    0xcc  Code  Gb  UART_Control.o [2]
USART_Cmd               0x080087f3    0x68  Code  Gb  stm32f4xx_usart.o [2]
USART_DMACmd            0x08008919    0x7a  Code  Gb  stm32f4xx_usart.o [2]
USART_GetITStatus       0x08008a95    0xe2  Code  Gb  stm32f4xx_usart.o [2]
USART_ITConfig          0x0800899d    0xf8  Code  Gb  stm32f4xx_usart.o [2]
USART_Init              0x08008665   0x18e  Code  Gb  stm32f4xx_usart.o [2]
USART_ReceiveData       0x080088b7    0x48  Code  Gb  stm32f4xx_usart.o [2]
USART_SendData          0x0800885b    0x5c  Code  Gb  stm32f4xx_usart.o [2]
USARTx_EXYNOS           0x08007e1b    0x3a  Code  Gb  UART_Control.o [2]
Uart2_RxMsg_AS_Phone_Data
                        0x2000f348     0x8  Data  Gb  CAN_Control.o [2]
Uart2_RxMsg_Multi_145   0x2000f448    0x18  Data  Gb  CAN_Control.o [2]
Uart2_RxMsg_Multi_161   0x2000f388    0x10  Data  Gb  CAN_Control.o [2]
Uart2_RxMsg_Multi_23    0x2000f3e8    0x10  Data  Gb  CAN_Control.o [2]
Uart2_RxMsg_Multi_69    0x2000f368    0x18  Data  Gb  CAN_Control.o [2]
Uart2_RxMsg_Save_Data1  0x2000f338     0x8  Data  Gb  CAN_Control.o [2]
Uart2_RxMsg_Save_Data2  0x2000f340     0x8  Data  Gb  CAN_Control.o [2]
Uart2_RxMsg_Single_101  0x2000f408     0x8  Data  Gb  CAN_Control.o [2]
Uart2_RxMsg_Single_104  0x2000f410     0x8  Data  Gb  CAN_Control.o [2]
Uart2_RxMsg_Single_105  0x2000f418     0x8  Data  Gb  CAN_Control.o [2]
Uart2_RxMsg_Single_109  0x2000f420     0x8  Data  Gb  CAN_Control.o [2]
Uart2_RxMsg_Single_11   0x2000f3d0     0x8  Data  Gb  CAN_Control.o [2]
Uart2_RxMsg_Single_12   0x2000f3d8     0x8  Data  Gb  CAN_Control.o [2]
Uart2_RxMsg_Single_121  0x2000f428     0x8  Data  Gb  CAN_Control.o [2]
Uart2_RxMsg_Single_123  0x2000f430     0x8  Data  Gb  CAN_Control.o [2]
Uart2_RxMsg_Single_160  0x2000f380     0x8  Data  Gb  CAN_Control.o [2]
Uart2_RxMsg_Single_162  0x2000f318     0x8  Data  Gb  CAN_Control.o [2]
Uart2_RxMsg_Single_163  0x2000f398     0x8  Data  Gb  CAN_Control.o [2]
Uart2_RxMsg_Single_174  0x2000f3a0     0x8  Data  Gb  CAN_Control.o [2]
Uart2_RxMsg_Single_201  0x2000f438     0x8  Data  Gb  CAN_Control.o [2]
Uart2_RxMsg_Single_203  0x2000f440     0x8  Data  Gb  CAN_Control.o [2]
Uart2_RxMsg_Single_21   0x2000f3e0     0x8  Data  Gb  CAN_Control.o [2]
Uart2_RxMsg_Single_239  0x2000f3c0     0x8  Data  Gb  CAN_Control.o [2]
Uart2_RxMsg_Single_239_121
                        0x2000f3c8     0x8  Data  Gb  CAN_Control.o [2]
Uart2_RxMsg_Single_247  0x2000f460     0x8  Data  Gb  CAN_Control.o [2]
Uart2_RxMsg_Single_251  0x2000f3a8     0x8  Data  Gb  CAN_Control.o [2]
Uart2_RxMsg_Single_252  0x2000f3b0     0x8  Data  Gb  CAN_Control.o [2]
Uart2_RxMsg_Single_253  0x2000f3b8     0x8  Data  Gb  CAN_Control.o [2]
Uart2_RxMsg_Single_46   0x2000f358     0x8  Data  Gb  CAN_Control.o [2]
Uart2_RxMsg_Single_47   0x2000e5b4     0x8  Data  Gb  CAN_Control.o [2]
Uart2_RxMsg_Single_61   0x2000f3f8     0x8  Data  Gb  CAN_Control.o [2]
Uart2_RxMsg_Single_62   0x2000f400     0x8  Data  Gb  CAN_Control.o [2]
Uart2_RxMsg_Single_69   0x2000f360     0x8  Data  Gb  CAN_Control.o [2]
Uart2_RxMsg_Smk_Reg_Eli
                        0x2000f350     0x8  Data  Gb  CAN_Control.o [2]
Uart2_SerialRxCnt       0x2000f5f0     0x1  Data  Gb  stm32f4xx_it.o [2]
Uart2_SerialRxMsg       0x2000f5e0    0x10  Data  Gb  stm32f4xx_it.o [2]
Uart2_SerialTxCnt       0x2000ede8     0x1  Data  Gb  stm32f4xx_it.o [2]
Uart2_SerialTxMsg       0x2000f5c8    0x14  Data  Gb  stm32f4xx_it.o [2]
UpdateMode              0x2000f54b     0x1  Data  Gb  WL9F_Monitor_APP.o [2]
UsageFault_Handler      0x0800bbe1     0x2  Code  Gb  stm32f4xx_it.o [2]
WL9FM_100mSecOperationFunc
                        0x08006de1    0xca  Code  Gb  WL9F_Monitor_APP.o [2]
WL9FM_BUZZER            0x2000f628     0x8  Data  Gb  WL9F_Monitor_APP.o [2]
WL9FM_CAMERA_nRESET     0x08007f07    0x26  Code  Gb  GPIO_Control.o [2]
WL9FM_EXYNOS_PMIC_PWROFF
                        0x08007ec1    0x36  Code  Gb  GPIO_Control.o [2]
WL9FM_EXYNOS_PMIC_PWRON
                        0x08007e9d    0x24  Code  Gb  GPIO_Control.o [2]
WL9FM_EXYNOS_POWER_ONOFF
                        0x08007e95     0x8  Code  Gb  GPIO_Control.o [2]
WL9FM_GetPowerIG        0x08007f37     0x8  Code  Gb  GPIO_Control.o [2]
WL9FM_LCDBL             0x2000f650     0x4  Data  Gb  WL9F_Monitor_APP.o [2]
WL9FM_Monitor_APP       0x08006f7b    0xfc  Code  Gb  WL9F_Monitor_APP.o [2]
WL9FM_PowerIG           0x08007f2d     0xa  Code  Gb  GPIO_Control.o [2]
WL9FM_RTC               0x2000f620     0x8  Data  Gb  WL9F_Monitor_APP.o [2]
WL9FM_System_Init_Start
                        0x08006ecb    0xae  Code  Gb  WL9F_Monitor_APP.o [2]
WL9FM_TIME              0x2000f5b4    0x14  Data  Gb  WL9F_Monitor_APP.o [2]
WL9FM_USART_DATA        0x2000f0fc   0x214  Data  Gb  WL9F_Monitor_APP.o [2]
WL9FM_USART_FILE_DATA   0x2000e9c4   0x408  Data  Gb  WL9F_Monitor_APP.o [2]
WL9FM_USART_INDEX       0x2000f630     0x8  Data  Gb  WL9F_Monitor_APP.o [2]
WL9FM_USART_RX_FILE_DATA
                        0x2000e5bc   0x408  Data  Gb  WL9F_Monitor_APP.o [2]
WL9F_CAMERA_Init        0x0800aae5    0x1c  Code  Gb  TW8816_Control.o [2]
WL9F_CAN_Buffer_Init    0x0800bb45    0x2a  Code  Gb  stm32f4xx_it.o [2]
WL9F_CAN_Variables_Init
                        0x080098c5   0x208  Code  Gb  CAN_Control.o [2]
WRITE_FM31xx_RTC_Companion
                        0x080079fd    0x50  Code  Gb  FM31X4.o [2]
WRITE_RTC               0x080074ad    0xa0  Code  Gb  RTC.o [2]
WRITE_RTC_Date          0x080072d5    0x46  Code  Gb  RTC.o [2]
WRITE_RTC_Day           0x08007337    0x36  Code  Gb  RTC.o [2]
WRITE_RTC_Hour          0x0800738b    0x3e  Code  Gb  RTC.o [2]
WRITE_RTC_Minute        0x080073f5    0x3e  Code  Gb  RTC.o [2]
WRITE_RTC_Month         0x0800725f    0x46  Code  Gb  RTC.o [2]
WRITE_RTC_Second        0x08007451    0x3e  Code  Gb  RTC.o [2]
WRITE_RTC_Year          0x08007201    0x40  Code  Gb  RTC.o [2]
WWDG_IRQHandler         0x0800e1c9          Code  Wk  startup_stm32f4xx.o [2]
WriteAsicByte           0x080045b5   0x142  Code  Gb  TW2835_Control.o [2]
WriteAsicByteOSD        0x080042cb   0x114  Code  Gb  TW2835_Control.o [2]
WriteAsicTable          0x080046f7   0x146  Code  Gb  TW2835_Control.o [2]
WriteAsicTableOSD       0x080043df   0x1d6  Code  Gb  TW2835_Control.o [2]
WriteOSDBmpX            0x08005a25     0x2  Code  Gb  TW2835_OSD.o [2]
WriteOSDClrX            0x08005c49    0xfe  Code  Gb  TW2835_OSD.o [2]
WriteOSDClrY            0x08005d47    0xee  Code  Gb  TW2835_OSD.o [2]
WriteTW8816             0x0800a931     0x4  Code  Gb  TW8816_Control.o [2]
Write_CAN_Single        0x08009acd    0x40  Code  Gb  CAN_Control.o [2]
Write_UART_Single       0x08009b0d    0x62  Code  Gb  CAN_Control.o [2]
_Rand_idx               0x2000c76c     0x4  Data  Lc  rand.o [4]
_Rand_rv                0x2000c770    0x80  Data  Lc  rand.o [4]
_Randinit               0x2000c764     0x1  Data  Gb  rand.o [4]
_Randseed               0x2000c768     0x4  Data  Gb  rand.o [4]
__aeabi_memclr          0x0800dde9          Code  Gb  ABImemclr.o [6]
__aeabi_memclr4         0x0800d5b9          Code  Gb  ABImemclr4.o [6]
__aeabi_memcpy          0x0800cf1d          Code  Gb  ABImemcpy.o [6]
__aeabi_memcpy4         0x0800cf3d          Code  Gb  ABImemcpy.o [6]
__aeabi_memcpy8         0x0800cf3d          Code  Gb  ABImemcpy.o [6]
__aeabi_memset          0x0800d611          Code  Gb  ABImemset.o [6]
__aeabi_memset4         0x0800d5d5          Code  Gb  ABImemset48.o [6]
__aeabi_memset8         0x0800d5d5          Code  Gb  ABImemset48.o [6]
__cmain                 0x0800e14d          Code  Gb  cmain.o [6]
__exit                  0x0800df99    0x14  Code  Gb  exit.o [7]
__iar_Memset            0x0800d611          Code  Gb  ABImemset.o [6]
__iar_Memset4_word      0x0800d5dd          Code  Gb  ABImemset48.o [6]
__iar_Memset8_word      0x0800d5dd          Code  Gb  ABImemset48.o [6]
__iar_Memset_word       0x0800d619          Code  Gb  ABImemset.o [6]
__iar_data_init3        0x0800e0dd    0x28  Code  Gb  data_init.o [6]
__iar_dlib_perthread_access
                        0x0800c5e5     0x2  Code  Gb  xtls.o [4]
__iar_init_vfp          0x0800e131          Code  Gb  fpinit_M.o [5]
__iar_lz77_init3        0x0800de51   0x142  Code  Gb  lz77_init.o [6]
__iar_program_start     0x0800e199          Code  Gb  cstartup_M.o [6]
__iar_zero_init3        0x080071ab    0x22  Code  Gb  zero_init3.o [6]
__low_level_init        0x0800e163     0x4  Code  Gb  low_level_init.o [4]
__vector_table          0x08004000          Data  Gb  startup_stm32f4xx.o [2]
_call_main              0x0800e159          Code  Gb  cmain.o [6]
_cipherKey              0x2000c8c0     0x4  Data  Lc  endecoder.o [1]
_decodeFeistel          0x0800972d    0x4a  Code  Gb  endecoder.o [1]
_encodeFeistel          0x080096e7    0x46  Code  Gb  endecoder.o [1]
_exit                   0x0800e16d          Code  Gb  cexit.o [6]
_main                   0x0800e15f          Code  Gb  cmain.o [6]
abort                   0x0800df93     0x6  Code  Gb  abort.o [4]
adc_value               0x2000f5ac     0x2  Data  Gb  WL9F_Monitor_APP.o [2]
assert_failed           0x080064c7     0x2  Code  Gb  main.o [2]
cam_mode_change         0x080095c1    0x18  Code  Gb  LCD_Control.o [2]
cam_mode_check          0x080095b9     0x8  Code  Gb  LCD_Control.o [2]
can_status              0x2000f468     0x1  Data  Gb  CAN_Control.o [2]
can_status_buf          0x2000f46c    0x64  Data  Gb  CAN_Control.o [2]
can_tx_error_count      0x2000f469     0x1  Data  Gb  CAN_Control.o [2]
check_as_data_len       0x2000f320     0x1  Data  Gb  CAN_Control.o [2]
cmn_bot                 0x2000c68c     0x1  Data  Gb  TW2835_Control.o [2]
cmn_cnt_vs_sub          0x2000c68d     0x1  Data  Gb  TW2835_Control.o [2]
cmn_flg                 0x2000c690     0x4  Data  Gb  TW2835_Control.o [2]
ct_CHANNEL              0x2000c7f0    0x50  Data  Gb  TW2835_OSD.o [2]
decode                  0x080097d7    0x2c  Code  Gb  endecoder.o [1]
download_enable_code    0x2000ad1c     0x8  Data  Gb  M25PXX.o [2]
eepRomReadData1         0x2000f574    0x20  Data  Gb  WL9F_Monitor_APP.o [2]
encode                  0x08009781    0x56  Code  Gb  endecoder.o [1]
exit                    0x0800e167     0x4  Code  Gb  exit.o [4]
expand                  0x08009631    0x4c  Code  Gb  endecoder.o [1]
expand_tb               0x0800e178    0x10  Data  Gb  endecoder.o [1]
fatoryinit_enable_code  0x2000ad24     0x8  Data  Gb  M25PXX.o [2]
flag_skip_multi_packet  0x2000f321     0x1  Data  Gb  CAN_Control.o [2]
gAuthentication_Cnt     0x2000f538     0x1  Data  Gb  WL9F_Monitor_APP.o [2]
gRebootCmd              0x2000f549     0x1  Data  Gb  WL9F_Monitor_APP.o [2]
gRetryCheck             0x2000f539     0x1  Data  Gb  WL9F_Monitor_APP.o [2]
getKey                  0x080096b7    0x30  Code  Gb  endecoder.o [1]
gt_CHANNEL_CH1_O        0x2000b53c   0x378  Data  Gb  TW2835_OSD.o [2]
gt_CHANNEL_CH2_O        0x2000b8b4   0x378  Data  Gb  TW2835_OSD.o [2]
gt_CHANNEL_CH3_O        0x2000bc2c   0x378  Data  Gb  TW2835_OSD.o [2]
gt_CHANNEL_CH4_O        0x2000bfa4   0x378  Data  Gb  TW2835_OSD.o [2]
gt_CHANNEL_blank        0x20005eec  0x2718  Data  Gb  TW2835_OSD.o [2]
gt_CHANNEL_x            0x20008604  0x2718  Data  Gb  TW2835_OSD.o [2]
main                    0x08006495     0xa  Code  Gb  main.o [2]
memcmp                  0x0800d679          Code  Gb  memcmp.o [6]
memset                  0x0800d5bf    0x14  Code  Gb  CAN_Control.o [2]
pReadBufPos             0x2000edf0     0x2  Data  Gb  stm32f4xx_it.o [2]
pWriteBufPos            0x2000edee     0x2  Data  Gb  stm32f4xx_it.o [2]
pgn                     0x2000edf8     0x4  Data  Gb  stm32f4xx_it.o [2]
rand                    0x08007bb9    0xe0  Code  Gb  rand.o [4]
rand_value              0x2000f558     0x8  Data  Gb  WL9F_Monitor_APP.o [2]
read_RTC_Companion      0x0800777f    0x28  Code  Gb  RTC.o [2]
read_clock              0x0800671f    0x52  Code  Gb  WL9F_Monitor_APP.o [2]
recv_smartkey           0x2000f530     0x8  Data  Gb  WL9F_Monitor_APP.o [2]
ring_buf                0x2000edfc   0x300  Data  Gb  stm32f4xx_it.o [2]
rx_CMD_LAMP             0x2000f4d4     0x8  Data  Gb  LAMP_Control.o [2]
rx_Realy_Control        0x2000f614     0x8  Data  Gb  LAMP_Control.o [2]
s_boxA                  0x0800e09c    0x40  Data  Gb  endecoder.o [1]
send_smartkey           0x2000f550     0x8  Data  Gb  WL9F_Monitor_APP.o [2]
setCipherParam          0x08009777     0xa  Code  Gb  endecoder.o [1]
smk_flag_data           0x2000f568     0x4  Data  Gb  WL9F_Monitor_APP.o [2]
tbl_ntsc_pg2_2dbox      0x2000c6e4    0x20  Data  Gb  TW2835_Control.o [2]
tbl_ntsc_pg2_mtn        0x2000c704    0x20  Data  Gb  TW2835_Control.o [2]
tbl_pal_pg2_2dbox       0x2000c724    0x20  Data  Gb  TW2835_Control.o [2]
tbl_pal_pg2_mtn         0x2000c744    0x20  Data  Gb  TW2835_Control.o [2]
tbl_pg2_mse_box         0x2000c694    0x50  Data  Gb  TW2835_Control.o [2]
temp1024                0x2000ad38   0x400  Data  Gb  M25PXX.o [2]
temp3                   0x2000ad30     0x8  Data  Gb  M25PXX.o [2]
temp_crc                0x2000ad2e     0x2  Data  Gb  M25PXX.o [2]
tmpBuf                  0x2000f330     0x8  Data  Gb  CAN_Control.o [2]
tp_cm_bam               0x2000f328     0x4  Data  Gb  CAN_Control.o [2]
write_RTC_Companion     0x0800775b    0x1a  Code  Gb  RTC.o [2]


[1] = D:\Project\[SVN] ECS-RD12-16 - WL9F Monitor - STM32_APP\[MASS]\Platform\COMMON\SRC
[2] = D:\Project\[SVN] ECS-RD12-16 - WL9F Monitor - STM32_APP\[MASS]\Project\Debug\Obj
[3] = command line
[4] = dl7M_tlf.a
[5] = m7M_tlv.a
[6] = rt7M_tl.a
[7] = shb_l.a

  41 618 bytes of readonly  code memory
   6 683 bytes of readonly  data memory
  65 118 bytes of readwrite data memory

Errors: none
Warnings: none
